08-12 22:49:04.725  1726  2189 I AutomaticBrightnessControllerInjector: drop the lightsensor event! lux=6.0829687
08-12 22:49:04.842  1726  2114 I ActivityManager: Start proc 25959:com.google.process.gservices/u0a192 for content provider {com.google.android.gsf/com.google.android.gsf.gservices.GservicesProvider} caller=com.google.android.apps.photos
08-12 22:49:04.849  1726  2189 I AutomaticBrightnessControllerInjector: drop the lightsensor event! lux=5.94
08-12 22:49:04.849  1726  2189 I AutomaticBrightnessControllerInjector: drop the lightsensor event! lux=6.10199
08-12 22:49:04.925  1726  2189 I AutomaticBrightnessControllerInjector: drop the lightsensor event! lux=8.235001
08-12 22:49:04.925  1726  2189 I AutomaticBrightnessControllerInjector: drop the lightsensor event! lux=6.203136
08-12 22:49:05.030  1726  2189 I AutomaticBrightnessControllerInjector: drop the lightsensor event! lux=5.94
08-12 22:49:05.030  1726  2189 I AutomaticBrightnessControllerInjector: drop the lightsensor event! lux=6.206219
08-12 22:49:05.138  1726  2114 I ActivityManager: Start proc 26037:com.facebook.katana/u0a235 for content provider {com.facebook.katana/com.facebook.platform.common.provider.PlatformProviderBase} caller=br.com.timbrasil.meutim
08-12 22:49:05.210  1726  2189 I AutomaticBrightnessControllerInjector: drop the lightsensor event! lux=7.8300004
08-12 22:49:05.210  1726  2189 I AutomaticBrightnessControllerInjector: drop the lightsensor event! lux=6.300992
08-12 22:49:05.302 25776 25776 W Looper  : PerfMonitor longMsg : seq=2 plan=22:49:03.968 late=4ms wall=1329ms running=266ms runnable=230ms io=259ms reclaim=9ms h=android.app.ActivityThread$H w=110 procState=8
08-12 22:49:05.305 25776 25776 W Looper  : PerfMonitor doFrame : time=0ms vsyncFrame=0 latency=540ms procState=8 historyMsgCount=4 (msgIndex=1 wall=1329ms seq=2 running=266ms runnable=230ms io=259ms reclaim=9ms late=4ms h=android.app.ActivityThread$H w=110)
08-12 22:49:05.381 25817 25931 W BpBinder: Slow Binder: BpBinder transact took 600 ms, interface=android.app.IActivityManager, code=22 oneway=false
08-12 22:49:05.388 25768 25930 W BpBinder: Slow Binder: BpBinder transact took 349 ms, interface=android.app.IActivityManager, code=22 oneway=false
08-12 22:49:05.440  1726  2338 I ActivityManager: Killing 25817:com.google.android.apps.photos/u0a222 (adj 905): MiuiMemoryService(cch-empty)
08-12 22:49:05.441  1726  2338 I Process : PerfMonitor : current process sending signal quiet. PID: 25817 SIG: 9
08-12 22:49:05.444  1726  2123 I Process : PerfMonitor : current process killing process group. PID: 25817
08-12 22:49:05.527  1726  2114 I ActivityManager: Start proc 26103:com.qti.diagservices/1000 for service {com.qti.diagservices/com.qti.diagservices.QTIDiagServices} caller=com.qti.diagservices
08-12 22:49:05.534  1726  2338 I ActivityManager: Killing 22619:com.whatsapp/u0a231 (adj 800): MiuiMemoryService(started-services)
08-12 22:49:05.535  1726  2338 I Process : PerfMonitor : current process sending signal quiet. PID: 22619 SIG: 9
08-12 22:49:05.548  1726  2123 I Process : PerfMonitor : current process killing process group. PID: 22619
08-12 22:49:05.574  1726  4572 I WindowManager: WIN DEATH: Window{120d060 mode=1 rootTaskId=1 u0 LauncherMinusOneScreen}
08-12 22:49:05.575  1726  2338 I ActivityManager: Killing 25198:com.android.settings/1000 (adj 500): MiuiMemoryService(started-services)
08-12 22:49:05.582  1726  3121 I ActivityManager: Process com.mi.android.globalminusscreen (pid 26745) has died: cch CACC
08-12 22:49:05.593  1726  3121 W ActivityManager: Scheduling restart of crashed service com.mi.android.globalminusscreen/com.google.mi.apps.gsa.nowoverlayservice.DrawerOverlayService in 29867ms for connection
08-12 22:49:05.620  1726  2093 W ActivityManager: setHasOverlayUi called on unknown pid: 26745
08-12 22:49:05.625  1726  2338 I Process : PerfMonitor : current process sending signal quiet. PID: 25198 SIG: 9
08-12 22:49:05.671  1726  2338 I ActivityManager: Killing 25776:com.reddit.frontpage/u0a385 (adj 250): MiuiMemoryService(service)
08-12 22:49:05.671  1726  2338 I Process : PerfMonitor : current process sending signal quiet. PID: 25776 SIG: 9
08-12 22:49:05.741  1726  3121 W ActivityManager: Scheduling restart of crashed service com.android.settings/.connecteddevice.usb.MiUsbService in 29719ms for start-requested
08-12 22:49:05.775  1726  2123 I Process : PerfMonitor : current process killing process group. PID: 26745
08-12 22:49:05.775  1726  2123 I Process : PerfMonitor : current process killing process group. PID: 25198
08-12 22:49:05.775  1726  2123 I Process : PerfMonitor : current process killing process group. PID: 25776
08-12 22:49:05.792 25768 25768 W Looper  : PerfMonitor longMsg : seq=2 plan=22:49:03.953 late=3ms wall=1835ms running=329ms runnable=355ms io=275ms reclaim=14ms h=android.app.ActivityThread$H w=110 procState=8
08-12 22:49:05.828 25786 25786 W Looper  : PerfMonitor longMsg : seq=2 plan=22:49:03.998 late=4ms wall=1826ms running=272ms runnable=211ms io=330ms reclaim=4ms h=android.app.ActivityThread$H w=110 procState=8
08-12 22:49:05.831 25786 25786 W Looper  : PerfMonitor doFrame : time=0ms vsyncFrame=0 latency=999ms procState=8 historyMsgCount=3 (msgIndex=1 wall=1826ms seq=2 running=272ms runnable=211ms io=330ms reclaim=4ms late=4ms h=android.app.ActivityThread$H w=110)
08-12 22:49:05.885  1726  4628 W ActivityManager: Scheduling restart of crashed service com.whatsapp/.messaging.MessageService in 39575ms for start-requested
08-12 22:49:06.023 25768 26005 W BpBinder: Slow Binder: BpBinder transact took 981 ms, interface=android.app.IActivityManager, code=22 oneway=false
08-12 22:49:06.539   850   931 E FrameworkListener: read() failed (Connection reset by peer)
08-12 22:49:06.606  1726  4719 I AutoStartManagerService: MIUILOG- Reject RestartService packageName :com.reddit.frontpage uid : 10385
08-12 22:49:06.811 25768 26005 W BpBinder: Slow Binder: BpBinder transact took 788 ms, interface=android.content.IContentProvider, code=1 oneway=false
08-12 22:49:07.548  1726  2189 I AutomaticBrightnessControllerInjector: drop the lightsensor event! lux=5.0625
08-12 22:49:07.549  1726  2189 I AutomaticBrightnessControllerInjector: drop the lightsensor event! lux=6.4832134
08-12 22:49:07.729  1726  2189 I AutomaticBrightnessControllerInjector: drop the lightsensor event! lux=5.94
08-12 22:49:07.729  1726  2189 I AutomaticBrightnessControllerInjector: drop the lightsensor event! lux=6.302178
08-12 22:49:07.909  1726  2189 I AutomaticBrightnessControllerInjector: drop the lightsensor event! lux=6.4125004
08-12 22:49:07.909  1726  2189 I AutomaticBrightnessControllerInjector: drop the lightsensor event! lux=6.177222
08-12 22:49:07.925  1726  2189 I AutomaticBrightnessControllerInjector: drop the lightsensor event! lux=6.4125004
08-12 22:49:07.925  1726  2189 I AutomaticBrightnessControllerInjector: drop the lightsensor event! lux=6.1680994
08-12 22:49:07.948 26037 26173 W BpBinder: Slow Binder: BpBinder transact took 241 ms, interface=com.android.internal.app.IBatteryStats, code=84 oneway=false
08-12 22:49:08.088  1726  2189 I AutomaticBrightnessControllerInjector: drop the lightsensor event! lux=6.885
08-12 22:49:08.088  1726  2189 I AutomaticBrightnessControllerInjector: drop the lightsensor event! lux=6.231359
08-12 22:49:08.160 25768 26019 W BpBinder: Slow Binder: BpBinder transact took 2133 ms, interface=android.content.IContentProvider, code=1 oneway=false
08-12 22:49:08.180 25768 26004 W BpBinder: Slow Binder: BpBinder transact took 2150 ms, interface=android.content.IContentProvider, code=1 oneway=false
08-12 22:49:08.201 25768 26003 W BpBinder: Slow Binder: BpBinder transact took 2172 ms, interface=android.content.IContentProvider, code=1 oneway=false
08-12 22:49:08.268  1726  2189 I AutomaticBrightnessControllerInjector: drop the lightsensor event! lux=6.4125004
08-12 22:49:08.268  1726  2189 I AutomaticBrightnessControllerInjector: drop the lightsensor event! lux=6.293567
08-12 22:49:08.448  1726  2189 I AutomaticBrightnessControllerInjector: drop the lightsensor event! lux=6.4125004
08-12 22:49:08.449  1726  2189 I AutomaticBrightnessControllerInjector: drop the lightsensor event! lux=6.3313885
08-12 22:49:08.629  1726  2189 I AutomaticBrightnessControllerInjector: drop the lightsensor event! lux=6.4125004
08-12 22:49:08.629  1726  2189 I AutomaticBrightnessControllerInjector: drop the lightsensor event! lux=6.3686066
08-12 22:49:08.659  1726  2189 I AutomaticBrightnessControllerInjector: drop the lightsensor event! lux=5.94
08-12 22:49:08.659  1726  2189 I AutomaticBrightnessControllerInjector: drop the lightsensor event! lux=6.345338
08-12 22:49:08.809  1726  2189 I AutomaticBrightnessControllerInjector: drop the lightsensor event! lux=6.885
08-12 22:49:08.810  1726  2189 I AutomaticBrightnessControllerInjector: drop the lightsensor event! lux=6.3293843
08-12 22:49:08.858  1726  2189 I AutomaticBrightnessControllerInjector: drop the lightsensor event! lux=7.3575
08-12 22:49:08.858  1726  2189 I AutomaticBrightnessControllerInjector: drop the lightsensor event! lux=6.3629417
08-12 22:49:08.988  1726  2189 I AutomaticBrightnessControllerInjector: drop the lightsensor event! lux=5.94
08-12 22:49:08.988  1726  2189 I AutomaticBrightnessControllerInjector: drop the lightsensor event! lux=6.3536406
08-12 22:49:09.167  1726  2114 I ActivityManager: Start proc 26353:com.reddit.frontpage/u0a385 for service {com.reddit.frontpage/androidx.work.impl.background.systemjob.SystemJobService} caller=android
08-12 22:49:09.168  1726  2189 I AutomaticBrightnessControllerInjector: drop the lightsensor event! lux=6.885
08-12 22:49:09.169  1726  2189 I AutomaticBrightnessControllerInjector: drop the lightsensor event! lux=6.360089
08-12 22:49:09.348  1726  2189 I AutomaticBrightnessControllerInjector: drop the lightsensor event! lux=6.885
08-12 22:49:09.348  1726  2189 I AutomaticBrightnessControllerInjector: drop the lightsensor event! lux=6.376122
08-12 22:49:09.392  1726  2189 I AutomaticBrightnessControllerInjector: drop the lightsensor event! lux=5.5350003
08-12 22:49:09.392  1726  2189 I AutomaticBrightnessControllerInjector: drop the lightsensor event! lux=6.312055
08-12 22:49:09.529  1726  2189 I AutomaticBrightnessControllerInjector: drop the lightsensor event! lux=6.4125004
08-12 22:49:09.530  1726  2189 I AutomaticBrightnessControllerInjector: drop the lightsensor event! lux=6.2966995
08-12 22:49:09.594  1726  2189 I AutomaticBrightnessControllerInjector: drop the lightsensor event! lux=6.4125004
08-12 22:49:09.594  1726  2189 I AutomaticBrightnessControllerInjector: drop the lightsensor event! lux=6.322522
08-12 22:49:09.708  1726  2189 I AutomaticBrightnessControllerInjector: drop the lightsensor event! lux=6.885
08-12 22:49:09.708  1726  2189 I AutomaticBrightnessControllerInjector: drop the lightsensor event! lux=6.4142213
08-12 22:49:09.888  1726  2189 I AutomaticBrightnessControllerInjector: drop the lightsensor event! lux=5.94
08-12 22:49:09.888  1726  2189 I AutomaticBrightnessControllerInjector: drop the lightsensor event! lux=6.4517174
08-12 22:49:09.925  1726  2189 I AutomaticBrightnessControllerInjector: drop the lightsensor event! lux=6.885
08-12 22:49:09.925  1726  2189 I AutomaticBrightnessControllerInjector: drop the lightsensor event! lux=6.4966626
08-12 22:49:10.070  1726  2189 I AutomaticBrightnessControllerInjector: drop the lightsensor event! lux=6.4125004
08-12 22:49:10.070  1726  2189 I AutomaticBrightnessControllerInjector: drop the lightsensor event! lux=6.506719
08-12 22:49:10.127  1726  2189 I AutomaticBrightnessControllerInjector: drop the lightsensor event! lux=6.4125004
08-12 22:49:10.127  1726  2189 I AutomaticBrightnessControllerInjector: drop the lightsensor event! lux=6.498389
08-12 22:49:10.249  1726  2189 I AutomaticBrightnessControllerInjector: drop the lightsensor event! lux=6.885
08-12 22:49:10.249  1726  2189 I AutomaticBrightnessControllerInjector: drop the lightsensor event! lux=6.498143
08-12 22:49:10.325  1726  2189 I AutomaticBrightnessControllerInjector: drop the lightsensor event! lux=5.94
08-12 22:49:10.325  1726  2189 I AutomaticBrightnessControllerInjector: drop the lightsensor event! lux=6.4627595
08-12 22:49:10.430  1726  2189 I AutomaticBrightnessControllerInjector: drop the lightsensor event! lux=5.94
08-12 22:49:10.430  1726  2189 I AutomaticBrightnessControllerInjector: drop the lightsensor event! lux=6.435971
08-12 22:49:10.608  1726  2189 I AutomaticBrightnessControllerInjector: drop the lightsensor event! lux=5.94
08-12 22:49:10.608  1726  2189 I AutomaticBrightnessControllerInjector: drop the lightsensor event! lux=6.391183
08-12 22:49:10.658  1726  2189 I AutomaticBrightnessControllerInjector: drop the lightsensor event! lux=6.885
08-12 22:49:10.658  1726  2189 I AutomaticBrightnessControllerInjector: drop the lightsensor event! lux=6.428716
08-12 22:49:10.789  1726  2189 I AutomaticBrightnessControllerInjector: drop the lightsensor event! lux=5.5350003
08-12 22:49:10.789  1726  2189 I AutomaticBrightnessControllerInjector: drop the lightsensor event! lux=6.4153895
08-12 22:49:10.858  1726  2189 I AutomaticBrightnessControllerInjector: drop the lightsensor event! lux=5.5350003
08-12 22:49:10.858  1726  2189 I AutomaticBrightnessControllerInjector: drop the lightsensor event! lux=6.3774567
08-12 22:49:10.968  1726  2189 I AutomaticBrightnessControllerInjector: drop the lightsensor event! lux=6.885
08-12 22:49:10.969  1726  2189 I AutomaticBrightnessControllerInjector: drop the lightsensor event! lux=6.354646
08-12 22:49:11.149  1726  2189 I AutomaticBrightnessControllerInjector: drop the lightsensor event! lux=6.885
08-12 22:49:11.150  1726  2189 I AutomaticBrightnessControllerInjector: drop the lightsensor event! lux=6.4246774
08-12 22:49:11.328  1726  2189 I AutomaticBrightnessControllerInjector: drop the lightsensor event! lux=5.0625
08-12 22:49:11.329  1726  2189 I AutomaticBrightnessControllerInjector: drop the lightsensor event! lux=6.344765
08-12 22:49:11.392  1726  2189 I AutomaticBrightnessControllerInjector: drop the lightsensor event! lux=6.4125004
08-12 22:49:11.392  1726  2189 I AutomaticBrightnessControllerInjector: drop the lightsensor event! lux=6.3581576
08-12 22:49:11.509  1726  2189 I AutomaticBrightnessControllerInjector: drop the lightsensor event! lux=6.4125004
08-12 22:49:11.509  1726  2189 I AutomaticBrightnessControllerInjector: drop the lightsensor event! lux=6.401404
08-12 22:49:11.689  1726  2189 I AutomaticBrightnessControllerInjector: drop the lightsensor event! lux=5.5350003
08-12 22:49:11.689  1726  2189 I AutomaticBrightnessControllerInjector: drop the lightsensor event! lux=6.362729
08-12 22:49:11.868  1726  2189 I AutomaticBrightnessControllerInjector: drop the lightsensor event! lux=6.885
08-12 22:49:11.869  1726  2189 I AutomaticBrightnessControllerInjector: drop the lightsensor event! lux=6.320665
08-12 22:49:11.925  1726  2189 I AutomaticBrightnessControllerInjector: drop the lightsensor event! lux=5.5350003
08-12 22:49:11.925  1726  2189 I AutomaticBrightnessControllerInjector: drop the lightsensor event! lux=6.2670827
08-12 22:49:12.048  1726  2189 I AutomaticBrightnessControllerInjector: drop the lightsensor event! lux=5.5350003
08-12 22:49:12.048  1726  2189 I AutomaticBrightnessControllerInjector: drop the lightsensor event! lux=6.1876225
08-12 22:49:12.125  1726  2189 I AutomaticBrightnessControllerInjector: drop the lightsensor event! lux=6.885
08-12 22:49:12.125  1726  2189 I AutomaticBrightnessControllerInjector: drop the lightsensor event! lux=6.220719
08-12 22:49:12.230  1726  2189 I AutomaticBrightnessControllerInjector: drop the lightsensor event! lux=6.885
08-12 22:49:12.230  1726  2189 I AutomaticBrightnessControllerInjector: drop the lightsensor event! lux=6.2491093
08-12 22:49:12.409  1726  2189 I AutomaticBrightnessControllerInjector: drop the lightsensor event! lux=6.885
08-12 22:49:12.409  1726  2189 I AutomaticBrightnessControllerInjector: drop the lightsensor event! lux=6.29861
08-12 22:49:12.589  1726  2189 I AutomaticBrightnessControllerInjector: drop the lightsensor event! lux=7.3575
08-12 22:49:12.589  1726  2189 I AutomaticBrightnessControllerInjector: drop the lightsensor event! lux=6.4061904
08-12 22:49:12.658  1726  2189 I AutomaticBrightnessControllerInjector: drop the lightsensor event! lux=6.885
08-12 22:49:12.658  1726  2189 I AutomaticBrightnessControllerInjector: drop the lightsensor event! lux=6.4295335
08-12 22:49:12.769  1726  2189 I AutomaticBrightnessControllerInjector: drop the lightsensor event! lux=6.4125004
08-12 22:49:12.769  1726  2189 I AutomaticBrightnessControllerInjector: drop the lightsensor event! lux=6.410257
08-12 22:49:12.949  1726  2189 I AutomaticBrightnessControllerInjector: drop the lightsensor event! lux=5.94
08-12 22:49:12.949  1726  2189 I AutomaticBrightnessControllerInjector: drop the lightsensor event! lux=6.439832
08-12 22:49:13.129  1726  2189 I AutomaticBrightnessControllerInjector: drop the lightsensor event! lux=5.94
08-12 22:49:13.129  1726  2189 I AutomaticBrightnessControllerInjector: drop the lightsensor event! lux=6.3698416
08-12 22:49:13.308  1726  2189 I AutomaticBrightnessControllerInjector: drop the lightsensor event! lux=7.3575
08-12 22:49:13.308  1726  2189 I AutomaticBrightnessControllerInjector: drop the lightsensor event! lux=6.365931
08-12 22:49:13.489  1726  2189 I AutomaticBrightnessControllerInjector: drop the lightsensor event! lux=6.4125004
08-12 22:49:13.489  1726  2189 I AutomaticBrightnessControllerInjector: drop the lightsensor event! lux=6.4385943
08-12 22:49:13.669  1726  2189 I AutomaticBrightnessControllerInjector: drop the lightsensor event! lux=5.5350003
08-12 22:49:13.670  1726  2189 I AutomaticBrightnessControllerInjector: drop the lightsensor event! lux=6.391893
08-12 22:49:13.727  1726  2113 W BroadcastQueue: Permission Denial: broadcasting Intent { act=android.net.conn.CONNECTIVITY_CHANGE flg=0x4200010 (has extras) } from null (pid=-1, uid=-1) requires com.facebook.permission.prod.FB_APP_COMMUNICATION due to registered receiver BroadcastFilter{5d8375c 10235/u0 ReceiverList{f12f1cf 26037 com.facebook.katana/10235/u0 remote:381122e}}
08-12 22:49:13.848  1726  2189 I AutomaticBrightnessControllerInjector: drop the lightsensor event! lux=6.4125004
08-12 22:49:13.848  1726  2189 I AutomaticBrightnessControllerInjector: drop the lightsensor event! lux=6.414241
08-12 22:49:13.858  1726  2189 I AutomaticBrightnessControllerInjector: drop the lightsensor event! lux=6.885
08-12 22:49:13.858  1726  2189 I AutomaticBrightnessControllerInjector: drop the lightsensor event! lux=6.4429107
08-12 22:49:14.029  1726  2189 I AutomaticBrightnessControllerInjector: drop the lightsensor event! lux=5.94
08-12 22:49:14.029  1726  2189 I AutomaticBrightnessControllerInjector: drop the lightsensor event! lux=6.465521
08-12 22:49:14.078  1726  2114 I ActivityManager: Start proc 26485:com.facebook.appmanager/u0a136 for content provider {com.facebook.appmanager/com.facebook.oxygen.appmanager.firstparty.crashreporter.FirstPartyCrashReporterProvider} caller=com.facebook.katana
08-12 22:49:14.209  1726  2189 I AutomaticBrightnessControllerInjector: drop the lightsensor event! lux=6.4125004
08-12 22:49:14.209  1726  2189 I AutomaticBrightnessControllerInjector: drop the lightsensor event! lux=6.4627433
08-12 22:49:14.390  1726  2189 I AutomaticBrightnessControllerInjector: drop the lightsensor event! lux=6.885
08-12 22:49:14.390  1726  2189 I AutomaticBrightnessControllerInjector: drop the lightsensor event! lux=6.4508424
08-12 22:49:14.410 26037 26228 W BpBinder: Slow Binder: BpBinder transact took 363 ms, interface=android.app.IActivityManager, code=22 oneway=false
08-12 22:49:14.569  1726  2189 I AutomaticBrightnessControllerInjector: drop the lightsensor event! lux=6.885
08-12 22:49:14.569  1726  2189 I AutomaticBrightnessControllerInjector: drop the lightsensor event! lux=6.459221
08-12 22:49:14.570 26037 26250 E ActivityThread: Failed to find provider info for com.android.launcher3.cornermark.unreadbadge
08-12 22:49:14.592  1726  2189 I AutomaticBrightnessControllerInjector: drop the lightsensor event! lux=6.4125004
08-12 22:49:14.593  1726  2189 I AutomaticBrightnessControllerInjector: drop the lightsensor event! lux=6.4349203
08-12 22:49:14.675  1726  2114 I ActivityManager: Start proc 26522:com.facebook.system/u0a90 for content provider {com.facebook.system/com.facebook.oxygen.installer.api.AppManagerApiProvider} caller=com.facebook.appmanager
08-12 22:49:14.749  1726  2189 I AutomaticBrightnessControllerInjector: drop the lightsensor event! lux=7.8300004
08-12 22:49:14.749  1726  2189 I AutomaticBrightnessControllerInjector: drop the lightsensor event! lux=6.4652343
08-12 22:49:14.792  1726  2189 I AutomaticBrightnessControllerInjector: drop the lightsensor event! lux=5.5350003
08-12 22:49:14.792  1726  2189 I AutomaticBrightnessControllerInjector: drop the lightsensor event! lux=6.3720427
08-12 22:49:14.897 26485 26520 W BpBinder: Slow Binder: BpBinder transact took 243 ms, interface=android.app.IActivityManager, code=22 oneway=false
08-12 22:49:14.933  1726  2189 I AutomaticBrightnessControllerInjector: drop the lightsensor event! lux=5.5350003
08-12 22:49:14.934  1726  2189 I AutomaticBrightnessControllerInjector: drop the lightsensor event! lux=6.3074393
08-12 22:49:14.947 26485 26520 E ActivityThread: Failed to find provider info for com.facebook.appmanager.nekodirect
08-12 22:49:14.951  1726  2114 I ActivityManager: Start proc 26554:com.facebook.services/u0a101 for service {com.facebook.services/com.facebook.oxygen.services.fbns.PreloadedFbnsService} caller=com.facebook.katana
08-12 22:49:15.109  1726  2189 I AutomaticBrightnessControllerInjector: drop the lightsensor event! lux=6.4125004
08-12 22:49:15.109  1726  2189 I AutomaticBrightnessControllerInjector: drop the lightsensor event! lux=6.3061895
08-12 22:49:15.288  1726  2189 I AutomaticBrightnessControllerInjector: drop the lightsensor event! lux=5.5350003
08-12 22:49:15.288  1726  2189 I AutomaticBrightnessControllerInjector: drop the lightsensor event! lux=6.296946
08-12 22:49:15.325  1726  2189 I AutomaticBrightnessControllerInjector: drop the lightsensor event! lux=6.4125004
08-12 22:49:15.325  1726  2189 I AutomaticBrightnessControllerInjector: drop the lightsensor event! lux=6.323745
08-12 22:49:15.468  1726  2189 I AutomaticBrightnessControllerInjector: drop the lightsensor event! lux=5.5350003
08-12 22:49:15.468  1726  2189 I AutomaticBrightnessControllerInjector: drop the lightsensor event! lux=6.2221856
08-12 22:49:15.493  1726  2114 I ActivityManager: Start proc 26610:com.qualcomm.telephony/u0a214 for service {com.qualcomm.atfwd/com.qualcomm.atfwd.AtFwdService} caller=com.qualcomm.atfwd
08-12 22:49:15.526  1726  2189 I AutomaticBrightnessControllerInjector: drop the lightsensor event! lux=5.5350003
08-12 22:49:15.526  1726  2189 I AutomaticBrightnessControllerInjector: drop the lightsensor event! lux=6.188925
08-12 22:49:15.649  1726  2189 I AutomaticBrightnessControllerInjector: drop the lightsensor event! lux=5.5350003
08-12 22:49:15.649  1726  2189 I AutomaticBrightnessControllerInjector: drop the lightsensor event! lux=6.134415
08-12 22:49:15.829  1726  2189 I AutomaticBrightnessControllerInjector: drop the lightsensor event! lux=5.5350003
08-12 22:49:15.830  1726  2189 I AutomaticBrightnessControllerInjector: drop the lightsensor event! lux=6.11506
08-12 22:49:15.863  1726  2189 I AutomaticBrightnessControllerInjector: drop the lightsensor event! lux=6.885
08-12 22:49:15.864  1726  2189 I AutomaticBrightnessControllerInjector: drop the lightsensor event! lux=6.17766
08-12 22:49:15.971  1726  2090 W Looper  : Slow dispatch took 120ms android.fg h=android.os.Handler c=<recycled PooledLambda@667c382> m=0
08-12 22:49:16.009  1726  2189 I AutomaticBrightnessControllerInjector: drop the lightsensor event! lux=6.4125004
08-12 22:49:16.009  1726  2189 I AutomaticBrightnessControllerInjector: drop the lightsensor event! lux=6.163759
08-12 22:49:16.058  1726  2189 I AutomaticBrightnessControllerInjector: drop the lightsensor event! lux=6.885
08-12 22:49:16.058  1726  2189 I AutomaticBrightnessControllerInjector: drop the lightsensor event! lux=6.191683
08-12 22:49:16.082  1726  2090 W Looper  : Slow delivery took 263ms android.fg h=android.os.Handler c=<recycled PooledLambda@8242134> m=0
08-12 22:49:16.157  1726  2338 I ActivityManager: Killing 25959:com.google.process.gservices/u0a192 (adj 945): MiuiMemoryService(cch-empty)
08-12 22:49:16.157  1726  2338 I Process : PerfMonitor : current process sending signal quiet. PID: 25959 SIG: 9
08-12 22:49:16.158  1726  2123 I Process : PerfMonitor : current process killing process group. PID: 25959
08-12 22:49:16.184  1726  2090 W Looper  : Slow dispatch took 102ms android.fg h=android.os.Handler c=<recycled PooledLambda@3c768ac> m=0
08-12 22:49:16.188  1726  2189 I AutomaticBrightnessControllerInjector: drop the lightsensor event! lux=6.885
08-12 22:49:16.188  1726  2189 I AutomaticBrightnessControllerInjector: drop the lightsensor event! lux=6.252888
08-12 22:49:16.195  1726  2338 I ActivityManager: Killing 25768:br.com.timbrasil.meutim/u0a265 (adj 935): MiuiMemoryService(cch-empty)
08-12 22:49:16.196  1726  2338 I Process : PerfMonitor : current process sending signal quiet. PID: 25768 SIG: 9
08-12 22:49:16.203  1726  2123 I Process : PerfMonitor : current process killing process group. PID: 25768
08-12 22:49:16.247  1726  2114 I ActivityManager: Start proc 26685:com.instagram.android/u0a239 for broadcast {com.instagram.android/com.instagram.push.FbnsInitBroadcastReceiver} caller=com.facebook.services
08-12 22:49:16.251  1726  2338 I ActivityManager: Killing 25786:com.microsoft.office.outlook/u0a248 (adj 925): MiuiMemoryService(cch-empty)
08-12 22:49:16.251  1726  2338 I Process : PerfMonitor : current process sending signal quiet. PID: 25786 SIG: 9
08-12 22:49:16.258  1726  2189 I AutomaticBrightnessControllerInjector: drop the lightsensor event! lux=5.5350003
08-12 22:49:16.258  1726  2189 I AutomaticBrightnessControllerInjector: drop the lightsensor event! lux=6.2043915
08-12 22:49:16.314  1726  2090 W Looper  : Drained
08-12 22:49:16.368  1726  2189 I AutomaticBrightnessControllerInjector: drop the lightsensor event! lux=6.885
08-12 22:49:16.368  1726  2189 I AutomaticBrightnessControllerInjector: drop the lightsensor event! lux=6.227229
08-12 22:49:16.378  1726  2123 I Process : PerfMonitor : current process killing process group. PID: 25786
08-12 22:49:16.548  1726  2189 I AutomaticBrightnessControllerInjector: drop the lightsensor event! lux=6.4125004
08-12 22:49:16.548  1726  2189 I AutomaticBrightnessControllerInjector: drop the lightsensor event! lux=6.2195954
08-12 22:49:16.591  1726  2189 I AutomaticBrightnessControllerInjector: drop the lightsensor event! lux=6.4125004
08-12 22:49:16.591  1726  2189 I AutomaticBrightnessControllerInjector: drop the lightsensor event! lux=6.212025
08-12 22:49:16.729  1726  2189 I AutomaticBrightnessControllerInjector: drop the lightsensor event! lux=5.5350003
08-12 22:49:16.729  1726  2189 I AutomaticBrightnessControllerInjector: drop the lightsensor event! lux=6.168852
08-12 22:49:16.791  1726  2189 I AutomaticBrightnessControllerInjector: drop the lightsensor event! lux=6.885
08-12 22:49:16.791  1726  2189 I AutomaticBrightnessControllerInjector: drop the lightsensor event! lux=6.1881595
08-12 22:49:16.908  1726  2189 I AutomaticBrightnessControllerInjector: drop the lightsensor event! lux=6.4125004
08-12 22:49:16.908  1726  2189 I AutomaticBrightnessControllerInjector: drop the lightsensor event! lux=6.23748
08-12 22:49:17.089  1726  2189 I AutomaticBrightnessControllerInjector: drop the lightsensor event! lux=6.4125004
08-12 22:49:17.089  1726  2189 I AutomaticBrightnessControllerInjector: drop the lightsensor event! lux=6.307037
08-12 22:49:17.269  1726  2189 I AutomaticBrightnessControllerInjector: drop the lightsensor event! lux=6.885
08-12 22:49:17.269  1726  2189 I AutomaticBrightnessControllerInjector: drop the lightsensor event! lux=6.3419495
08-12 22:49:17.281  1726  1726 W Looper  : PerfMonitor longMsg : seq=72781 plan=22:49:15.626 late=0ms wall=1655ms running=340ms runnable=105ms io=354ms h=android.app.ActivityThread$H c=android.app.-$$Lambda$LoadedApk$ReceiverDispatcher$Args$_BumDX2UKsnxLVrE6UJsJZkotuA procState=0
08-12 22:49:17.281  1726  1726 W Looper  : Slow dispatch took 1655ms main h=android.app.ActivityThread$H c=android.app.-$$Lambda$LoadedApk$ReceiverDispatcher$Args$_BumDX2UKsnxLVrE6UJsJZkotuA@19ab1b6 m=0
08-12 22:49:17.281  1726  1726 W Looper  : Slow delivery took 1652ms main h=android.app.ActivityThread$H c=android.app.-$$Lambda$LoadedApk$ReceiverDispatcher$Args$_BumDX2UKsnxLVrE6UJsJZkotuA@9c74eb7 m=0
08-12 22:49:17.327  1726  2189 I AutomaticBrightnessControllerInjector: drop the lightsensor event! lux=6.885
08-12 22:49:17.327  1726  2189 I AutomaticBrightnessControllerInjector: drop the lightsensor event! lux=6.3706503
08-12 22:49:17.328  1726  2114 I ActivityManager: Start proc 26720:com.google.android.permissioncontroller/u0a95 for service {com.google.android.permissioncontroller/com.android.permissioncontroller.permission.service.PermissionControllerServiceImpl} caller=android
08-12 22:49:17.449  1726  2189 I AutomaticBrightnessControllerInjector: drop the lightsensor event! lux=6.885
08-12 22:49:17.449  1726  2189 I AutomaticBrightnessControllerInjector: drop the lightsensor event! lux=6.4018683
08-12 22:49:17.524  1726  2189 I AutomaticBrightnessControllerInjector: drop the lightsensor event! lux=6.4125004
08-12 22:49:17.525  1726  2189 I AutomaticBrightnessControllerInjector: drop the lightsensor event! lux=6.4165025
08-12 22:49:17.631  1726  2189 I AutomaticBrightnessControllerInjector: drop the lightsensor event! lux=6.885
08-12 22:49:17.632  1726  2189 I AutomaticBrightnessControllerInjector: drop the lightsensor event! lux=6.480885
08-12 22:49:17.809  1726  2189 I AutomaticBrightnessControllerInjector: drop the lightsensor event! lux=6.4125004
08-12 22:49:17.809  1726  2189 I AutomaticBrightnessControllerInjector: drop the lightsensor event! lux=6.564128
08-12 22:49:17.858  1726  2189 I AutomaticBrightnessControllerInjector: drop the lightsensor event! lux=5.5350003
08-12 22:49:17.858  1726  2189 I AutomaticBrightnessControllerInjector: drop the lightsensor event! lux=6.534971
08-12 22:49:17.988  1726  2189 I AutomaticBrightnessControllerInjector: drop the lightsensor event! lux=6.885
08-12 22:49:17.988  1726  2189 I AutomaticBrightnessControllerInjector: drop the lightsensor event! lux=6.5214643
08-12 22:49:18.043  1726  1726 W Looper  : Slow dispatch took 743ms main h=android.app.ActivityThread$H c=android.app.-$$Lambda$LoadedApk$ReceiverDispatcher$Args$_BumDX2UKsnxLVrE6UJsJZkotuA@beb6974 m=0
08-12 22:49:18.055  1726  1726 I Telecom : DefaultDialerCache: Refreshing default dialer for user 0: now com.android.contacts: DDC.oR@AaA
08-12 22:49:18.058  1726  2189 I AutomaticBrightnessControllerInjector: drop the lightsensor event! lux=5.94
08-12 22:49:18.058  1726  2189 I AutomaticBrightnessControllerInjector: drop the lightsensor event! lux=6.4842086
08-12 22:49:18.169  1726  2189 I AutomaticBrightnessControllerInjector: drop the lightsensor event! lux=5.94
08-12 22:49:18.169  1726  2189 I AutomaticBrightnessControllerInjector: drop the lightsensor event! lux=6.4336286
08-12 22:49:18.349  1726  2189 I AutomaticBrightnessControllerInjector: drop the lightsensor event! lux=6.4125004
08-12 22:49:18.349  1726  2189 I AutomaticBrightnessControllerInjector: drop the lightsensor event! lux=6.429315
08-12 22:49:18.366  1726  1726 W Looper  : Drained
08-12 22:49:18.528  1726  2189 I AutomaticBrightnessControllerInjector: drop the lightsensor event! lux=6.885
08-12 22:49:18.528  1726  2189 I AutomaticBrightnessControllerInjector: drop the lightsensor event! lux=6.4291444
08-12 22:49:18.592  1726  2189 I AutomaticBrightnessControllerInjector: drop the lightsensor event! lux=6.885
08-12 22:49:18.592  1726  2189 I AutomaticBrightnessControllerInjector: drop the lightsensor event! lux=6.4410663
08-12 22:49:18.709  1726  2189 I AutomaticBrightnessControllerInjector: drop the lightsensor event! lux=6.885
08-12 22:49:18.709  1726  2189 I AutomaticBrightnessControllerInjector: drop the lightsensor event! lux=6.4698787
08-12 22:49:18.889  1726  2189 I AutomaticBrightnessControllerInjector: drop the lightsensor event! lux=6.4125004
08-12 22:49:18.890  1726  2189 I AutomaticBrightnessControllerInjector: drop the lightsensor event! lux=6.4917145
08-12 22:49:18.896 26685 26685 W Looper  : PerfMonitor longMsg : seq=2 plan=22:49:16.327 late=7ms wall=2561ms running=901ms runnable=449ms io=332ms h=android.app.ActivityThread$H w=110 procState=11
08-12 22:49:18.980 26685 26736 W BpBinder: Slow Binder: BpBinder transact took 1226 ms, interface=android.content.IContentProvider, code=10 oneway=false
08-12 22:49:19.069  1726  2189 I AutomaticBrightnessControllerInjector: drop the lightsensor event! lux=6.885
08-12 22:49:19.069  1726  2189 I AutomaticBrightnessControllerInjector: drop the lightsensor event! lux=6.5114326
08-12 22:49:19.248  1726  2189 I AutomaticBrightnessControllerInjector: drop the lightsensor event! lux=6.4125004
08-12 22:49:19.248  1726  2189 I AutomaticBrightnessControllerInjector: drop the lightsensor event! lux=6.5290756
08-12 22:49:19.325  1726  2189 I AutomaticBrightnessControllerInjector: drop the lightsensor event! lux=6.4125004
08-12 22:49:19.326  1726  2189 I AutomaticBrightnessControllerInjector: drop the lightsensor event! lux=6.5169992
08-12 22:49:19.429  1726  2189 I AutomaticBrightnessControllerInjector: drop the lightsensor event! lux=7.8300004
08-12 22:49:19.430  1726  2189 I AutomaticBrightnessControllerInjector: drop the lightsensor event! lux=6.570231
08-12 22:49:19.609  1726  2189 I AutomaticBrightnessControllerInjector: drop the lightsensor event! lux=6.4125004
08-12 22:49:19.610  1726  2189 I AutomaticBrightnessControllerInjector: drop the lightsensor event! lux=6.6081676
08-12 22:49:19.789  1726  2189 I AutomaticBrightnessControllerInjector: drop the lightsensor event! lux=7.3575
08-12 22:49:19.789  1726  2189 I AutomaticBrightnessControllerInjector: drop the lightsensor event! lux=6.6234646
08-12 22:49:19.858  1726  2189 I AutomaticBrightnessControllerInjector: drop the lightsensor event! lux=5.94
08-12 22:49:19.858  1726  2189 I AutomaticBrightnessControllerInjector: drop the lightsensor event! lux=6.577655
08-12 22:49:19.969  1726  2189 I AutomaticBrightnessControllerInjector: drop the lightsensor event! lux=6.4125004
08-12 22:49:19.970  1726  2189 I AutomaticBrightnessControllerInjector: drop the lightsensor event! lux=6.6138287
08-12 22:49:20.149  1726  2189 I AutomaticBrightnessControllerInjector: drop the lightsensor event! lux=7.8300004
08-12 22:49:20.149  1726  2189 I AutomaticBrightnessControllerInjector: drop the lightsensor event! lux=6.6961417
08-12 22:49:20.329  1726  2189 I AutomaticBrightnessControllerInjector: drop the lightsensor event! lux=6.885
08-12 22:49:20.329  1726  2189 I AutomaticBrightnessControllerInjector: drop the lightsensor event! lux=6.8105545
08-12 22:49:20.509  1726  2189 I AutomaticBrightnessControllerInjector: drop the lightsensor event! lux=5.94
08-12 22:49:20.509  1726  2189 I AutomaticBrightnessControllerInjector: drop the lightsensor event! lux=6.8015437
08-12 22:49:20.526  1726  2189 I AutomaticBrightnessControllerInjector: drop the lightsensor event! lux=7.3575
08-12 22:49:20.527  1726  2189 I AutomaticBrightnessControllerInjector: drop the lightsensor event! lux=6.871507
08-12 22:49:20.689  1726  2189 I AutomaticBrightnessControllerInjector: drop the lightsensor event! lux=5.5350003
08-12 22:49:20.689  1726  2189 I AutomaticBrightnessControllerInjector: drop the lightsensor event! lux=6.816486
08-12 22:49:20.869  1726  2189 I AutomaticBrightnessControllerInjector: drop the lightsensor event! lux=6.4125004
08-12 22:49:20.869  1726  2189 I AutomaticBrightnessControllerInjector: drop the lightsensor event! lux=6.73629
08-12 22:49:21.049  1726  2189 I AutomaticBrightnessControllerInjector: drop the lightsensor event! lux=6.4125004
08-12 22:49:21.050  1726  2189 I AutomaticBrightnessControllerInjector: drop the lightsensor event! lux=6.72586
08-12 22:49:21.229  1726  2189 I AutomaticBrightnessControllerInjector: drop the lightsensor event! lux=7.3575
08-12 22:49:21.229  1726  2189 I AutomaticBrightnessControllerInjector: drop the lightsensor event! lux=6.73788
08-12 22:49:21.258  1726  2189 I AutomaticBrightnessControllerInjector: drop the lightsensor event! lux=5.5350003
08-12 22:49:21.258  1726  2189 I AutomaticBrightnessControllerInjector: drop the lightsensor event! lux=6.6512103
08-12 22:49:21.408  1726  2189 I AutomaticBrightnessControllerInjector: drop the lightsensor event! lux=6.4125004
08-12 22:49:21.408  1726  2189 I AutomaticBrightnessControllerInjector: drop the lightsensor event! lux=6.6239533
08-12 22:49:21.589  1726  2189 I AutomaticBrightnessControllerInjector: drop the lightsensor event! lux=6.885
08-12 22:49:21.589  1726  2189 I AutomaticBrightnessControllerInjector: drop the lightsensor event! lux=6.5497394
08-12 22:49:21.768  1726  2189 I AutomaticBrightnessControllerInjector: drop the lightsensor event! lux=5.5350003
08-12 22:49:21.769  1726  2189 I AutomaticBrightnessControllerInjector: drop the lightsensor event! lux=6.5082755
08-12 22:49:21.793  1726  2189 I AutomaticBrightnessControllerInjector: drop the lightsensor event! lux=7.8300004
08-12 22:49:21.793  1726  2189 I AutomaticBrightnessControllerInjector: drop the lightsensor event! lux=6.616095
08-12 22:49:21.949  1726  2189 I AutomaticBrightnessControllerInjector: drop the lightsensor event! lux=6.4125004
08-12 22:49:21.949  1726  2189 I AutomaticBrightnessControllerInjector: drop the lightsensor event! lux=6.6466956
08-12 22:49:21.993  1726  2189 I AutomaticBrightnessControllerInjector: drop the lightsensor event! lux=6.4125004
08-12 22:49:21.993  1726  2189 I AutomaticBrightnessControllerInjector: drop the lightsensor event! lux=6.649503
08-12 22:49:22.129  1726  2189 I AutomaticBrightnessControllerInjector: drop the lightsensor event! lux=5.94
08-12 22:49:22.129  1726  2189 I AutomaticBrightnessControllerInjector: drop the lightsensor event! lux=6.620882
08-12 22:49:22.193  1726  2189 I AutomaticBrightnessControllerInjector: drop the lightsensor event! lux=6.885
08-12 22:49:22.193  1726  2189 I AutomaticBrightnessControllerInjector: drop the lightsensor event! lux=6.6271014
08-12 22:49:22.309  1726  2189 I AutomaticBrightnessControllerInjector: drop the lightsensor event! lux=6.885
08-12 22:49:22.309  1726  2189 I AutomaticBrightnessControllerInjector: drop the lightsensor event! lux=6.5845275
08-12 22:49:22.489  1726  2189 I AutomaticBrightnessControllerInjector: drop the lightsensor event! lux=5.94
08-12 22:49:22.489  1726  2189 I AutomaticBrightnessControllerInjector: drop the lightsensor event! lux=6.5328236
08-12 22:49:22.525  1726  2189 I AutomaticBrightnessControllerInjector: drop the lightsensor event! lux=5.5350003
08-12 22:49:22.525  1726  2189 I AutomaticBrightnessControllerInjector: drop the lightsensor event! lux=6.501144
08-12 22:49:22.669  1726  2189 I AutomaticBrightnessControllerInjector: drop the lightsensor event! lux=6.885
08-12 22:49:22.669  1726  2189 I AutomaticBrightnessControllerInjector: drop the lightsensor event! lux=6.448315
08-12 22:49:22.725  1726  2189 I AutomaticBrightnessControllerInjector: drop the lightsensor event! lux=5.5350003
08-12 22:49:22.725  1726  2189 I AutomaticBrightnessControllerInjector: drop the lightsensor event! lux=6.395532
08-12 22:49:22.849  1726  2189 I AutomaticBrightnessControllerInjector: drop the lightsensor event! lux=6.885
08-12 22:49:22.849  1726  2189 I AutomaticBrightnessControllerInjector: drop the lightsensor event! lux=6.4551787
08-12 22:49:22.924  1726  2189 I AutomaticBrightnessControllerInjector: drop the lightsensor event! lux=5.94
08-12 22:49:22.925  1726  2189 I AutomaticBrightnessControllerInjector: drop the lightsensor event! lux=6.4315453
08-12 22:49:23.030  1726  2189 I AutomaticBrightnessControllerInjector: drop the lightsensor event! lux=6.885
08-12 22:49:23.030  1726  2189 I AutomaticBrightnessControllerInjector: drop the lightsensor event! lux=6.4550033
08-12 22:49:23.209  1726  2189 I AutomaticBrightnessControllerInjector: drop the lightsensor event! lux=6.4125004
08-12 22:49:23.209  1726  2189 I AutomaticBrightnessControllerInjector: drop the lightsensor event! lux=6.4739
08-12 22:49:23.258  1726  2189 I AutomaticBrightnessControllerInjector: drop the lightsensor event! lux=6.4125004
08-12 22:49:23.258  1726  2189 I AutomaticBrightnessControllerInjector: drop the lightsensor event! lux=6.4620385
08-12 22:49:23.389  1726  2189 I AutomaticBrightnessControllerInjector: drop the lightsensor event! lux=7.3575
08-12 22:49:23.389  1726  2189 I AutomaticBrightnessControllerInjector: drop the lightsensor event! lux=6.559265
08-12 22:49:23.458  1726  2189 I AutomaticBrightnessControllerInjector: drop the lightsensor event! lux=6.4125004
08-12 22:49:23.458  1726  2189 I AutomaticBrightnessControllerInjector: drop the lightsensor event! lux=6.5496454
08-12 22:49:23.569  1726  2189 I AutomaticBrightnessControllerInjector: drop the lightsensor event! lux=5.94
08-12 22:49:23.569  1726  2189 I AutomaticBrightnessControllerInjector: drop the lightsensor event! lux=6.522884
08-12 22:49:23.749  1726  2189 I AutomaticBrightnessControllerInjector: drop the lightsensor event! lux=6.4125004
08-12 22:49:23.749  1726  2189 I AutomaticBrightnessControllerInjector: drop the lightsensor event! lux=6.46914
08-12 22:49:23.792  1726  2189 I AutomaticBrightnessControllerInjector: drop the lightsensor event! lux=6.4125004
08-12 22:49:23.792  1726  2189 I AutomaticBrightnessControllerInjector: drop the lightsensor event! lux=6.473904
08-12 22:49:23.929  1726  2189 I AutomaticBrightnessControllerInjector: drop the lightsensor event! lux=7.3575
08-12 22:49:23.929  1726  2189 I AutomaticBrightnessControllerInjector: drop the lightsensor event! lux=6.4426622
08-12 22:49:23.992  1726  2189 I AutomaticBrightnessControllerInjector: drop the lightsensor event! lux=6.4125004
08-12 22:49:23.992  1726  2189 I AutomaticBrightnessControllerInjector: drop the lightsensor event! lux=6.4121847
08-12 22:49:24.108  1726  2189 I AutomaticBrightnessControllerInjector: drop the lightsensor event! lux=7.3575
08-12 22:49:24.109  1726  2189 I AutomaticBrightnessControllerInjector: drop the lightsensor event! lux=6.46219
08-12 22:49:24.289  1726  2189 I AutomaticBrightnessControllerInjector: drop the lightsensor event! lux=5.94
08-12 22:49:24.289  1726  2189 I AutomaticBrightnessControllerInjector: drop the lightsensor event! lux=6.4700155
08-12 22:49:24.468  1726  2189 I AutomaticBrightnessControllerInjector: drop the lightsensor event! lux=7.3575
08-12 22:49:24.469  1726  2189 I AutomaticBrightnessControllerInjector: drop the lightsensor event! lux=6.4642496
08-12 22:49:24.525  1726  2189 I AutomaticBrightnessControllerInjector: drop the lightsensor event! lux=6.4125004
08-12 22:49:24.525  1726  2189 I AutomaticBrightnessControllerInjector: drop the lightsensor event! lux=6.4455867
08-12 22:49:24.649  1726  2189 I AutomaticBrightnessControllerInjector: drop the lightsensor event! lux=7.8300004
08-12 22:49:24.649  1726  2189 I AutomaticBrightnessControllerInjector: drop the lightsensor event! lux=6.5653567
08-12 22:49:24.725  1726  2189 I AutomaticBrightnessControllerInjector: drop the lightsensor event! lux=7.3575
08-12 22:49:24.725  1726  2189 I AutomaticBrightnessControllerInjector: drop the lightsensor event! lux=6.594134
08-12 22:49:24.829  1726  2189 I AutomaticBrightnessControllerInjector: drop the lightsensor event! lux=6.885
08-12 22:49:24.830  1726  2189 I AutomaticBrightnessControllerInjector: drop the lightsensor event! lux=6.6573753
08-12 22:49:25.009  1726  2189 I AutomaticBrightnessControllerInjector: drop the lightsensor event! lux=7.3575
08-12 22:49:25.009  1726  2189 I AutomaticBrightnessControllerInjector: drop the lightsensor event! lux=6.7313232
08-12 22:49:25.189  1726  2189 I AutomaticBrightnessControllerInjector: drop the lightsensor event! lux=5.94
08-12 22:49:25.189  1726  2189 I AutomaticBrightnessControllerInjector: drop the lightsensor event! lux=6.7122593
08-12 22:49:25.258  1726  2189 I AutomaticBrightnessControllerInjector: drop the lightsensor event! lux=6.885
08-12 22:49:25.258  1726  2189 I AutomaticBrightnessControllerInjector: drop the lightsensor event! lux=6.73882
08-12 22:49:25.369  1726  2189 I AutomaticBrightnessControllerInjector: drop the lightsensor event! lux=6.885
08-12 22:49:25.369  1726  2189 I AutomaticBrightnessControllerInjector: drop the lightsensor event! lux=6.7627006
08-12 22:49:25.550  1726  2189 I AutomaticBrightnessControllerInjector: drop the lightsensor event! lux=6.885
08-12 22:49:25.550  1726  2189 I AutomaticBrightnessControllerInjector: drop the lightsensor event! lux=6.773971
08-12 22:49:25.729  1726  2189 I AutomaticBrightnessControllerInjector: drop the lightsensor event! lux=6.885
08-12 22:49:25.731  1726  2189 I AutomaticBrightnessControllerInjector: drop the lightsensor event! lux=6.84315
08-12 22:49:28.429  1726  2189 I AutomaticBrightnessControllerInjector: drop the lightsensor event! lux=6.4125004
08-12 22:49:28.429  1726  2189 I AutomaticBrightnessControllerInjector: drop the lightsensor event! lux=6.7994723
08-12 22:49:28.459  1726  2189 I AutomaticBrightnessControllerInjector: drop the lightsensor event! lux=5.5350003
08-12 22:49:28.459  1726  2189 I AutomaticBrightnessControllerInjector: drop the lightsensor event! lux=6.7480597
08-12 22:49:28.609  1726  2189 I AutomaticBrightnessControllerInjector: drop the lightsensor event! lux=6.4125004
08-12 22:49:28.609  1726  2189 I AutomaticBrightnessControllerInjector: drop the lightsensor event! lux=6.7022676
08-12 22:49:28.659  1726  2189 I AutomaticBrightnessControllerInjector: drop the lightsensor event! lux=6.885
08-12 22:49:28.659  1726  2189 I AutomaticBrightnessControllerInjector: drop the lightsensor event! lux=6.715911
08-12 22:49:28.789  1726  2189 I AutomaticBrightnessControllerInjector: drop the lightsensor event! lux=5.5350003
08-12 22:49:28.789  1726  2189 I AutomaticBrightnessControllerInjector: drop the lightsensor event! lux=6.6468287
08-12 22:49:28.969  1726  2189 I AutomaticBrightnessControllerInjector: drop the lightsensor event! lux=6.885
08-12 22:49:28.969  1726  2189 I AutomaticBrightnessControllerInjector: drop the lightsensor event! lux=6.625524
08-12 22:49:29.149  1726  2189 I AutomaticBrightnessControllerInjector: drop the lightsensor event! lux=6.885
08-12 22:49:29.149  1726  2189 I AutomaticBrightnessControllerInjector: drop the lightsensor event! lux=6.6657143
08-12 22:49:29.191  1726  2189 I AutomaticBrightnessControllerInjector: drop the lightsensor event! lux=5.94
08-12 22:49:29.191  1726  2189 I AutomaticBrightnessControllerInjector: drop the lightsensor event! lux=6.620633
08-12 22:49:29.328  1726  2189 I AutomaticBrightnessControllerInjector: drop the lightsensor event! lux=6.4125004
08-12 22:49:29.328  1726  2189 I AutomaticBrightnessControllerInjector: drop the lightsensor event! lux=6.6079454
08-12 22:49:29.391  1726  2189 I AutomaticBrightnessControllerInjector: drop the lightsensor event! lux=6.4125004
08-12 22:49:29.391  1726  2189 I AutomaticBrightnessControllerInjector: drop the lightsensor event! lux=6.5808024
08-12 22:49:29.509  1726  2189 I AutomaticBrightnessControllerInjector: drop the lightsensor event! lux=6.4125004
08-12 22:49:29.509  1726  2189 I AutomaticBrightnessControllerInjector: drop the lightsensor event! lux=6.50838
08-12 22:49:29.689  1726  2189 I AutomaticBrightnessControllerInjector: drop the lightsensor event! lux=6.885
08-12 22:49:29.689  1726  2189 I AutomaticBrightnessControllerInjector: drop the lightsensor event! lux=6.519406
08-12 22:49:29.725  1726  2189 I AutomaticBrightnessControllerInjector: drop the lightsensor event! lux=6.885
08-12 22:49:29.725  1726  2189 I AutomaticBrightnessControllerInjector: drop the lightsensor event! lux=6.5336056
08-12 22:49:29.868  1726  2189 I AutomaticBrightnessControllerInjector: drop the lightsensor event! lux=6.4125004
08-12 22:49:29.869  1726  2189 I AutomaticBrightnessControllerInjector: drop the lightsensor event! lux=6.43396
08-12 22:49:29.925  1726  2189 I AutomaticBrightnessControllerInjector: drop the lightsensor event! lux=6.885
08-12 22:49:29.925  1726  2189 I AutomaticBrightnessControllerInjector: drop the lightsensor event! lux=6.421344
08-12 22:49:30.048  1726  2189 I AutomaticBrightnessControllerInjector: drop the lightsensor event! lux=6.885
08-12 22:49:30.048  1726  2189 I AutomaticBrightnessControllerInjector: drop the lightsensor event! lux=6.427706
08-12 22:49:30.125  1726  2189 I AutomaticBrightnessControllerInjector: drop the lightsensor event! lux=6.885
08-12 22:49:30.125  1726  2189 I AutomaticBrightnessControllerInjector: drop the lightsensor event! lux=6.431689
08-12 22:49:30.230  1726  2189 I AutomaticBrightnessControllerInjector: drop the lightsensor event! lux=6.4125004
08-12 22:49:30.230  1726  2189 I AutomaticBrightnessControllerInjector: drop the lightsensor event! lux=6.4121337
08-12 22:49:30.409  1726  2189 I AutomaticBrightnessControllerInjector: drop the lightsensor event! lux=6.885
08-12 22:49:30.409  1726  2189 I AutomaticBrightnessControllerInjector: drop the lightsensor event! lux=6.4656744
08-12 22:49:30.458  1726  2189 I AutomaticBrightnessControllerInjector: drop the lightsensor event! lux=5.94
08-12 22:49:30.458  1726  2189 I AutomaticBrightnessControllerInjector: drop the lightsensor event! lux=6.431737
