--------- beginning of system
08-12 22:46:20.024  1726  2113 I chatty  : uid=1000(system) ActivityManager expire 16 lines
08-12 22:46:21.025  1726  2113 W ActivityManager: Scheduling restart of crashed service com.android.settings/.connecteddevice.usb.MiUsbService in 1000ms for start-requested
08-12 22:46:21.490  1726  2054 I ActivityTaskManager: START u0 {flg=0x10000000 cmp=com.twoamgames.StrangeThingsMobile/com.epicgames.ue4.SplashActivity} from uid 2000
08-12 22:46:21.593  1726  2114 I ActivityManager: Start proc 25111:com.twoamgames.StrangeThingsMobile/u0a127 for pre-top-activity {com.twoamgames.StrangeThingsMobile/com.epicgames.ue4.SplashActivity} caller=com.android.shell
08-12 22:46:21.682  1726  2094 I Timeline: Timeline: App_transition_ready time:9685000
08-12 22:46:21.719  1726  2114 I ActivityManager: Start proc 25135:com.xiaomi.discover/u0a115 for broadcast {com.xiaomi.discover/com.xiaomi.market.receiver.AppActiveReceiver} caller=null
08-12 22:46:21.849 25135 25135 E LoadedApk: Unable to instantiate appComponentFactory
08-12 22:46:21.849 25135 25135 E LoadedApk: java.lang.ClassNotFoundException: Didn't find class "androidx.core.app.CoreComponentFactory" on path: DexPathList[[zip file "/data/app/~~V2q_oBuxdJ0Ndfr7h9zNRA==/com.xiaomi.discover-r_RMgDc4tB_xFRtw_PYuNg==/base.apk"],nativeLibraryDirectories=[/data/app/~~V2q_oBuxdJ0Ndfr7h9zNRA==/com.xiaomi.discover-r_RMgDc4tB_xFRtw_PYuNg==/lib/arm64, /data/app/~~V2q_oBuxdJ0Ndfr7h9zNRA==/com.xiaomi.discover-r_RMgDc4tB_xFRtw_PYuNg==/base.apk!/lib/arm64-v8a, /system/lib64, /system_ext/lib64]]
08-12 22:46:21.849 25135 25135 E LoadedApk: 	at dalvik.system.BaseDexClassLoader.findClass(BaseDexClassLoader.java:207)
08-12 22:46:21.849 25135 25135 E LoadedApk: 	at java.lang.ClassLoader.loadClass(ClassLoader.java:379)
08-12 22:46:21.849 25135 25135 E LoadedApk: 	at java.lang.ClassLoader.loadClass(ClassLoader.java:312)
08-12 22:46:21.849 25135 25135 E LoadedApk: 	at android.app.LoadedApk.createAppFactory(LoadedApk.java:262)
08-12 22:46:21.849 25135 25135 E LoadedApk: 	at android.app.LoadedApk.createOrUpdateClassLoaderLocked(LoadedApk.java:907)
08-12 22:46:21.849 25135 25135 E LoadedApk: 	at android.app.LoadedApk.getClassLoader(LoadedApk.java:960)
08-12 22:46:21.849 25135 25135 E LoadedApk: 	at android.app.LoadedApk.getResources(LoadedApk.java:1192)
08-12 22:46:21.849 25135 25135 E LoadedApk: 	at android.app.ContextImpl.createAppContext(ContextImpl.java:2671)
08-12 22:46:21.849 25135 25135 E LoadedApk: 	at android.app.ContextImpl.createAppContext(ContextImpl.java:2663)
08-12 22:46:21.849 25135 25135 E LoadedApk: 	at android.app.ActivityThread.handleBindApplication(ActivityThread.java:6701)
08-12 22:46:21.849 25135 25135 E LoadedApk: 	at android.app.ActivityThread.access$1400(ActivityThread.java:244)
08-12 22:46:21.849 25135 25135 E LoadedApk: 	at android.app.ActivityThread$H.handleMessage(ActivityThread.java:1951)
08-12 22:46:21.849 25135 25135 E LoadedApk: 	at android.os.Handler.dispatchMessage(Handler.java:106)
08-12 22:46:21.849 25135 25135 E LoadedApk: 	at android.os.Looper.loop(Looper.java:236)
08-12 22:46:21.849 25135 25135 E LoadedApk: 	at android.app.ActivityThread.main(ActivityThread.java:7861)
08-12 22:46:21.849 25135 25135 E LoadedApk: 	at java.lang.reflect.Method.invoke(Native Method)
08-12 22:46:21.849 25135 25135 E LoadedApk: 	at com.android.internal.os.RuntimeInit$MethodAndArgsCaller.run(RuntimeInit.java:600)
08-12 22:46:21.849 25135 25135 E LoadedApk: 	at com.android.internal.os.ZygoteInit.main(ZygoteInit.java:967)
08-12 22:46:21.898  1726  2990 I ActivityTaskManager: START u0 {act=android.content.pm.action.REQUEST_PERMISSIONS pkg=com.google.android.permissioncontroller cmp=com.google.android.permissioncontroller/com.android.permissioncontroller.permission.ui.GrantPermissionsActivity (has extras)} from uid 10127
08-12 22:46:21.941  1726  2813 I ActivityTaskManager: The Process com.google.android.permissioncontroller Already Exists in BG. So sending its PID: 24452
08-12 22:46:21.946  1726  2813 I Timeline: Timeline: App_transition_ready time:9685264
08-12 22:46:21.956  1726  2813 I Timeline: Timeline: App_transition_ready time:9685274
08-12 22:46:22.026  1726  2113 W ActivityManager: Scheduling restart of crashed service com.android.settings/.connecteddevice.usb.MiUsbService in 1000ms for start-requested
08-12 22:46:22.051  1726  2094 I Timeline: Timeline: App_transition_ready time:9685369
08-12 22:46:22.055  1726  2094 I Timeline: Timeline: App_transition_ready time:9685373
08-12 22:46:22.061  1726  3581 I Timeline: Timeline: App_transition_ready time:9685379
08-12 22:46:22.069  1726  2094 I Timeline: Timeline: App_transition_ready time:9685387
08-12 22:46:22.075  1726  2094 I Timeline: Timeline: App_transition_ready time:9685393
08-12 22:46:22.096  1726  2094 I Timeline: Timeline: App_transition_ready time:9685414
08-12 22:46:22.117  1726  2813 I Timeline: Timeline: App_transition_ready time:9685435
08-12 22:46:22.121  1726  2990 I Timeline: Timeline: App_transition_ready time:9685439
08-12 22:46:22.122  1726  2990 I Timeline: Timeline: App_transition_ready time:9685440
08-12 22:46:22.132  1726  2094 I Timeline: Timeline: App_transition_ready time:9685450
08-12 22:46:22.170  1726  4644 W ActivityManager: Foreground service started from background can not have location/camera/microphone access: service com.xiaomi.discover/com.xiaomi.market.service.AppActiveStatService
08-12 22:46:22.177 25135 25180 I Ad      : isPersonalizedAdEnabled getAdSettings: 3
08-12 22:46:22.179  1726  1726 W NotificationHistory: Attempted to add notif for locked/gone/disabled user 0
08-12 22:46:22.225  1726  2094 I Timeline: Timeline: Activity_windows_visible id: ActivityRecord{290520e u0 com.twoamgames.StrangeThingsMobile/com.epicgames.ue4.SplashActivity t3464} time:9685543
08-12 22:46:22.339  1726  2093 I ActivityTaskManager: Config changes=20000480 {1.0 724mcc3mnc [pt_BR] ldltr sw392dp w788dp h355dp 440dpi nrml long hdr land night finger -keyb/v/h -nav/h winConfig={ mBounds=Rect(0, 0 - 2400, 1080) mAppBounds=Rect(102, 0 - 2270, 1080) mWindowingMode=fullscreen mDisplayWindowingMode=fullscreen mActivityType=undefined mAlwaysOnTop=undefined mRotation=ROTATION_90} s.44 themeChanged=0 themeChangedFlags=0 extraData = Bundle[{}]}
08-12 22:46:22.485  1726  2093 I WindowManager: Override config changes=20000480 {1.0 724mcc3mnc [pt_BR] ldltr sw392dp w788dp h355dp 440dpi nrml long hdr land night finger -keyb/v/h -nav/h winConfig={ mBounds=Rect(0, 0 - 2400, 1080) mAppBounds=Rect(102, 0 - 2270, 1080) mWindowingMode=fullscreen mDisplayWindowingMode=fullscreen mActivityType=undefined mAlwaysOnTop=undefined mRotation=ROTATION_90} s.44 themeChanged=0 themeChangedFlags=0 extraData = Bundle[{}]} for displayId=0
08-12 22:46:22.552  1726  2093 I Timeline: Timeline: App_transition_stopped time:9685870
08-12 22:46:22.706  1726  2338 I ActivityManager: Killing 24201:com.miui.guardprovider/u0a113 (adj 965): MiuiMemoryService(cch-empty)
08-12 22:46:22.718  1726  4719 W WindowManager: Failed looking up window session=Session{e94462a 24452:u0a10095} callers=com.android.server.wm.WindowManagerService.windowForClientLocked:5951 com.android.server.wm.Session.insetsModified:502 android.view.IWindowSession$Stub.onTransact:1367 
08-12 22:46:22.718  1726  2338 I Process : PerfMonitor : current process sending signal quiet. PID: 24201 SIG: 9
08-12 22:46:22.719  1726  2123 I Process : PerfMonitor : current process killing process group. PID: 24201
08-12 22:46:22.739  1726  2094 I Timeline: Timeline: Activity_windows_visible id: ActivityRecord{3ce72fc u0 com.google.android.permissioncontroller/com.android.permissioncontroller.permission.ui.GrantPermissionsActivity t3464} time:9686057
08-12 22:46:22.749  1726  2338 I ActivityManager: Killing 24335:com.google.process.gapps/u0a192 (adj 955): MiuiMemoryService(cch-empty)
08-12 22:46:22.752  1726  2338 I Process : PerfMonitor : current process sending signal quiet. PID: 24335 SIG: 9
08-12 22:46:22.763  1726  2123 I Process : PerfMonitor : current process killing process group. PID: 24335
08-12 22:46:22.767  1726  2338 I ActivityManager: Killing 24476:com.google.android.packageinstaller/u0a96 (adj 945): MiuiMemoryService(cch-empty)
08-12 22:46:22.773  1726  2338 I Process : PerfMonitor : current process sending signal quiet. PID: 24476 SIG: 9
08-12 22:46:22.799  1726  2338 I ActivityManager: Killing 24524:com.miui.cleaner/u0a232 (adj 945): MiuiMemoryService(cch-empty)
08-12 22:46:22.800  1726  2338 I Process : PerfMonitor : current process sending signal quiet. PID: 24524 SIG: 9
08-12 22:46:22.803  1726  2813 I ActivityManager: Process com.xiaomi.location.fused (pid 20081) has died: cch+55 SVC 
08-12 22:46:22.807  1726  2813 W ActivityManager: Scheduling restart of crashed service com.xiaomi.location.fused/.FusedLocationService in 10220ms for start-requested
08-12 22:46:22.828  1726  2338 I ActivityManager: Killing 24510:com.android.htmlviewer:remote/u0a106 (adj 935): MiuiMemoryService(cch-empty)
08-12 22:46:22.830  1726  2338 I Process : PerfMonitor : current process sending signal quiet. PID: 24510 SIG: 9
08-12 22:46:22.862  1726  2338 I ActivityManager: Killing 24603:com.miui.cloudservice/u0a123 (adj 935): MiuiMemoryService(cch-empty)
08-12 22:46:22.862  1726  2338 I Process : PerfMonitor : current process sending signal quiet. PID: 24603 SIG: 9
08-12 22:46:22.888  1726  2338 I ActivityManager: Killing 24667:com.xiaomi.simactivate.service/u0a159 (adj 925): MiuiMemoryService(cch-empty)
08-12 22:46:22.889  1726  2338 I Process : PerfMonitor : current process sending signal quiet. PID: 24667 SIG: 9
08-12 22:46:22.995  1726  2123 I Process : PerfMonitor : current process killing process group. PID: 24476
08-12 22:46:22.996  1726  2123 I Process : PerfMonitor : current process killing process group. PID: 24524
08-12 22:46:23.000  1726  2123 I Process : PerfMonitor : current process killing process group. PID: 20081
08-12 22:46:23.001  1726  2123 I Process : PerfMonitor : current process killing process group. PID: 24510
08-12 22:46:23.001  1726  2123 I Process : PerfMonitor : current process killing process group. PID: 24603
08-12 22:46:23.027  1726  2338 I ActivityManager: Killing 24381:com.android.vending:background/u0a180 (adj 945): MiuiMemoryService(cch-empty)
08-12 22:46:23.030  1726  2338 I Process : PerfMonitor : current process sending signal quiet. PID: 24381 SIG: 9
08-12 22:46:23.041  1726  2338 I ActivityManager: Killing 24981:com.android.chrome/u0a215 (adj 935): MiuiMemoryService(cch-empty)
08-12 22:46:23.056  1726  2338 I Process : PerfMonitor : current process sending signal quiet. PID: 24981 SIG: 9
08-12 22:46:23.057  1726  4564 I ActivityManager: Process android.process.media (pid 24413) has died: cch+55 CEM 
08-12 22:46:23.101  1726  2114 I ActivityManager: Start proc 25198:com.android.settings/1000 for service {com.android.settings/com.android.settings.connecteddevice.usb.MiUsbService} caller=com.android.settings
08-12 22:46:23.114  1726  2123 I Process : PerfMonitor : current process killing process group. PID: 24667
08-12 22:46:23.125  1726  2123 I Process : PerfMonitor : current process killing process group. PID: 24381
08-12 22:46:23.136  1726  2123 I Process : PerfMonitor : current process killing process group. PID: 24981
08-12 22:46:23.136  1726  2123 I Process : PerfMonitor : current process killing process group. PID: 24413
08-12 22:46:23.380  2517  2517 W Looper  : PerfMonitor doFrame : time=320ms vsyncFrame=0 latency=535ms procState=0 historyMsgCount=8 (msgIndex=1 wall=62ms seq=94573 running=3ms runnable=48ms io=1ms late=2ms h=android.os.Handler c=com.android.systemui.statusbar.phone.-$$Lambda$RotationButtonController$1$wNXXdlqLeBk1NR5FrlGSJawDu0I) (msgIndex=3 wall=462ms seq=94575 running=47ms runnable=20ms io=25ms late=91ms h=android.app.ActivityThread$H w=159)
08-12 22:46:23.618  2517  2517 W Looper  : PerfMonitor doFrame : time=123ms vsyncFrame=0 latency=419ms procState=0 historyMsgCount=89 (msgIndex=1 wall=320ms seq=94581 running=150ms runnable=28ms io=19ms late=535ms h=android.view.Choreographer$FrameHandler c=android.view.Choreographer$FrameDisplayEventReceiver) (msgIndex=78 wall=81ms seq=94658 running=55ms runnable=7ms io=15ms late=498ms h=android.os.Handler c=com.android.systemui.fragments.-$$Lambda$FragmentService$FragmentHostState$kEJEvu5Mq9Z5e9srOLcsFn7Glto)
08-12 22:46:23.692  1726  4573 E PackageDexUsage: Unsupported context?
08-12 22:46:24.113 25198 25244 W BpBinder: Slow Binder: BpBinder transact took 203 ms, interface=android.content.IContentProvider, code=1 oneway=false
08-12 22:46:24.517  1726  2093 W WindowManager: App freeze timeout expired.
08-12 22:46:26.015  4622  4904 W MiuiPerfServiceClient: interceptAndQueuing:2517|com.android.systemui|1101|850|unknown|null|StatusBar|9686944499429|Slow main thread|3
08-12 22:46:26.706  1391 25101 I iorapd  : Perfetto TraceBuffer saved to file: /data/misc/iorapd/com.twoamgames.StrangeThingsMobile/34/com.epicgames.ue4.SplashActivity/raw_traces/1660355186699812831.perfetto_trace.pb
08-12 22:46:33.080  1726  2114 I ActivityManager: Start proc 25275:com.xiaomi.location.fused/1000 for service {com.xiaomi.location.fused/com.xiaomi.location.fused.FusedLocationService} caller=com.xiaomi.location.fused
08-12 22:47:08.211  1726  2113 W ActivityManager: Stopping service due to app idle: u0a413 -1m19s507ms org.telegram.messenger/.NotificationsService
08-12 22:47:08.222  1726  2113 W BroadcastQueue: Background execution not allowed: receiving Intent { act=org.telegram.start flg=0x10 } to org.telegram.messenger/.AppStartReceiver
08-12 22:47:08.931  1726  2189 I AutomaticBrightnessControllerInjector: drop the lightsensor event! lux=22.4775
08-12 22:47:08.931  1726  2189 I AutomaticBrightnessControllerInjector: drop the lightsensor event! lux=27.746597
08-12 22:47:11.638  1726  2189 I AutomaticBrightnessControllerInjector: drop the lightsensor event! lux=23.827501
08-12 22:47:11.638  1726  2189 I AutomaticBrightnessControllerInjector: drop the lightsensor event! lux=29.496204
08-12 22:47:11.813  1726  2189 I AutomaticBrightnessControllerInjector: drop the lightsensor event! lux=15.120001
08-12 22:47:11.814  1726  2189 I AutomaticBrightnessControllerInjector: drop the lightsensor event! lux=28.467115
08-12 22:47:11.993  1726  2189 I AutomaticBrightnessControllerInjector: drop the lightsensor event! lux=12.825001
08-12 22:47:11.994  1726  2189 I AutomaticBrightnessControllerInjector: drop the lightsensor event! lux=27.03785
08-12 22:47:12.173  1726  2189 I AutomaticBrightnessControllerInjector: drop the lightsensor event! lux=13.297501
08-12 22:47:12.174  1726  2189 I AutomaticBrightnessControllerInjector: drop the lightsensor event! lux=25.570288
08-12 22:47:12.198  1726  2189 I AutomaticBrightnessControllerInjector: drop the lightsensor event! lux=11.9475
08-12 22:47:12.198  1726  2189 I AutomaticBrightnessControllerInjector: drop the lightsensor event! lux=25.307926
08-12 22:47:12.355  1726  2189 I AutomaticBrightnessControllerInjector: drop the lightsensor event! lux=10.530001
08-12 22:47:12.355  1726  2189 I AutomaticBrightnessControllerInjector: drop the lightsensor event! lux=23.571228
08-12 22:47:12.394  1726  2189 I AutomaticBrightnessControllerInjector: drop the lightsensor event! lux=11.9475
08-12 22:47:12.394  1726  2189 I AutomaticBrightnessControllerInjector: drop the lightsensor event! lux=23.18894
08-12 22:47:12.532  1726  2189 I AutomaticBrightnessControllerInjector: drop the lightsensor event! lux=12.825001
08-12 22:47:12.533  1726  2189 I AutomaticBrightnessControllerInjector: drop the lightsensor event! lux=21.684189
08-12 22:47:12.714  1726  2189 I AutomaticBrightnessControllerInjector: drop the lightsensor event! lux=9.18
08-12 22:47:12.714  1726  2189 I AutomaticBrightnessControllerInjector: drop the lightsensor event! lux=19.808533
08-12 22:47:12.893  1726  2189 I AutomaticBrightnessControllerInjector: drop the lightsensor event! lux=7.8300004
08-12 22:47:12.893  1726  2189 I AutomaticBrightnessControllerInjector: drop the lightsensor event! lux=18.141375
08-12 22:47:12.931  1726  2189 I AutomaticBrightnessControllerInjector: drop the lightsensor event! lux=6.885
08-12 22:47:12.931  1726  2189 I AutomaticBrightnessControllerInjector: drop the lightsensor event! lux=17.729395
08-12 22:47:12.995  1726  2189 I AutomaticBrightnessControllerInjector: drop the lightsensor event! lux=17.07139
08-12 22:47:13.074  1726  2189 I AutomaticBrightnessControllerInjector: drop the lightsensor event! lux=6.4125004
08-12 22:47:13.074  1726  2189 I AutomaticBrightnessControllerInjector: drop the lightsensor event! lux=16.240576
08-12 22:47:13.130  1726  2189 I AutomaticBrightnessControllerInjector: drop the lightsensor event! lux=7.3575
08-12 22:47:13.131  1726  2189 I AutomaticBrightnessControllerInjector: drop the lightsensor event! lux=15.709727
08-12 22:47:13.254  1726  2189 I AutomaticBrightnessControllerInjector: drop the lightsensor event! lux=6.4125004
08-12 22:47:13.254  1726  2189 I AutomaticBrightnessControllerInjector: drop the lightsensor event! lux=14.447849
08-12 22:47:13.331  1726  2189 I AutomaticBrightnessControllerInjector: drop the lightsensor event! lux=5.94
08-12 22:47:13.332  1726  2189 I AutomaticBrightnessControllerInjector: drop the lightsensor event! lux=13.650428
08-12 22:47:13.438  1726  2189 I AutomaticBrightnessControllerInjector: drop the lightsensor event! lux=5.0625
08-12 22:47:13.438  1726  2189 I AutomaticBrightnessControllerInjector: drop the lightsensor event! lux=12.520111
08-12 22:47:13.614  1726  2189 I AutomaticBrightnessControllerInjector: drop the lightsensor event! lux=5.0625
08-12 22:47:13.614  1726  2189 I AutomaticBrightnessControllerInjector: drop the lightsensor event! lux=10.712679
08-12 22:47:13.663  1726  2189 I AutomaticBrightnessControllerInjector: drop the lightsensor event! lux=6.4125004
08-12 22:47:13.663  1726  2189 I AutomaticBrightnessControllerInjector: drop the lightsensor event! lux=10.330095
08-12 22:47:13.790  1726  2189 I AutomaticBrightnessControllerInjector: drop the lightsensor event! lux=5.5350003
08-12 22:47:13.791  1726  2189 I AutomaticBrightnessControllerInjector: drop the lightsensor event! lux=9.301036
08-12 22:47:13.864  1726  2189 I AutomaticBrightnessControllerInjector: drop the lightsensor event! lux=0.47250003
08-12 22:47:13.864  1726  2189 I AutomaticBrightnessControllerInjector: drop the lightsensor event! lux=8.623509
08-12 22:47:13.894  1726  2189 I AutomaticBrightnessControllerInjector: drop the lightsensor event! lux=8.411096
08-12 22:47:13.974  1726  2189 I AutomaticBrightnessControllerInjector: drop the lightsensor event! lux=5.0625
08-12 22:47:13.975  1726  2189 I AutomaticBrightnessControllerInjector: drop the lightsensor event! lux=8.090774
08-12 22:47:14.154  1726  2189 I AutomaticBrightnessControllerInjector: drop the lightsensor event! lux=5.0625
08-12 22:47:14.155  1726  2189 I AutomaticBrightnessControllerInjector: drop the lightsensor event! lux=7.4267445
08-12 22:47:14.335  1726  2189 I AutomaticBrightnessControllerInjector: drop the lightsensor event! lux=4.59
08-12 22:47:14.335  1726  2189 I AutomaticBrightnessControllerInjector: drop the lightsensor event! lux=6.814827
08-12 22:47:14.397  1726  2189 I AutomaticBrightnessControllerInjector: drop the lightsensor event! lux=5.0625
08-12 22:47:14.398  1726  2189 I AutomaticBrightnessControllerInjector: drop the lightsensor event! lux=6.652004
08-12 22:47:14.514  1726  2189 I AutomaticBrightnessControllerInjector: drop the lightsensor event! lux=5.0625
08-12 22:47:14.514  1726  2189 I AutomaticBrightnessControllerInjector: drop the lightsensor event! lux=6.292773
08-12 22:47:14.693  1726  2189 I AutomaticBrightnessControllerInjector: drop the lightsensor event! lux=5.5350003
08-12 22:47:14.694  1726  2189 I AutomaticBrightnessControllerInjector: drop the lightsensor event! lux=5.718891
08-12 22:47:14.871  1726  2189 I AutomaticBrightnessControllerInjector: drop the lightsensor event! lux=5.94
08-12 22:47:14.872  1726  2189 I AutomaticBrightnessControllerInjector: drop the lightsensor event! lux=5.4335313
08-12 22:47:15.053  1726  2189 I AutomaticBrightnessControllerInjector: drop the lightsensor event! lux=4.59
08-12 22:47:15.053  1726  2189 I AutomaticBrightnessControllerInjector: drop the lightsensor event! lux=5.2643504
08-12 22:47:15.131  1726  2189 I AutomaticBrightnessControllerInjector: drop the lightsensor event! lux=4.59
08-12 22:47:15.132  1726  2189 I AutomaticBrightnessControllerInjector: drop the lightsensor event! lux=5.194284
08-12 22:47:15.238  1726  2189 I AutomaticBrightnessControllerInjector: drop the lightsensor event! lux=5.0625
08-12 22:47:15.239  1726  2189 I AutomaticBrightnessControllerInjector: drop the lightsensor event! lux=5.088113
08-12 22:47:15.416  1726  2189 I AutomaticBrightnessControllerInjector: drop the lightsensor event! lux=5.5350003
08-12 22:47:15.416  1726  2189 I AutomaticBrightnessControllerInjector: drop the lightsensor event! lux=5.023433
08-12 22:47:15.595  1726  2189 I AutomaticBrightnessControllerInjector: drop the lightsensor event! lux=5.5350003
08-12 22:47:15.595  1726  2189 I AutomaticBrightnessControllerInjector: drop the lightsensor event! lux=5.0609016
08-12 22:47:15.664  1726  2189 I AutomaticBrightnessControllerInjector: drop the lightsensor event! lux=5.0625
08-12 22:47:15.664  1726  2189 I AutomaticBrightnessControllerInjector: drop the lightsensor event! lux=5.0530744
08-12 22:47:15.773  1726  2189 I AutomaticBrightnessControllerInjector: drop the lightsensor event! lux=4.59
08-12 22:47:15.774  1726  2189 I AutomaticBrightnessControllerInjector: drop the lightsensor event! lux=4.9663253
08-12 22:47:15.954  1726  2189 I AutomaticBrightnessControllerInjector: drop the lightsensor event! lux=5.0625
08-12 22:47:15.954  1726  2189 I AutomaticBrightnessControllerInjector: drop the lightsensor event! lux=5.097629
08-12 22:47:16.130  1726  2189 I AutomaticBrightnessControllerInjector: drop the lightsensor event! lux=5.0625
08-12 22:47:16.130  1726  2189 I AutomaticBrightnessControllerInjector: drop the lightsensor event! lux=5.134854
08-12 22:47:16.315  1726  2189 I AutomaticBrightnessControllerInjector: drop the lightsensor event! lux=5.0625
08-12 22:47:16.315  1726  2189 I AutomaticBrightnessControllerInjector: drop the lightsensor event! lux=5.133322
08-12 22:47:16.331  1726  2189 I AutomaticBrightnessControllerInjector: drop the lightsensor event! lux=4.59
08-12 22:47:16.331  1726  2189 I AutomaticBrightnessControllerInjector: drop the lightsensor event! lux=5.1081934
08-12 22:47:16.495  1726  2189 I AutomaticBrightnessControllerInjector: drop the lightsensor event! lux=5.0625
08-12 22:47:16.496  1726  2189 I AutomaticBrightnessControllerInjector: drop the lightsensor event! lux=5.1037025
08-12 22:47:16.528  1726  2189 I AutomaticBrightnessControllerInjector: drop the lightsensor event! lux=4.1175003
08-12 22:47:16.528  1726  2189 I AutomaticBrightnessControllerInjector: drop the lightsensor event! lux=5.053538
08-12 22:47:16.670  1726  2189 I AutomaticBrightnessControllerInjector: drop the lightsensor event! lux=5.0625
08-12 22:47:16.670  1726  2189 I AutomaticBrightnessControllerInjector: drop the lightsensor event! lux=5.032578
08-12 22:47:16.788 25111 25111 I Timeline: Timeline: Activity_launch_request time:9740106
08-12 22:47:16.794  1726  4573 I Timeline: Timeline: App_transition_ready time:9740112
08-12 22:47:16.801  1726  4664 I ActivityTaskManager: START u0 {flg=0x10000 cmp=com.twoamgames.StrangeThingsMobile/com.epicgames.ue4.GameActivity (has extras)} from uid 10127
08-12 22:47:16.854  1726  2189 I AutomaticBrightnessControllerInjector: drop the lightsensor event! lux=0.47250003
08-12 22:47:16.854  1726  2189 I AutomaticBrightnessControllerInjector: drop the lightsensor event! lux=4.758384
08-12 22:47:16.864  1726  4562 I ActivityTaskManager: The Process com.twoamgames.StrangeThingsMobile Already Exists in BG. So sending its PID: 25111
08-12 22:47:16.865  1726  4562 W ActivityTaskManager: Tried to set launchTime (0) < mLastActivityLaunchTime (9684991)
08-12 22:47:16.870  1726  4562 I Timeline: Timeline: App_transition_ready time:9740188
08-12 22:47:16.878  1726  4664 I Timeline: Timeline: App_transition_ready time:9740195
08-12 22:47:16.892  1726  2991 I Timeline: Timeline: App_transition_ready time:9740210
08-12 22:47:16.909  1726  2094 I Timeline: Timeline: App_transition_ready time:9740227
08-12 22:47:16.916  1726  4562 I Timeline: Timeline: App_transition_ready time:9740234
08-12 22:47:17.032  1726  2189 I AutomaticBrightnessControllerInjector: drop the lightsensor event! lux=5.0625
08-12 22:47:17.032  1726  2189 I AutomaticBrightnessControllerInjector: drop the lightsensor event! lux=4.513788
08-12 22:47:17.032  1726  2094 I Timeline: Timeline: App_transition_ready time:9740350
08-12 22:47:17.048  1726  2094 I Timeline: Timeline: App_transition_ready time:9740366
08-12 22:47:17.060  1726  2189 I AutomaticBrightnessControllerInjector: drop the lightsensor event! lux=0.47250003
08-12 22:47:17.060  1726  2189 I AutomaticBrightnessControllerInjector: drop the lightsensor event! lux=4.266288
08-12 22:47:17.211  1726  2189 I AutomaticBrightnessControllerInjector: drop the lightsensor event! lux=5.0625
08-12 22:47:17.211  1726  2189 I AutomaticBrightnessControllerInjector: drop the lightsensor event! lux=4.185416
08-12 22:47:17.260  1726  2189 I AutomaticBrightnessControllerInjector: drop the lightsensor event! lux=0.0
08-12 22:47:17.261  1726  2189 I AutomaticBrightnessControllerInjector: drop the lightsensor event! lux=3.927443
08-12 22:47:17.390  1726  2189 I AutomaticBrightnessControllerInjector: drop the lightsensor event! lux=0.0
08-12 22:47:17.390  1726  2189 I AutomaticBrightnessControllerInjector: drop the lightsensor event! lux=3.5949647
08-12 22:47:17.463  1726  2189 I AutomaticBrightnessControllerInjector: drop the lightsensor event! lux=0.0
08-12 22:47:17.463  1726  2189 I AutomaticBrightnessControllerInjector: drop the lightsensor event! lux=3.4007206
08-12 22:47:17.570  1726  2189 I AutomaticBrightnessControllerInjector: drop the lightsensor event! lux=0.0
08-12 22:47:17.570  1726  2189 I AutomaticBrightnessControllerInjector: drop the lightsensor event! lux=3.1115117
08-12 22:47:17.750  1726  2189 I AutomaticBrightnessControllerInjector: drop the lightsensor event! lux=4.1175003
08-12 22:47:17.750  1726  2189 I AutomaticBrightnessControllerInjector: drop the lightsensor event! lux=2.867461
08-12 22:47:17.793  1726  2189 I AutomaticBrightnessControllerInjector: drop the lightsensor event! lux=0.47250003
08-12 22:47:17.793  1726  2189 I AutomaticBrightnessControllerInjector: drop the lightsensor event! lux=2.66705
08-12 22:47:17.931  1726  2189 I AutomaticBrightnessControllerInjector: drop the lightsensor event! lux=0.47250003
08-12 22:47:17.931  1726  2189 I AutomaticBrightnessControllerInjector: drop the lightsensor event! lux=2.3946316
08-12 22:47:17.993  1726  2189 I AutomaticBrightnessControllerInjector: drop the lightsensor event! lux=0.0
08-12 22:47:17.993  1726  2189 I AutomaticBrightnessControllerInjector: drop the lightsensor event! lux=2.2408597
08-12 22:47:18.110  1726  2189 I AutomaticBrightnessControllerInjector: drop the lightsensor event! lux=0.0
08-12 22:47:18.110  1726  2189 I AutomaticBrightnessControllerInjector: drop the lightsensor event! lux=1.9627944
08-12 22:47:18.291  1726  2189 I AutomaticBrightnessControllerInjector: drop the lightsensor event! lux=0.0
08-12 22:47:18.291  1726  2189 I AutomaticBrightnessControllerInjector: drop the lightsensor event! lux=1.5398084
08-12 22:47:18.471  1726  2189 I AutomaticBrightnessControllerInjector: drop the lightsensor event! lux=0.47250003
08-12 22:47:18.472  1726  2189 I AutomaticBrightnessControllerInjector: drop the lightsensor event! lux=1.1804023
08-12 22:47:18.528  1726  2189 I AutomaticBrightnessControllerInjector: drop the lightsensor event! lux=0.0
08-12 22:47:18.528  1726  2189 I AutomaticBrightnessControllerInjector: drop the lightsensor event! lux=1.0454302
08-12 22:47:18.650  1726  2189 I AutomaticBrightnessControllerInjector: drop the lightsensor event! lux=0.47250003
08-12 22:47:18.651  1726  2189 I AutomaticBrightnessControllerInjector: drop the lightsensor event! lux=0.84542555
08-12 22:47:18.727  1726  2189 I AutomaticBrightnessControllerInjector: drop the lightsensor event! lux=0.47250003
08-12 22:47:18.727  1726  2189 I AutomaticBrightnessControllerInjector: drop the lightsensor event! lux=0.70155936
08-12 22:47:18.834  1726  2189 I AutomaticBrightnessControllerInjector: drop the lightsensor event! lux=0.0
08-12 22:47:18.834  1726  2189 I AutomaticBrightnessControllerInjector: drop the lightsensor event! lux=0.46796423
08-12 22:47:19.011  1726  2189 I AutomaticBrightnessControllerInjector: drop the lightsensor event! lux=0.0
08-12 22:47:19.011  1726  2189 I AutomaticBrightnessControllerInjector: drop the lightsensor event! lux=0.3857026
08-12 22:47:19.189  1726  2189 I AutomaticBrightnessControllerInjector: drop the lightsensor event! lux=0.0
08-12 22:47:19.190  1726  2189 I AutomaticBrightnessControllerInjector: drop the lightsensor event! lux=0.2895387
08-12 22:47:19.260  1726  2189 I AutomaticBrightnessControllerInjector: drop the lightsensor event! lux=0.0
08-12 22:47:19.260  1726  2189 I AutomaticBrightnessControllerInjector: drop the lightsensor event! lux=0.17869018
08-12 22:47:19.286 25111 25111 W Activity: Slow Operation: Activity com.twoamgames.StrangeThingsMobile/com.epicgames.ue4.GameActivity onCreate took 1137ms
08-12 22:47:19.354 25111 25111 W Looper  : PerfMonitor longMsg : seq=38 plan=22:47:16.871 late=34ms wall=2415ms running=896ms runnable=35ms io=544ms h=android.app.ActivityThread$H w=159 procState=2
08-12 22:47:19.358 25111 25111 W Looper  : PerfMonitor looperActivity : package=com.twoamgames.StrangeThingsMobile/com.epicgames.ue4.GameActivity time=1ms latency=2484ms running=0ms  procState=2 ClientTransaction{ callbacks=[android.app.servertransaction.TopResumedActivityChangeItem] } historyMsgCount=7 (msgIndex=7 wall=2415ms seq=38 running=896ms runnable=35ms io=544ms late=34ms h=android.app.ActivityThread$H w=159)
08-12 22:47:19.371  1726  2189 I AutomaticBrightnessControllerInjector: drop the lightsensor event! lux=0.0
08-12 22:47:19.371  1726  2189 I AutomaticBrightnessControllerInjector: drop the lightsensor event! lux=0.1764393
08-12 22:47:19.379  1726  2991 I Timeline: Timeline: App_transition_ready time:9742697
08-12 22:47:19.386  1726  2991 I Timeline: Timeline: App_transition_ready time:9742704
08-12 22:47:19.458  1726  4664 I Timeline: Timeline: App_transition_ready time:9742776
08-12 22:47:19.519 25111 25111 W Looper  : PerfMonitor doFrame : time=155ms vsyncFrame=0 latency=347ms procState=2 historyMsgCount=14 (msgIndex=1 wall=2415ms seq=38 running=896ms runnable=35ms io=544ms late=34ms h=android.app.ActivityThread$H w=159)
08-12 22:47:19.521  1726  2094 I Timeline: Timeline: App_transition_ready time:9742839
08-12 22:47:19.528  1726  2094 I Timeline: Timeline: App_transition_ready time:9742846
08-12 22:47:19.528  1726  2094 I Timeline: Timeline: Activity_windows_visible id: ActivityRecord{122c0e6 u0 com.twoamgames.StrangeThingsMobile/com.epicgames.ue4.GameActivity t3464} time:9742846
08-12 22:47:19.528  1726  2094 I Timeline: Timeline: App_transition_stopped time:9742846
08-12 22:47:19.550  1726  2189 I AutomaticBrightnessControllerInjector: drop the lightsensor event! lux=0.47250003
08-12 22:47:19.550  1726  2189 I AutomaticBrightnessControllerInjector: drop the lightsensor event! lux=0.19779511
08-12 22:47:19.593  1726  2093 I ActivityManager: PendingStartActivityUids startActivity to updateOomAdj delay:2809ms, uid:10127
08-12 22:47:19.730  1726  2189 I AutomaticBrightnessControllerInjector: drop the lightsensor event! lux=0.47250003
08-12 22:47:19.730  1726  2189 I AutomaticBrightnessControllerInjector: drop the lightsensor event! lux=0.23849332
08-12 22:47:19.910  1726  2189 I AutomaticBrightnessControllerInjector: drop the lightsensor event! lux=0.0
08-12 22:47:19.910  1726  2189 I AutomaticBrightnessControllerInjector: drop the lightsensor event! lux=0.1570608
08-12 22:47:20.092  1726  2189 I AutomaticBrightnessControllerInjector: drop the lightsensor event! lux=0.0
08-12 22:47:20.093  1726  2189 I AutomaticBrightnessControllerInjector: drop the lightsensor event! lux=0.13774745
08-12 22:47:20.270  1726  2189 I AutomaticBrightnessControllerInjector: drop the lightsensor event! lux=0.0
08-12 22:47:20.270  1726  2189 I AutomaticBrightnessControllerInjector: drop the lightsensor event! lux=0.13508777
08-12 22:47:20.450  1726  2189 I AutomaticBrightnessControllerInjector: drop the lightsensor event! lux=0.47250003
08-12 22:47:20.450  1726  2189 I AutomaticBrightnessControllerInjector: drop the lightsensor event! lux=0.15738441
08-12 22:47:20.460  1726  2189 I AutomaticBrightnessControllerInjector: drop the lightsensor event! lux=0.47250003
08-12 22:47:20.461  1726  2189 I AutomaticBrightnessControllerInjector: drop the lightsensor event! lux=0.15971993
08-12 22:47:20.633  1726  2189 I AutomaticBrightnessControllerInjector: drop the lightsensor event! lux=4.1175003
08-12 22:47:20.633  1726  2189 I AutomaticBrightnessControllerInjector: drop the lightsensor event! lux=0.38133374
08-12 22:47:20.812  1726  2189 I AutomaticBrightnessControllerInjector: drop the lightsensor event! lux=0.0
08-12 22:47:20.812  1726  2189 I AutomaticBrightnessControllerInjector: drop the lightsensor event! lux=0.5128057
08-12 22:47:20.992  1726  2189 I AutomaticBrightnessControllerInjector: drop the lightsensor event! lux=0.0
08-12 22:47:20.992  1726  2189 I AutomaticBrightnessControllerInjector: drop the lightsensor event! lux=0.49906573
08-12 22:47:21.170  1726  2189 I AutomaticBrightnessControllerInjector: drop the lightsensor event! lux=0.0
08-12 22:47:21.171  1726  2189 I AutomaticBrightnessControllerInjector: drop the lightsensor event! lux=0.48970744
08-12 22:47:21.194  1726  2189 I AutomaticBrightnessControllerInjector: drop the lightsensor event! lux=0.0
08-12 22:47:21.194  1726  2189 I AutomaticBrightnessControllerInjector: drop the lightsensor event! lux=0.4884526
08-12 22:47:21.351  1726  2189 I AutomaticBrightnessControllerInjector: drop the lightsensor event! lux=0.0
08-12 22:47:21.351  1726  2189 I AutomaticBrightnessControllerInjector: drop the lightsensor event! lux=0.48024458
08-12 22:47:21.394  1726  2189 I AutomaticBrightnessControllerInjector: drop the lightsensor event! lux=0.0
08-12 22:47:21.395  1726  2189 I AutomaticBrightnessControllerInjector: drop the lightsensor event! lux=0.47799647
08-12 22:47:21.532  1726  2189 I AutomaticBrightnessControllerInjector: drop the lightsensor event! lux=0.47250003
08-12 22:47:21.532  1726  2189 I AutomaticBrightnessControllerInjector: drop the lightsensor event! lux=0.49576795
08-12 22:47:21.594  1726  2189 I AutomaticBrightnessControllerInjector: drop the lightsensor event! lux=0.0
08-12 22:47:21.594  1726  2189 I AutomaticBrightnessControllerInjector: drop the lightsensor event! lux=0.47417963
08-12 22:47:21.711  1726  2189 I AutomaticBrightnessControllerInjector: drop the lightsensor event! lux=0.0
08-12 22:47:21.711  1726  2189 I AutomaticBrightnessControllerInjector: drop the lightsensor event! lux=0.44490972
08-12 22:47:21.890  1726  2189 I AutomaticBrightnessControllerInjector: drop the lightsensor event! lux=0.0
08-12 22:47:21.890  1726  2189 I AutomaticBrightnessControllerInjector: drop the lightsensor event! lux=0.40078822
08-12 22:47:21.927  1726  2189 I AutomaticBrightnessControllerInjector: drop the lightsensor event! lux=0.47250003
08-12 22:47:21.927  1726  2189 I AutomaticBrightnessControllerInjector: drop the lightsensor event! lux=0.42013112
08-12 22:47:22.071  1726  2189 I AutomaticBrightnessControllerInjector: drop the lightsensor event! lux=0.0
08-12 22:47:22.071  1726  2189 I AutomaticBrightnessControllerInjector: drop the lightsensor event! lux=0.42422667
08-12 22:47:22.128  1726  2189 I AutomaticBrightnessControllerInjector: drop the lightsensor event! lux=0.47250003
08-12 22:47:22.128  1726  2189 I AutomaticBrightnessControllerInjector: drop the lightsensor event! lux=0.44645125
08-12 22:47:22.252  1726  2189 I AutomaticBrightnessControllerInjector: drop the lightsensor event! lux=0.0
08-12 22:47:22.252  1726  2189 I AutomaticBrightnessControllerInjector: drop the lightsensor event! lux=0.44589728
08-12 22:47:22.328  1726  2189 I AutomaticBrightnessControllerInjector: drop the lightsensor event! lux=4.1175003
08-12 22:47:22.328  1726  2189 I AutomaticBrightnessControllerInjector: drop the lightsensor event! lux=0.659668
08-12 22:47:22.435  1726  2189 I AutomaticBrightnessControllerInjector: drop the lightsensor event! lux=0.47250003
08-12 22:47:22.435  1726  2189 I AutomaticBrightnessControllerInjector: drop the lightsensor event! lux=0.69198465
08-12 22:47:22.613  1726  2189 I AutomaticBrightnessControllerInjector: drop the lightsensor event! lux=0.0
08-12 22:47:22.613  1726  2189 I AutomaticBrightnessControllerInjector: drop the lightsensor event! lux=0.665474
08-12 22:47:22.661  1726  2189 I AutomaticBrightnessControllerInjector: drop the lightsensor event! lux=0.0
08-12 22:47:22.661  1726  2189 I AutomaticBrightnessControllerInjector: drop the lightsensor event! lux=0.6094663
08-12 22:47:22.792  1726  2189 I AutomaticBrightnessControllerInjector: drop the lightsensor event! lux=0.0
08-12 22:47:22.792  1726  2189 I AutomaticBrightnessControllerInjector: drop the lightsensor event! lux=0.37529883
08-12 22:47:22.861  1726  2189 I AutomaticBrightnessControllerInjector: drop the lightsensor event! lux=0.47250003
08-12 22:47:22.861  1726  2189 I AutomaticBrightnessControllerInjector: drop the lightsensor event! lux=0.36314362
08-12 22:47:22.970  1726  2189 I AutomaticBrightnessControllerInjector: drop the lightsensor event! lux=0.47250003
08-12 22:47:22.970  1726  2189 I AutomaticBrightnessControllerInjector: drop the lightsensor event! lux=0.3864047
08-12 22:47:23.151  1726  2189 I AutomaticBrightnessControllerInjector: drop the lightsensor event! lux=4.1175003
08-12 22:47:23.151  1726  2189 I AutomaticBrightnessControllerInjector: drop the lightsensor event! lux=0.61677563
08-12 22:47:23.331  1726  2189 I AutomaticBrightnessControllerInjector: drop the lightsensor event! lux=0.0
08-12 22:47:23.331  1726  2189 I AutomaticBrightnessControllerInjector: drop the lightsensor event! lux=0.7777615
08-12 22:47:23.395  1726  2189 I AutomaticBrightnessControllerInjector: drop the lightsensor event! lux=0.0
08-12 22:47:23.395  1726  2189 I AutomaticBrightnessControllerInjector: drop the lightsensor event! lux=0.7725941
08-12 22:47:23.511  1726  2189 I AutomaticBrightnessControllerInjector: drop the lightsensor event! lux=0.0
08-12 22:47:23.511  1726  2189 I AutomaticBrightnessControllerInjector: drop the lightsensor event! lux=0.7629981
08-12 22:47:23.690  1726  2189 I AutomaticBrightnessControllerInjector: drop the lightsensor event! lux=0.0
08-12 22:47:23.690  1726  2189 I AutomaticBrightnessControllerInjector: drop the lightsensor event! lux=0.73618066
08-12 22:47:23.870  1726  2189 I AutomaticBrightnessControllerInjector: drop the lightsensor event! lux=0.0
08-12 22:47:23.870  1726  2189 I AutomaticBrightnessControllerInjector: drop the lightsensor event! lux=0.7216946
08-12 22:47:24.051  1726  2189 I AutomaticBrightnessControllerInjector: drop the lightsensor event! lux=0.0
08-12 22:47:24.051  1726  2189 I AutomaticBrightnessControllerInjector: drop the lightsensor event! lux=0.6829327
08-12 22:47:24.127  1726  2189 I AutomaticBrightnessControllerInjector: drop the lightsensor event! lux=0.0
08-12 22:47:24.127  1726  2189 I AutomaticBrightnessControllerInjector: drop the lightsensor event! lux=0.67282945
08-12 22:47:24.238  1726  2189 I AutomaticBrightnessControllerInjector: drop the lightsensor event! lux=0.47250003
08-12 22:47:24.239  1726  2189 I AutomaticBrightnessControllerInjector: drop the lightsensor event! lux=0.6675517
08-12 22:47:24.411  1726  2189 I AutomaticBrightnessControllerInjector: drop the lightsensor event! lux=0.0
08-12 22:47:24.411  1726  2189 I AutomaticBrightnessControllerInjector: drop the lightsensor event! lux=0.52673095
08-12 22:47:24.590  1726  2189 I AutomaticBrightnessControllerInjector: drop the lightsensor event! lux=0.0
08-12 22:47:24.590  1726  2189 I AutomaticBrightnessControllerInjector: drop the lightsensor event! lux=0.44470328
08-12 22:47:24.770  1726  2189 I AutomaticBrightnessControllerInjector: drop the lightsensor event! lux=0.47250003
08-12 22:47:24.770  1726  2189 I AutomaticBrightnessControllerInjector: drop the lightsensor event! lux=0.45601225
08-12 22:47:24.951  1726  2189 I AutomaticBrightnessControllerInjector: drop the lightsensor event! lux=4.59
08-12 22:47:24.951  1726  2189 I AutomaticBrightnessControllerInjector: drop the lightsensor event! lux=0.69120187
08-12 22:47:25.131  1726  2189 I AutomaticBrightnessControllerInjector: drop the lightsensor event! lux=0.0
08-12 22:47:25.131  1726  2189 I AutomaticBrightnessControllerInjector: drop the lightsensor event! lux=0.8365213
08-12 22:47:25.310  1726  2189 I AutomaticBrightnessControllerInjector: drop the lightsensor event! lux=5.0625
08-12 22:47:25.310  1726  2189 I AutomaticBrightnessControllerInjector: drop the lightsensor event! lux=0.8110264
08-12 22:47:25.326  1726  2189 I AutomaticBrightnessControllerInjector: drop the lightsensor event! lux=0.0
08-12 22:47:25.326  1726  2189 I AutomaticBrightnessControllerInjector: drop the lightsensor event! lux=0.5572869
08-12 22:47:25.489  1726  2189 I AutomaticBrightnessControllerInjector: drop the lightsensor event! lux=0.0
08-12 22:47:25.489  1726  2189 I AutomaticBrightnessControllerInjector: drop the lightsensor event! lux=0.53936756
08-12 22:47:25.526  1726  2189 I AutomaticBrightnessControllerInjector: drop the lightsensor event! lux=0.47250003
08-12 22:47:25.526  1726  2189 I AutomaticBrightnessControllerInjector: drop the lightsensor event! lux=0.56225383
08-12 22:47:25.668  1726  2189 I AutomaticBrightnessControllerInjector: drop the lightsensor event! lux=0.0
08-12 22:47:25.669  1726  2189 I AutomaticBrightnessControllerInjector: drop the lightsensor event! lux=0.56426203
08-12 22:47:25.849  1726  2189 I AutomaticBrightnessControllerInjector: drop the lightsensor event! lux=0.47250003
08-12 22:47:25.849  1726  2189 I AutomaticBrightnessControllerInjector: drop the lightsensor event! lux=0.5783372
08-12 22:47:26.030  1726  2189 I AutomaticBrightnessControllerInjector: drop the lightsensor event! lux=0.0
08-12 22:47:26.030  1726  2189 I AutomaticBrightnessControllerInjector: drop the lightsensor event! lux=0.5870322
08-12 22:47:26.059  1726  2189 I AutomaticBrightnessControllerInjector: drop the lightsensor event! lux=0.47250003
08-12 22:47:26.059  1726  2189 I AutomaticBrightnessControllerInjector: drop the lightsensor event! lux=0.61013997
08-12 22:47:26.209  1726  2189 I AutomaticBrightnessControllerInjector: drop the lightsensor event! lux=4.1175003
08-12 22:47:26.209  1726  2189 I AutomaticBrightnessControllerInjector: drop the lightsensor event! lux=0.83018625
08-12 22:47:26.242  1726  2338 I ActivityManager: Killing 24224:com.google.process.gservices/u0a192 (adj 955): MiuiMemoryService(cch-empty)
08-12 22:47:26.243  1726  2338 I Process : PerfMonitor : current process sending signal quiet. PID: 24224 SIG: 9
08-12 22:47:26.243  1726  2123 I Process : PerfMonitor : current process killing process group. PID: 24224
08-12 22:47:26.259  1726  2189 I AutomaticBrightnessControllerInjector: drop the lightsensor event! lux=0.0
08-12 22:47:26.259  1726  2189 I AutomaticBrightnessControllerInjector: drop the lightsensor event! lux=0.71290845
08-12 22:47:26.261  1726  2338 I ActivityManager: Killing 24874:org.telegram.messenger/u0a413 (adj 935): MiuiMemoryService(cch-empty)
08-12 22:47:26.262  1726  2338 I Process : PerfMonitor : current process sending signal quiet. PID: 24874 SIG: 9
08-12 22:47:26.264  1726  2123 I Process : PerfMonitor : current process killing process group. PID: 24874
08-12 22:47:26.278  1726  2338 I ActivityManager: Killing 24722:com.google.android.apps.photos/u0a222 (adj 925): MiuiMemoryService(cch-empty)
08-12 22:47:26.279  1726  2338 I Process : PerfMonitor : current process sending signal quiet. PID: 24722 SIG: 9
08-12 22:47:26.363  1726  2123 I Process : PerfMonitor : current process killing process group. PID: 24722
08-12 22:47:26.388  1726  2189 I AutomaticBrightnessControllerInjector: drop the lightsensor event! lux=0.47250003
08-12 22:47:26.388  1726  2189 I AutomaticBrightnessControllerInjector: drop the lightsensor event! lux=0.7022757
08-12 22:47:26.459  1726  2189 I AutomaticBrightnessControllerInjector: drop the lightsensor event! lux=0.0
08-12 22:47:26.459  1726  2189 I AutomaticBrightnessControllerInjector: drop the lightsensor event! lux=0.68496966
08-12 22:47:26.568  1726  2189 I AutomaticBrightnessControllerInjector: drop the lightsensor event! lux=0.0
08-12 22:47:26.568  1726  2189 I AutomaticBrightnessControllerInjector: drop the lightsensor event! lux=0.67659724
08-12 22:47:26.749  1726  2189 I AutomaticBrightnessControllerInjector: drop the lightsensor event! lux=0.0
08-12 22:47:26.749  1726  2189 I AutomaticBrightnessControllerInjector: drop the lightsensor event! lux=0.6626951
08-12 22:47:26.792  1726  2189 I AutomaticBrightnessControllerInjector: drop the lightsensor event! lux=0.47250003
08-12 22:47:26.793  1726  2189 I AutomaticBrightnessControllerInjector: drop the lightsensor event! lux=0.6800086
08-12 22:47:26.929  1726  2189 I AutomaticBrightnessControllerInjector: drop the lightsensor event! lux=0.0
08-12 22:47:26.929  1726  2189 I AutomaticBrightnessControllerInjector: drop the lightsensor event! lux=0.6513869
08-12 22:47:26.994  1726  2189 I AutomaticBrightnessControllerInjector: drop the lightsensor event! lux=0.47250003
08-12 22:47:26.994  1726  2189 I AutomaticBrightnessControllerInjector: drop the lightsensor event! lux=0.5824879
08-12 22:47:27.109  1726  2189 I AutomaticBrightnessControllerInjector: drop the lightsensor event! lux=4.1175003
08-12 22:47:27.109  1726  2189 I AutomaticBrightnessControllerInjector: drop the lightsensor event! lux=0.5755801
08-12 22:47:27.289  1726  2189 I AutomaticBrightnessControllerInjector: drop the lightsensor event! lux=0.0
08-12 22:47:27.289  1726  2189 I AutomaticBrightnessControllerInjector: drop the lightsensor event! lux=0.69546545
08-12 22:47:27.469  1726  2189 I AutomaticBrightnessControllerInjector: drop the lightsensor event! lux=0.47250003
08-12 22:47:27.469  1726  2189 I AutomaticBrightnessControllerInjector: drop the lightsensor event! lux=0.6737001
08-12 22:47:27.526  1726  2189 I AutomaticBrightnessControllerInjector: drop the lightsensor event! lux=4.1175003
08-12 22:47:27.526  1726  2189 I AutomaticBrightnessControllerInjector: drop the lightsensor event! lux=0.8766134
08-12 22:47:27.649  1726  2189 I AutomaticBrightnessControllerInjector: drop the lightsensor event! lux=0.47250003
08-12 22:47:27.649  1726  2189 I AutomaticBrightnessControllerInjector: drop the lightsensor event! lux=0.915694
08-12 22:47:27.726  1726  2189 I AutomaticBrightnessControllerInjector: drop the lightsensor event! lux=0.0
08-12 22:47:27.726  1726  2189 I AutomaticBrightnessControllerInjector: drop the lightsensor event! lux=0.89874434
08-12 22:47:27.831  1726  2189 I AutomaticBrightnessControllerInjector: drop the lightsensor event! lux=0.0
08-12 22:47:27.831  1726  2189 I AutomaticBrightnessControllerInjector: drop the lightsensor event! lux=0.88865685
08-12 22:47:28.009  1726  2189 I AutomaticBrightnessControllerInjector: drop the lightsensor event! lux=0.0
08-12 22:47:28.009  1726  2189 I AutomaticBrightnessControllerInjector: drop the lightsensor event! lux=0.8400516
08-12 22:47:28.189  1726  2189 I AutomaticBrightnessControllerInjector: drop the lightsensor event! lux=0.47250003
08-12 22:47:28.189  1726  2189 I AutomaticBrightnessControllerInjector: drop the lightsensor event! lux=0.8187266
08-12 22:47:28.259  1726  2189 I AutomaticBrightnessControllerInjector: drop the lightsensor event! lux=0.0
08-12 22:47:28.260  1726  2189 I AutomaticBrightnessControllerInjector: drop the lightsensor event! lux=0.71456057
08-12 22:47:28.368  1726  2189 I AutomaticBrightnessControllerInjector: drop the lightsensor event! lux=0.0
08-12 22:47:28.369  1726  2189 I AutomaticBrightnessControllerInjector: drop the lightsensor event! lux=0.70597696
08-12 22:47:28.549  1726  2189 I AutomaticBrightnessControllerInjector: drop the lightsensor event! lux=0.0
08-12 22:47:28.549  1726  2189 I AutomaticBrightnessControllerInjector: drop the lightsensor event! lux=0.6778236
08-12 22:47:28.729  1726  2189 I AutomaticBrightnessControllerInjector: drop the lightsensor event! lux=0.0
08-12 22:47:28.729  1726  2189 I AutomaticBrightnessControllerInjector: drop the lightsensor event! lux=0.6639667
08-12 22:47:28.909  1726  2189 I AutomaticBrightnessControllerInjector: drop the lightsensor event! lux=0.0
08-12 22:47:28.909  1726  2189 I AutomaticBrightnessControllerInjector: drop the lightsensor event! lux=0.6270092
08-12 22:47:29.089  1726  2189 I AutomaticBrightnessControllerInjector: drop the lightsensor event! lux=0.47250003
08-12 22:47:29.089  1726  2189 I AutomaticBrightnessControllerInjector: drop the lightsensor event! lux=0.6159858
08-12 22:47:29.269  1726  2189 I AutomaticBrightnessControllerInjector: drop the lightsensor event! lux=0.0
08-12 22:47:29.269  1726  2189 I AutomaticBrightnessControllerInjector: drop the lightsensor event! lux=0.34409276
08-12 22:47:29.449  1726  2189 I AutomaticBrightnessControllerInjector: drop the lightsensor event! lux=0.47250003
08-12 22:47:29.449  1726  2189 I AutomaticBrightnessControllerInjector: drop the lightsensor event! lux=0.32785589
