08-12 22:50:27.202  2982  6531 I SarService: Receiver polling >>>> Change receiver mode: off
08-12 22:50:27.236 25111 25487 I AudioTrack: isLongTimeZoreData zoer date time 16 Seconds
08-12 22:50:27.402  2982  6531 I SarService: Receiver polling >>>> Change receiver mode: off
08-12 22:50:27.467   982   982 E qdlights: set backlight level :path = /sys/class/backlight/panel0-backlight/brightness, value = 558
08-12 22:50:27.603  2982  6531 I SarService: Receiver polling >>>> Change receiver mode: off
08-12 22:50:27.799   982   982 E qdlights: set backlight level :path = /sys/class/backlight/panel0-backlight/brightness, value = 559
08-12 22:50:27.803  2982  6531 I SarService: Receiver polling >>>> Change receiver mode: off
08-12 22:50:27.898  1008  1008 I ANDR-PERF-LM: LMPerfGlue: perfmodule_submit_request() 132: perfmodule_submit_request()
08-12 22:50:27.898  1008  1008 I ANDR-PERF-LM: Core: getInstance() 84: LM getInstance
08-12 22:50:27.898  1008  1008 D ANDR-PERF-LM: Feature: lookup() 101: Feature Name = AppClassifier, total featuers = 4, featureFound = 1
08-12 22:50:27.899  1008  1008 D ANDR-PERF-LM: Feature: getData() 112: data.data = 0
08-12 22:50:27.899  1008  1008 I ANDR-PERF-LM: FeedbackAPI: getFeedback() 60: app:com.twoamgames.StrangeThingsMobile feature:AppClassifier feedback = 0
08-12 22:50:27.899  1008  1008 I ANDR-PERF-LM: LMPerfGlue: perfmodule_submit_request() 132: perfmodule_submit_request()
08-12 22:50:27.899  1008  1008 I ANDR-PERF-LM: Core: getInstance() 84: LM getInstance
08-12 22:50:27.899  1008  1008 I ANDR-PERF-LM: WQ: push() 59: LMTriggerQ push() size=0
08-12 22:50:27.899  1008  1008 I ANDR-PERF-LM: WQ: push() 61: LMTriggerQ push() done size=1
08-12 22:50:27.900  1008  1008 I ANDR-PERF-LM: LMPerfGlue: perfmodule_submit_request() 132: perfmodule_submit_request()
08-12 22:50:27.900  1008  1008 I ANDR-PERF-LM: Core: getInstance() 84: LM getInstance
08-12 22:50:27.900  1008  1008 D ANDR-PERF-LM: Feature: lookup() 101: Feature Name = AppClassifier, total featuers = 4, featureFound = 1
08-12 22:50:27.900  1008  1043 I ANDR-PERF-LM: WQ: pop() 42: LMTriggerQ pop() done size=0
08-12 22:50:27.900  1008  1043 I ANDR-PERF-LM: Core: lmMain() 373: Waiting on trigger Queue
08-12 22:50:27.900  1008  1043 I ANDR-PERF-LM: WQ: pop() 31: LMTriggerQ pop() size=0
08-12 22:50:27.900  1008  1008 D ANDR-PERF-LM: Feature: getData() 112: data.data = 0
08-12 22:50:27.900  1008  1008 I ANDR-PERF-LM: FeedbackAPI: getFeedback() 60: app:com.twoamgames.StrangeThingsMobile feature:AppClassifier feedback = 0
08-12 22:50:27.922  1726  2091 I chatty  : uid=1000(system) android.ui expire 1 line
08-12 22:50:27.938  1008  1008 I ANDR-PERF-LM: LMPerfGlue: perfmodule_submit_request() 132: perfmodule_submit_request()
08-12 22:50:27.938  1008  1008 I ANDR-PERF-LM: Core: getInstance() 84: LM getInstance
08-12 22:50:27.938  1008  1008 D ANDR-PERF-LM: Feature: lookup() 101: Feature Name = AppClassifier, total featuers = 4, featureFound = 1
08-12 22:50:27.938  1008  1008 D ANDR-PERF-LM: Feature: getData() 112: data.data = 0
08-12 22:50:27.938  1008  1008 I ANDR-PERF-LM: FeedbackAPI: getFeedback() 60: app:com.twoamgames.StrangeThingsMobile feature:AppClassifier feedback = 0
08-12 22:50:27.939  1008  1008 I ANDR-PERF-LM: LMPerfGlue: perfmodule_submit_request() 132: perfmodule_submit_request()
08-12 22:50:27.939  1008  1008 I ANDR-PERF-LM: Core: getInstance() 84: LM getInstance
08-12 22:50:27.939  1008  1008 I ANDR-PERF-LM: WQ: push() 59: LMTriggerQ push() size=0
08-12 22:50:27.939  1008  1008 I ANDR-PERF-LM: WQ: push() 61: LMTriggerQ push() done size=1
08-12 22:50:27.939  1008  1043 I ANDR-PERF-LM: WQ: pop() 42: LMTriggerQ pop() done size=0
08-12 22:50:27.939  1008  1043 I ANDR-PERF-LM: Core: lmMain() 373: Waiting on trigger Queue
08-12 22:50:27.939  1008  1043 I ANDR-PERF-LM: WQ: pop() 31: LMTriggerQ pop() size=0
08-12 22:50:27.943  1008  1008 I ANDR-PERF-LM: LMPerfGlue: perfmodule_submit_request() 132: perfmodule_submit_request()
08-12 22:50:27.943  1008  1008 I ANDR-PERF-LM: Core: getInstance() 84: LM getInstance
08-12 22:50:27.943  1008  1008 D ANDR-PERF-LM: Feature: lookup() 101: Feature Name = AppClassifier, total featuers = 4, featureFound = 1
08-12 22:50:27.943  1008  1008 D ANDR-PERF-LM: Feature: getData() 112: data.data = 0
08-12 22:50:27.943  1008  1008 I ANDR-PERF-LM: FeedbackAPI: getFeedback() 60: app:com.twoamgames.StrangeThingsMobile feature:AppClassifier feedback = 0
08-12 22:50:27.943  1008  1008 I ANDR-PERF-LM: LMPerfGlue: perfmodule_submit_request() 132: perfmodule_submit_request()
08-12 22:50:27.943  1008  1008 I ANDR-PERF-LM: Core: getInstance() 84: LM getInstance
08-12 22:50:27.943  1008  1008 I ANDR-PERF-LM: WQ: push() 59: LMTriggerQ push() size=0
08-12 22:50:27.943  1008  1008 I ANDR-PERF-LM: WQ: push() 61: LMTriggerQ push() done size=1
08-12 22:50:27.943  1008  1043 I ANDR-PERF-LM: WQ: pop() 42: LMTriggerQ pop() done size=0
08-12 22:50:27.943  1008  1043 I ANDR-PERF-LM: Core: lmMain() 373: Waiting on trigger Queue
08-12 22:50:27.943  1008  1043 I ANDR-PERF-LM: WQ: pop() 31: LMTriggerQ pop() size=0
08-12 22:50:27.944  1008  1008 I ANDR-PERF-LM: LMPerfGlue: perfmodule_submit_request() 132: perfmodule_submit_request()
08-12 22:50:27.944  1008  1008 I ANDR-PERF-LM: Core: getInstance() 84: LM getInstance
08-12 22:50:27.944  1008  1008 D ANDR-PERF-LM: Feature: lookup() 101: Feature Name = AppClassifier, total featuers = 4, featureFound = 1
08-12 22:50:27.944  1008  1008 D ANDR-PERF-LM: Feature: getData() 112: data.data = 0
08-12 22:50:27.944  1008  1008 I ANDR-PERF-LM: FeedbackAPI: getFeedback() 60: app:com.twoamgames.StrangeThingsMobile feature:AppClassifier feedback = 0
08-12 22:50:27.951  2517  2517 D StatusBar: disable<e i a s b h r c s > disable2<q i n >
08-12 22:50:27.978  1099  1099 W Layer   : [Bounds for - com.twoamgames.StrangeThingsMobile/com.epicgames.ue4.GameActivity#0] sync point 6 wait timeout 5019644321 for com.twoamgames.StrangeThingsMobile/com.epicgames.ue4.GameActivity#0
08-12 22:50:28.004  2982  6531 I SarService: Receiver polling >>>> Change receiver mode: off
08-12 22:50:28.104 27450 27882 W AMessage: failed to deliver message as target handler 1 is gone.
08-12 22:50:28.131   982   982 E qdlights: set backlight level :path = /sys/class/backlight/panel0-backlight/brightness, value = 560
08-12 22:50:28.204  2982  6531 I SarService: Receiver polling >>>> Change receiver mode: off
08-12 22:50:28.304 25111 25487 I AudioTrack: isLongTimeZoreData zoer date time 17 Seconds
08-12 22:50:28.405  2982  6531 I SarService: Receiver polling >>>> Change receiver mode: off
08-12 22:50:28.466   982   982 E qdlights: set backlight level :path = /sys/class/backlight/panel0-backlight/brightness, value = 561
08-12 22:50:28.475 27450 27894 D CCodecBufferChannel: [c2.android.aac.decoder#390] DEBUG: elapsed: n=4 [in=0 pipeline=0 out=0 smoothness=4]
08-12 22:50:28.475 27450 27894 D PipelineWatcher: DEBUG: elapsed 0 / 4
08-12 22:50:28.605  2982  6531 I SarService: Receiver polling >>>> Change receiver mode: off
08-12 22:50:28.677  1726  3581 W BaseMiuiPhoneWindowManager: keyCode:82 down:true eventTime:9931977 downTime:9931977 policyFlags:2b000002 flags:48 deviceId:-1 isScreenOn:true keyguardActive:false repeatCount:0
08-12 22:50:28.706  1726  3581 W BaseMiuiPhoneWindowManager: keyCode:82 down:false eventTime:9932022 downTime:9931977 policyFlags:2b000002 flags:48 deviceId:-1 isScreenOn:true keyguardActive:false repeatCount:0
08-12 22:50:28.725  2517  2517 V ShadeControllerImpl: NotificationShadeWindow: com.android.systemui.statusbar.phone.NotificationShadeWindowView{75e3c3e I.E...... ......ID 0,0-1080,2400} canPanelBeCollapsed(): false
08-12 22:50:28.725  2517  2517 I vol.MiuiVolumeDialogImp-plugin: dismissH mShowing:false dialog showing:false reason:2
08-12 22:50:28.728  2720  2747 W RecentsModel: getRunningTask
08-12 22:50:28.734  2720  2747 W RecentsModel: getRunningTask   taskInfo=TaskInfo{userId=0 stackId=3464 taskId=3464 displayId=0 isRunning=true baseIntent=Intent { flg=0x10000000 cmp=com.twoamgames.StrangeThingsMobile/com.epicgames.ue4.SplashActivity } baseActivity=ComponentInfo{com.twoamgames.StrangeThingsMobile/com.epicgames.ue4.GameActivity} topActivity=ComponentInfo{com.twoamgames.StrangeThingsMobile/com.epicgames.ue4.GameActivity} origActivity=null realActivity=ComponentInfo{com.twoamgames.StrangeThingsMobile/com.epicgames.ue4.SplashActivity} numActivities=1 lastActiveTime=21396849 supportsSplitScreenMultiWindow=true resizeMode=1 isResizeable=true token=android.window.WindowContainerToken@21c2cba topActivityType=1 pictureInPictureParams=null topActivityInfo=ActivityInfo{d7be76b com.epicgames.ue4.GameActivity}
08-12 22:50:28.734  2720  2747 W RecentsModel: getTaskInfoIgnoreHomeAndFreeform   taskInfo=ComponentInfo{com.twoamgames.StrangeThingsMobile/com.epicgames.ue4.GameActivity}
08-12 22:50:28.737  2720  2720 E RotationHelper: setCurrentStateRequest: request=1
08-12 22:50:28.737  2720  2720 E RotationHelper: notifyChange activityFlags=1, mMultiWindowRotationRequest=3, mCurrentTransitionRequest=0, mCurrentStateRequest=1
08-12 22:50:28.740  2720  2866 E StateBroadcastUtils: sendFsStateBroadCast state=toRecents   channel=navigation_bar   packageName=
08-12 22:50:28.741  2517  2517 V ShadeControllerImpl: NotificationShadeWindow: com.android.systemui.statusbar.phone.NotificationShadeWindowView{75e3c3e I.E...... ......ID 0,0-1080,2400} canPanelBeCollapsed(): false
08-12 22:50:28.741  2517  2517 I vol.MiuiVolumeDialogImp-plugin: dismissH mShowing:false dialog showing:false reason:2
08-12 22:50:28.745  2720  2720 E ActivityManagerWrapper: getRecentTasks: size=3
08-12 22:50:28.745  2720  2720 E ActivityManagerWrapper: getRecentTasks: taskId=3464   userId=0   baseIntent=Intent { flg=0x10000000 cmp=com.twoamgames.StrangeThingsMobile/com.epicgames.ue4.SplashActivity }
08-12 22:50:28.745  2720  2720 E ActivityManagerWrapper: getRecentTasks: taskId=3465   userId=0   baseIntent=Intent { flg=0x10800000 cmp=com.android.settings/.Settings$UsbDetailsActivity }
08-12 22:50:28.745  2720  2720 E ActivityManagerWrapper: getRecentTasks: taskId=3463   userId=0   baseIntent=Intent { act=android.intent.action.VIEW dat=file:///data/app/vmdl122294020.tmp typ=application/vnd.android.package-archive flg=0x18800000 cmp=com.miui.securitycenter/com.miui.permcenter.install.AdbInstallActivity }
08-12 22:50:28.784  2720  2720 D TaskView: TaskView bind task, task=[id=3464 stackId=3464 windowingMode=1 user=0 lastActiveTime=21396849, component=ComponentInfo{com.twoamgames.StrangeThingsMobile/com.epicgames.ue4.SplashActivity}] Horror Game Kit, isLock=false
08-12 22:50:28.789  2720  2720 D TaskView: TaskView bind task, task=[id=3464 stackId=3464 windowingMode=1 user=0 lastActiveTime=21396849, component=ComponentInfo{com.twoamgames.StrangeThingsMobile/com.epicgames.ue4.SplashActivity}] Horror Game Kit, isLock=false
08-12 22:50:28.795  2720  2720 D StateManager: goToState  state=OverviewState   anim=false
08-12 22:50:28.795  2720  2720 D StateManager: LauncherState changed, from com.miui.home.launcher.LauncherState@f0f9d41 to com.miui.home.recents.OverviewState@cd5f2e6
08-12 22:50:28.795  2720  2720 E OverviewState: onStateEnabled
08-12 22:50:28.799   982   982 E qdlights: set backlight level :path = /sys/class/backlight/panel0-backlight/brightness, value = 562
08-12 22:50:28.800  2720  2720 E ActivityManagerWrapper: getRecentTasks: size=3
08-12 22:50:28.800  2720  2720 E ActivityManagerWrapper: getRecentTasks: taskId=3464   userId=0   baseIntent=Intent { flg=0x10000000 cmp=com.twoamgames.StrangeThingsMobile/com.epicgames.ue4.SplashActivity }
08-12 22:50:28.800  2720  2720 E ActivityManagerWrapper: getRecentTasks: taskId=3465   userId=0   baseIntent=Intent { flg=0x10800000 cmp=com.android.settings/.Settings$UsbDetailsActivity }
08-12 22:50:28.800  2720  2720 E ActivityManagerWrapper: getRecentTasks: taskId=3463   userId=0   baseIntent=Intent { act=android.intent.action.VIEW dat=file:///data/app/vmdl122294020.tmp typ=application/vnd.android.package-archive flg=0x18800000 cmp=com.miui.securitycenter/com.miui.permcenter.install.AdbInstallActivity }
08-12 22:50:28.801  2720  2720 D TaskView: TaskView bind task, task=[id=3464 stackId=3464 windowingMode=1 user=0 lastActiveTime=21396849, component=ComponentInfo{com.twoamgames.StrangeThingsMobile/com.epicgames.ue4.SplashActivity}] Horror Game Kit, isLock=false
08-12 22:50:28.802  2720  2866 D RecentsContainer: notifyRecentTaskState: true
08-12 22:50:28.802  2720  3094 D MiuiMultiWindowUtils: readFreeformTimestamps::str = ["{com.whatsapp=[1658345716263]}"]
08-12 22:50:28.803  2720  3094 D MiuiMultiWindowUtils: readFreeformTimestamps::result = {com.whatsapp=[1658345716263]}
08-12 22:50:28.805  2982  6531 I SarService: Receiver polling >>>> Change receiver mode: off
08-12 22:50:28.806  1726  4664 I chatty  : uid=1000(system) Binder:1726_1F expire 1 line
08-12 22:50:28.822  2720  3034 D RecentsContainer: getFreeMemory:1300957184
08-12 22:50:28.828  2720  2720 E RotationHelper: setCurrentStateRequest: request=1
08-12 22:50:28.828  2720  2720 D EventBus: No subscribers registered for event class com.miui.home.launcher.common.messages.CloseAllOverLauncherWindowMessage
08-12 22:50:28.828  2720  2720 D EventBus: No subscribers registered for event class org.greenrobot.eventbus.NoSubscriberEvent
08-12 22:50:28.862  2720  2720 E StateManager: setWorkspaceProperty  state=OverviewState
08-12 22:50:28.863  2720  2720 E StateManager: setShortcutMenuLayerProperty  state=OverviewState   alpha=0.0   scale=0.93
08-12 22:50:28.863  2720  2866 D StatusBarController: handleMessage: flag 800000  disable false
08-12 22:50:28.864  2720  2720 E RecentsViewStateController: setState: state=OverviewState
08-12 22:50:28.865  2720  2720 E OverviewState: onStateTransitionEnd
08-12 22:50:28.865  2720  2720 E RotationHelper: setCurrentStateRequest: request=1
08-12 22:50:28.865  2720  2720 I Timeline: Timeline: Activity_launch_request time:9932183
08-12 22:50:28.869  1726  2093 I chatty  : uid=1000(system) android.display expire 4 lines
08-12 22:50:28.877  1284  1284 I perfetto: ing_service_impl.cc:758 Configured tracing session 57, #sources:1, duration:5000 ms, #buffers:1, total buffer size:4096 KB, total sessions:1, uid:1071 session name: ""
08-12 22:50:28.877  1283  1283 I perfetto: probes_producer.cc:230  Ftrace setup (target_buf=57)
08-12 22:50:28.879  1726  3581 I ActivityTaskManager: START u0 {act=android.intent.action.MAIN cat=[android.intent.category.HOME] flg=0x10000000 cmp=com.miui.home/.launcher.Launcher (has extras)} from uid 10094
08-12 22:50:28.884  1283  1283 I perfetto: ftrace_procfs.cc:176    enabled ftrace
08-12 22:50:28.919  1008  1008 I ANDR-PERF-LM: LMPerfGlue: perfmodule_submit_request() 132: perfmodule_submit_request()
08-12 22:50:28.920  1008  1008 I ANDR-PERF-LM: Core: getInstance() 84: LM getInstance
08-12 22:50:28.920  1008  1008 I ANDR-PERF-LM: WQ: push() 59: LMTriggerQ push() size=0
08-12 22:50:28.920  1008  1008 I ANDR-PERF-LM: WQ: push() 61: LMTriggerQ push() done size=1
08-12 22:50:28.920  1008  1043 I ANDR-PERF-LM: WQ: pop() 42: LMTriggerQ pop() done size=0
08-12 22:50:28.920  1008  1043 I ANDR-PERF-LM: Core: lmMain() 381: Calling runAsync for GameOptimization
08-12 22:50:28.921  1008  1043 D ANDR-PERF-LM: Feature: lookup() 101: Feature Name = AppClassifier, total featuers = 4, featureFound = 1
08-12 22:50:28.922  1008  1043 D ANDR-PERF-LM: Feature: getData() 112: data.data = 0
08-12 22:50:28.923  1008  1043 I ANDR-PERF-LM: Core: lmMain() 391: runAsync for GameOptimization returned
08-12 22:50:28.923  1008  1043 I ANDR-PERF-LM: Core: lmMain() 373: Waiting on trigger Queue
08-12 22:50:28.923  1008  1043 I ANDR-PERF-LM: WQ: pop() 31: LMTriggerQ pop() size=0
08-12 22:50:28.925  1008  1008 I ANDR-PERF-LM: LMPerfGlue: perfmodule_submit_request() 132: perfmodule_submit_request()
08-12 22:50:28.925  1008  1008 I ANDR-PERF-LM: Core: getInstance() 84: LM getInstance
08-12 22:50:28.925  1008  1008 I ANDR-PERF-LM: WQ: push() 59: LMTriggerQ push() size=0
08-12 22:50:28.925  1008  1008 I ANDR-PERF-LM: WQ: push() 61: LMTriggerQ push() done size=1
08-12 22:50:28.925  1008  1043 I ANDR-PERF-LM: WQ: pop() 42: LMTriggerQ pop() done size=0
08-12 22:50:28.925  1008  1043 I ANDR-PERF-LM: Core: lmMain() 381: Calling runAsync for GameOptimization
08-12 22:50:28.925  1008  1043 D ANDR-PERF-LM: Feature: lookup() 101: Feature Name = AppClassifier, total featuers = 4, featureFound = 1
08-12 22:50:28.926  1008  1043 D ANDR-PERF-LM: Feature: getData() 112: data.data = 0
08-12 22:50:28.926  1008  1043 I ANDR-PERF-LM: Core: lmMain() 391: runAsync for GameOptimization returned
08-12 22:50:28.926  1008  1043 I ANDR-PERF-LM: Core: lmMain() 373: Waiting on trigger Queue
08-12 22:50:28.926  1008  1043 I ANDR-PERF-LM: WQ: pop() 31: LMTriggerQ pop() size=0
08-12 22:50:28.932 11314 15011 I GST     : forePkg: com.miui.home, preForePkg: com.twoamgames.StrangeThingsMobile
08-12 22:50:28.932  4199  7074 I ProcessMonitor: onForegroundInfoChanged: ForegroundInfo{mForegroundPackageName='com.miui.home', mForegroundUid=10094, mForegroundPid=2720, mLastForegroundPackageName='com.twoamgames.StrangeThingsMobile', mLastForegroundUid=10127, mLastForegroundPid=25111, mMultiWindowForegroundPackageName='null', mMultiWindowForegroundUid=-1, mFlags=0}
08-12 22:50:28.933 27394 27412 D AutoInstallService: onForegroundInfoChanged: com.miui.home
08-12 22:50:28.934 11354 11384 D PerfEngineController: ForegroundInfo{mForegroundPackageName='com.miui.home', mForegroundUid=10094, mForegroundPid=2720, mLastForegroundPackageName='com.twoamgames.StrangeThingsMobile', mLastForegroundUid=10127, mLastForegroundPid=25111, mMultiWindowForegroundPackageName='null', mMultiWindowForegroundUid=-1, mFlags=0}
08-12 22:50:28.935 11354 11456 I ThermalInfoCollector: collectForgroundAppsInfo
08-12 22:50:28.936  1726  3581 I Timeline: Timeline: App_transition_ready time:9932254
08-12 22:50:28.938  4199  7074 I GameBoosterService: onForegroundInfoChanged: Cur=com.miui.home	 last=com.twoamgames.StrangeThingsMobile
08-12 22:50:28.938 25111 25111 D UE4     : [GameActivity] onPause: stop memory reporter runnable
08-12 22:50:28.939 25111 25425 D UE4     : Case APP_CMD_PAUSE
08-12 22:50:28.939  4199  7074 D GameBoosterService: onGameStatusChange foreground:ForegroundInfo{mForegroundPackageName='com.miui.home', mForegroundUid=10094, mForegroundPid=2720, mLastForegroundPackageName='com.twoamgames.StrangeThingsMobile', mLastForegroundUid=10127, mLastForegroundPid=25111, mMultiWindowForegroundPackageName='null', mMultiWindowForegroundUid=-1, mFlags=0}
08-12 22:50:28.939 25111 25425 D UE4     : [2022.08.13-01.50.28:939][935]LogAndroid: Case APP_CMD_PAUSE
08-12 22:50:28.940  4199  7074 I GameBoosterService: onForegroundInfoChanged: Exit
08-12 22:50:28.940 25111 25425 D UE4     : LogAndroidEvents::EnqueueAppEvent : 6, [width=-1, height=-1], tid = 25425, APP_EVENT_STATE_ON_PAUSE
08-12 22:50:28.940 25111 25425 D UE4     : [2022.08.13-01.50.28:940][935]LogAndroid: event thread, suspending app, acquiring HW window lock.
08-12 22:50:28.940  4199  7074 I VideoBoxUtils: isSupportVideoBox: false
08-12 22:50:28.940 25111 25425 D UE4     : LogAndroidEvents::EnqueueAppEvent : 15, [width=-1, height=-1], tid = 25425, APP_EVENT_RUN_CALLBACK
08-12 22:50:28.940 25111 25425 D UE4     : [2022.08.13-01.50.28:940][935]LogAndroid: AndroidEGL::  SuspendApp_EventThread, waiting for event manager to process. tid: 25425
08-12 22:50:28.940 25111 25111 D UE4     : [GameActivity] ==============> GameActive.onPause complete!
08-12 22:50:28.940  4199  7074 I VideoToolBoxService: onForegroundInfoChanged: Exit Vtb
08-12 22:50:28.942 25111 25424 D UE4     : [2022.08.13-01.50.28:942][935]LogAndroidEvents: Display: LogAndroidEvents::DequeueAppEvent : 6, [width=-1, height=-1], APP_EVENT_STATE_ON_PAUSE
08-12 22:50:28.943 25111 25424 D UE4     : FAppEventManager::Tick processing, 6
08-12 22:50:28.943 25111 25424 D UE4     : [2022.08.13-01.50.28:943][935]LogAndroidEvents: Display: LogAndroidEvents::DequeueAppEvent : 15, [width=-1, height=-1], APP_EVENT_RUN_CALLBACK
08-12 22:50:28.943 25111 25424 D UE4     : FAppEventManager::Tick processing, 15
08-12 22:50:28.943 25111 25424 D UE4     : [2022.08.13-01.50.28:943][935]LogAndroidEvents: Display: Event thread callback running.
08-12 22:50:28.943 25111 25424 D UE4     : [2022.08.13-01.50.28:943][935]LogAndroid: performing app backgrounding callback. 0x7856bb7aa0
08-12 22:50:28.943  1726  4659 I Timeline: Timeline: App_transition_ready time:9932261
08-12 22:50:28.947  1726  2094 I Timeline: Timeline: App_transition_ready time:9932265
08-12 22:50:28.949  1726  4659 I chatty  : uid=1000(system) Binder:1726_1C expire 21 lines
08-12 22:50:28.954  2720  2720 D RecentsContainer: onApplyWindowInsets, insets=WindowInsets{
08-12 22:50:28.954  2720  2720 D RecentsContainer:     statusBars=Insets{left=0, top=102, right=0, bottom=0} max=Insets{left=0, top=102, right=0, bottom=0} vis=false
08-12 22:50:28.954  2720  2720 D RecentsContainer:     navigationBars=Insets{left=0, top=0, right=0, bottom=130} max=Insets{left=0, top=0, right=0, bottom=130} vis=false
08-12 22:50:28.954  2720  2720 D RecentsContainer:     =Insets{left=0, top=0, right=0, bottom=0} max=null vis=false
08-12 22:50:28.954  2720  2720 D RecentsContainer:     ime=Insets{left=0, top=0, right=0, bottom=0} max=null vis=false
08-12 22:50:28.954  2720  2720 D RecentsContainer:     systemGestures=Insets{left=0, top=102, right=0, bottom=130} max=Insets{left=0, top=102, right=0, bottom=130} vis=true
08-12 22:50:28.954  2720  2720 D RecentsContainer:     mandatorySystemGestures=Insets{left=0, top=102, right=0, bottom=130} max=Insets{left=0, top=102, right=0, bottom=130} vis=true
08-12 22:50:28.954  2720  2720 D RecentsContainer:     tappableElement=Insets{left=0, top=102, right=0, bottom=130} max=Insets{left=0, top=102, right=0, bottom=130} vis=true
08-12 22:50:28.954  2720  2720 D RecentsContainer:     displayCutout=Insets{left=0, top=102, right=0, bottom=0} max=Insets{left=0, top=102, right=0, bottom=0} vis=true
08-12 22:50:28.954  2720  2720 D RecentsContainer:     windowDecor=null max=null vis=false
08-12 22:50:28.954  2720  2720 D RecentsContainer:     cutout=DisplayCutout{insets=Rect(0, 102 - 0, 0) waterfall=Insets{left=0, top=0, right=0, bottom=0} boundingRect={Bounds=[Rect(0, 0 - 0, 0), Rect(504, 0 - 576, 102), Rect(0, 0 - 0, 0), Rect(0, 0 - 0, 0)]}}
08-12 22:50:28.954  2720  2720 D RecentsContainer:     }, rotation=1
08-12 22:50:28.954  2720  2720 D RecentsContainer: updateAllInsets, from=Rect(0, 102 - 0, 0), to=Rect(0, 102 - 0, 130), rotation=1
08-12 22:50:28.954  2720  2720 D RecentsContainer: visualRotationInsets changed, from=Rect(102, 0 - 0, 0), to=Rect(102, 0 - 130, 0)
08-12 22:50:28.954  2720  2720 D TaskStackLayoutAlgorithm: systemInsets=Rect(102, 0 - 130, 0)
08-12 22:50:28.954  2720  2720 D TaskStackLayoutAlgorithm: systemInsets=Rect(102, 0 - 130, 0)
08-12 22:50:28.954  2720  2720 D RecentsContainer: modifyRecentsDecorationsMargin, margin changed, margin=Rect(102, 0 - 130, 0)
08-12 22:50:28.977  2720  2720 D Launcher.Lifecycle: onStart:UserHandle{0},a78917,false
08-12 22:50:28.979  2517  2517 D NotifBadge: recevie broadbcast ACTION_APPLICATION_MESSAGE_QUERY, requestFirstTime=false
08-12 22:50:28.981  1099  1099 W Layer   : [Bounds for - com.twoamgames.StrangeThingsMobile/com.epicgames.ue4.GameActivity#0] sync point 6 wait timeout 6021957498 for com.twoamgames.StrangeThingsMobile/com.epicgames.ue4.GameActivity#0
08-12 22:50:28.982  2720  3345 I RenderThread: RenderThread resumed
08-12 22:50:28.982  2720  3345 I RenderThread: All controllers paused.
08-12 22:50:28.982  2720  3345 I RenderThread: RenderThread paused, waiting for signal
08-12 22:50:29.000  2720  2720 E ActivityManagerWrapper: getRecentTasks: size=3
08-12 22:50:29.000  2720  2720 E ActivityManagerWrapper: getRecentTasks: taskId=3464   userId=0   baseIntent=Intent { flg=0x10000000 cmp=com.twoamgames.StrangeThingsMobile/com.epicgames.ue4.SplashActivity }
08-12 22:50:29.000  2720  2720 E ActivityManagerWrapper: getRecentTasks: taskId=3465   userId=0   baseIntent=Intent { flg=0x10800000 cmp=com.android.settings/.Settings$UsbDetailsActivity }
08-12 22:50:29.001  2720  2720 E ActivityManagerWrapper: getRecentTasks: taskId=3463   userId=0   baseIntent=Intent { act=android.intent.action.VIEW dat=file:///data/app/vmdl122294020.tmp typ=application/vnd.android.package-archive flg=0x18800000 cmp=com.miui.securitycenter/com.miui.permcenter.install.AdbInstallActivity }
08-12 22:50:29.001   852   852 D Zygote  : Forked child process 27948
08-12 22:50:29.006  2982  6531 I SarService: Receiver polling >>>> Change receiver mode: off
08-12 22:50:29.007  2720  2720 D TaskView: TaskView bind task, task=[id=3464 stackId=3464 windowingMode=1 user=0 lastActiveTime=21397045, component=ComponentInfo{com.twoamgames.StrangeThingsMobile/com.epicgames.ue4.SplashActivity}] Horror Game Kit, isLock=false
08-12 22:50:29.007  2720  2866 D RecentsContainer: notifyRecentTaskState: true
08-12 22:50:29.007  2720  2720 D StateManager: goToState  state=OverviewState   anim=false
08-12 22:50:29.007  2720  3034 D MiuiMultiWindowUtils: readFreeformTimestamps::str = ["{com.whatsapp=[1658345716263]}"]
08-12 22:50:29.008  2720  3034 D MiuiMultiWindowUtils: readFreeformTimestamps::result = {com.whatsapp=[1658345716263]}
08-12 22:50:29.008  2720  2720 D Launcher.Lifecycle: onResume:UserHandle{0},a78917,false
08-12 22:50:29.008  1726  2289 I chatty  : uid=1000(system) Binder:1726_4 expire 1 line
08-12 22:50:29.008  1726  2292 I chatty  : uid=1000(system) Binder:1726_7 expire 2 lines
08-12 22:50:29.008  2720  3345 I RenderThread: RenderThread resumed
08-12 22:50:29.008  2720  3345 I RenderThread: All controllers paused.
08-12 22:50:29.008  2720  3345 I RenderThread: RenderThread paused, waiting for signal
08-12 22:50:29.009  2720  3024 D RecentsContainer: getFreeMemory:1279219712
08-12 22:50:29.009  2720  2866 D StatusBarController: handleMessage: flag 800000  disable false
08-12 22:50:29.010  2720  3077 D MiBridge: requestCpuHighFreq---- uid: 10094 level: 1 timeoutms:500
08-12 22:50:29.011  1726  2114 I ActivityManager: Start proc 27948:com.mi.android.globalminusscreen/1000 for service {com.mi.android.globalminusscreen/com.google.mi.apps.gsa.nowoverlayservice.DrawerOverlayService} caller=com.miui.home
08-12 22:50:29.013 27948 27948 W Zygote  : Unable to open libbeluga.so: dlopen failed: library "libbeluga.so" not found.
08-12 22:50:29.014  1404  1427 W MiuiBooster: "MiuiBoosterService requestCpuHighFreq: 10094, 1, 500"
08-12 22:50:29.014  1404  1427 W MiuiBooster: "requestCpuHighFreq,final level:1,final timeoutms:500"
08-12 22:50:29.014  1404  1427 W MiuiBooster: "perf_hint_hc start"
08-12 22:50:29.014  1404  1427 W MiuiBooster: "big_core_value[level-1]:4095"
08-12 22:50:29.014  1404  1427 W MiuiBooster: "little_core_value[level-1]:4095"
08-12 22:50:29.016  1404  1427 W MiuiBooster: "perf_handle:1079"
08-12 22:50:29.016  2720  3077 D MiBridge: requestCpuHighFreq handle: 1
08-12 22:50:29.016  2720  3077 D Launcher_CPUBooster: boostCpuToMax:0
08-12 22:50:29.023  2720  2720 D Launcher.ShortcutMenu: calculateScale, heightScale=1.0, widthScale=0.97833335
08-12 22:50:29.024 27948 27948 I chatty  : uid=1000(system) com.mi.android.globalminusscreen expire 32 lines
08-12 22:50:29.039  2720  2720 D RecentsContainer: onMeasure, rotation=1
08-12 22:50:29.039  2720  2720 D RecentsContainer: rotateRecentsContainer, recentsRotation=1, widthAndHeight=[2400, 1080]
08-12 22:50:29.039  2720  2720 D TaskStackLayoutAlgorithm: initialize: windowRect=Rect(0, 0 - 2400, 1080), mVisualRotationSystemInsets=Rect(102, 0 - 130, 0), mTaskStackViewRect=Rect(102, 0 - 2270, 1080), mTaskViewRect=Rect(673, 0 - 1727, 585)
08-12 22:50:29.039  2720  2720 D TaskStackLayoutAlgorithm: initialize: windowRect=Rect(0, 0 - 2400, 1080), mVisualRotationSystemInsets=Rect(102, 0 - 130, 0), mTaskStackViewRect=Rect(102, 0 - 2270, 1080), mTaskViewRect=Rect(673, 0 - 1727, 585)
08-12 22:50:29.043  1726  4664 I Timeline: Timeline: App_transition_ready time:9932361
08-12 22:50:29.060  2720  2720 D RecentsContainer: onApplyWindowInsets, insets=WindowInsets{
08-12 22:50:29.060  2720  2720 D RecentsContainer:     statusBars=Insets{left=0, top=102, right=0, bottom=0} max=Insets{left=0, top=102, right=0, bottom=0} vis=true
08-12 22:50:29.060  2720  2720 D RecentsContainer:     navigationBars=Insets{left=0, top=0, right=0, bottom=130} max=Insets{left=0, top=0, right=0, bottom=130} vis=true
08-12 22:50:29.060  2720  2720 D RecentsContainer:     =Insets{left=0, top=0, right=0, bottom=0} max=null vis=false
08-12 22:50:29.060  2720  2720 D RecentsContainer:     ime=Insets{left=0, top=0, right=0, bottom=0} max=null vis=false
08-12 22:50:29.060  2720  2720 D RecentsContainer:     systemGestures=Insets{left=0, top=102, right=0, bottom=130} max=Insets{left=0, top=102, right=0, bottom=130} vis=true
08-12 22:50:29.060  2720  2720 D RecentsContainer:     mandatorySystemGestures=Insets{left=0, top=102, right=0, bottom=130} max=Insets{left=0, top=102, right=0, bottom=130} vis=true
08-12 22:50:29.060  2720  2720 D RecentsContainer:     tappableElement=Insets{left=0, top=102, right=0, bottom=130} max=Insets{left=0, top=102, right=0, bottom=130} vis=true
08-12 22:50:29.060  2720  2720 D RecentsContainer:     displayCutout=Insets{left=0, top=102, right=0, bottom=0} max=Insets{left=0, top=102, right=0, bottom=0} vis=true
08-12 22:50:29.060  2720  2720 D RecentsContainer:     windowDecor=null max=null vis=false
08-12 22:50:29.060  2720  2720 D RecentsContainer:     cutout=DisplayCutout{insets=Rect(0, 102 - 0, 0) waterfall=Insets{left=0, top=0, right=0, bottom=0} boundingRect={Bounds=[Rect(0, 0 - 0, 0), Rect(504, 0 - 576, 102), Rect(0, 0 - 0, 0), Rect(0, 0 - 0, 0)]}}
08-12 22:50:29.060  2720  2720 D RecentsContainer:     }, rotation=0
08-12 22:50:29.068  1726  2094 I Timeline: Timeline: App_transition_ready time:9932386
08-12 22:50:29.076 25111 25111 D UE4     : [GameActivity] === Restoring Transparent Bars due to Visibility Change ===
08-12 22:50:29.077 25111 25111 D UE4     : [GameActivity] === Restoring Transparent Bars ===
08-12 22:50:29.086  2720  3094 D RecentsAndFSGestureUtils: getSuggestionList, size=109
08-12 22:50:29.089  2720  2720 D RecentsContainer: onMeasure, rotation=1
08-12 22:50:29.089  2720  2720 D RecentsContainer: rotateRecentsContainer, recentsRotation=1, widthAndHeight=[2400, 1080]
08-12 22:50:29.089  2720  2720 D TaskStackLayoutAlgorithm: initialize: windowRect=Rect(0, 0 - 2400, 1080), mVisualRotationSystemInsets=Rect(102, 0 - 130, 0), mTaskStackViewRect=Rect(102, 0 - 2270, 1080), mTaskViewRect=Rect(673, 0 - 1727, 585)
08-12 22:50:29.089  2720  2720 D TaskStackLayoutAlgorithm: initialize: windowRect=Rect(0, 0 - 2400, 1080), mVisualRotationSystemInsets=Rect(102, 0 - 130, 0), mTaskStackViewRect=Rect(102, 0 - 2270, 1080), mTaskViewRect=Rect(673, 0 - 1727, 585)
08-12 22:50:29.133   982   982 E qdlights: set backlight level :path = /sys/class/backlight/panel0-backlight/brightness, value = 563
08-12 22:50:29.154  2421  3471 D KeyguardWallpaperRenderer: OFFSET  x: 0.0  y: 0.0
08-12 22:50:29.155  1726  2094 I Timeline: Timeline: App_transition_ready time:9932473
08-12 22:50:29.157  1008  1008 I ANDR-PERF-LM: LMPerfGlue: perfmodule_submit_request() 132: perfmodule_submit_request()
08-12 22:50:29.157  1008  1008 I ANDR-PERF-LM: Core: getInstance() 84: LM getInstance
08-12 22:50:29.157  1008  1008 I ANDR-PERF-LM: WQ: push() 59: LMTriggerQ push() size=0
08-12 22:50:29.157  1008  1008 I ANDR-PERF-LM: WQ: push() 61: LMTriggerQ push() done size=1
08-12 22:50:29.157  1008  1008 D ANDR-PERF-LM: ThreadHelper: wakeUp() 103: (Meter,Helper,Name,pending)=(0xb400007d6ba70040,0xb400007d6ba34680,PreKillActionThread,1)
08-12 22:50:29.157  1008  1043 I ANDR-PERF-LM: WQ: pop() 42: LMTriggerQ pop() done size=0
08-12 22:50:29.157  1008  1043 I ANDR-PERF-LM: Core: lmMain() 381: Calling runAsync for PreKill
08-12 22:50:29.157  1008  3657 D ANDR-PERF-LM: ThreadHelper: thread_callback() 149: Starting:(Meter,Helper,Name,pending)=(0xb400007d6ba70040,0xb400007d6ba34680,PreKillActionThread,0) 
08-12 22:50:29.158  1008  1043 I ANDR-PERF-LM: Core: lmMain() 391: runAsync for PreKill returned
08-12 22:50:29.158  1008  1043 I ANDR-PERF-LM: Core: lmMain() 373: Waiting on trigger Queue
08-12 22:50:29.158  1008  1043 I ANDR-PERF-LM: WQ: pop() 31: LMTriggerQ pop() size=0
08-12 22:50:29.158  1726  2094 I Timeline: Timeline: App_transition_ready time:9932476
08-12 22:50:29.163  1726  4659 I Timeline: Timeline: App_transition_ready time:9932481
08-12 22:50:29.165  1008  3657 D ANDR-PERF-LM: ThreadHelper: thread_callback() 162: Returned from Start:(Meter,Helper,Name,pending)=(0xb400007d6ba70040,0xb400007d6ba34680,PreKillActionThread,0) 
08-12 22:50:29.165  1008  3657 D ANDR-PERF-LM: ThreadHelper: thread_callback() 134: Waiting:(Meter,Helper,Name,pending)=(0xb400007d6ba70040,0xb400007d6ba34680,PreKillActionThread,0)
08-12 22:50:29.165  2720  2720 D RecentsImpl: mActivityStateObserver com.miui.home.launcher.Launcher
08-12 22:50:29.165  2720  2720 W RecentsImpl: onResumed className=com.miui.home.launcher.Launcher   mIsInAnotherPro=false
08-12 22:50:29.165  2720  2720 D RecentsContainer: onMeasure, rotation=1
08-12 22:50:29.166  2720  2720 D RecentsContainer: rotateRecentsContainer, recentsRotation=1, widthAndHeight=[2400, 1080]
08-12 22:50:29.168  2421  2421 D MiuiKeyguardPictorialWallpaper:  onSurfaceRedrawNeede 
08-12 22:50:29.168  1726  2094 I Timeline: Timeline: App_transition_ready time:9932486
08-12 22:50:29.171  2421  2461 D HomeWallpaperRenderer: OFFSET  x: 1.0  y: 0.0
08-12 22:50:29.173  1726  2094 I Timeline: Timeline: App_transition_ready time:9932491
08-12 22:50:29.174  2720  2720 D Launcher.ShortcutInfo: onAddToDatabase, this=ShortcutInfo, id=474, itemType=0, user=UserHandle{0}, mIconType=0, pkgName=com.twoamgames.StrangeThingsMobile, className=com.epicgames.ue4.SplashActivity, screenId=13, container=-100, cellX=2, cellY=4, spanX=1, spanY=1, isLandscapePos=false
08-12 22:50:29.175  2720  2720 D Launcher.Model: Update item in database (2, 4) of screen 13 under container -100
08-12 22:50:29.175  2720  2720 D Launcher.Model: updateItemInDatabase, item=ShortcutInfo, id=474, itemType=0, user=UserHandle{0}, mIconType=0, pkgName=com.twoamgames.StrangeThingsMobile, className=com.epicgames.ue4.SplashActivity, screenId=13, container=-100, cellX=2, cellY=4, spanX=1, spanY=1, isLandscapePos=false
08-12 22:50:29.175  2720  2720 D Launcher: com.twoamgames.StrangeThingsMobile, has been opened, remove its new installed indicator
08-12 22:50:29.178  1726  4659 I Timeline: Timeline: App_transition_ready time:9932496
08-12 22:50:29.186  2421  2421 D ImageWallpaper: onSurfaceRedrawNeede: 
08-12 22:50:29.206  2982  6531 I SarService: Receiver polling >>>> Change receiver mode: off
08-12 22:50:29.222  1726  2094 I Timeline: Timeline: App_transition_ready time:9932540
08-12 22:50:29.224  2517  2536 D CommandQueue: setStatus: setStatus: what = 0, action = upate_specail_mode, ext = Bundle[mParcelledData.dataSize=92][pkg = com.miui.home[enable_config = true
08-12 22:50:29.229  2720  2742 E LauncherAnimationRunner: onAnimationStart
08-12 22:50:29.229  2720  2742 E LauncherAnimationRunner: onAnimationStart:   mode=1   taskId=3464
08-12 22:50:29.229  2720  2742 E LauncherAnimationRunner: onAnimationStart:   mode=0   taskId=2
08-12 22:50:29.231  2517  2687 D MiuiPhoneStatusBarPolicy: updateManagedProfile: secondSpace = false
08-12 22:50:29.233  2421  2421 D MiuiKeyguardPictorialWallpaper:  onSurfaceRedrawNeede 
08-12 22:50:29.234  1726  4643 I chatty  : uid=1000(system) Binder:1726_1A expire 1 line
08-12 22:50:29.238  2421  3471 D KeyguardWallpaperRenderer: OFFSET  x: 0.0  y: 0.0
08-12 22:50:29.243  2421  2421 D ImageWallpaper: onSurfaceRedrawNeede: 
08-12 22:50:29.244  2421  2461 D HomeWallpaperRenderer: OFFSET  x: 1.0  y: 0.0
08-12 22:50:29.256  2421  2421 D MiuiKeyguardPictorialWallpaper:  onSurfaceRedrawNeede 
08-12 22:50:29.258  2421  3471 D KeyguardWallpaperRenderer: OFFSET  x: 0.0  y: 0.0
08-12 22:50:29.262  2421  2421 D ImageWallpaper: onSurfaceRedrawNeede: 
08-12 22:50:29.263  2421  2461 D HomeWallpaperRenderer: OFFSET  x: 1.0  y: 0.0
08-12 22:50:29.265  2720  2720 E QuickstepAppTransitionManagerImpl: startClosingWindowToRecentsAnimators
08-12 22:50:29.266  2720  2720 E ClipAnimationHelper: updateSourceStack  mSourceInsets=Rect(102, 0 - 130, 0), mSourceStackBounds=Rect(0, 0 - 2400, 1080)
08-12 22:50:29.266  2720  2720 E ClipAnimationHelper: updateHomeStack  mSourceInsets=Rect(102, 0 - 130, 0), mHomeStackBounds=Rect(0, 0 - 1080, 2400)
08-12 22:50:29.266  2720  2720 E ClipAnimationHelper: updateTargetRect  mSourceRect=RectF(102.0, 0.0, 2270.0, 975.60004)   mTargetRect=RectF(0.0, 0.0, 2400.0, 1080.0)   mSourceWindowClipInsets=RectF(102.0, 0.0, 130.0, 104.39996)   mHomeStackBounds=Rect(0, 0 - 1080, 2400)   targetRect=Rect(0, 0 - 2400, 1080)
08-12 22:50:29.267  2720  2720 E QuickstepAppTransitionManagerImpl: startClosingWindowToRecentsAnimators:startRect=Rect(0, 0 - 2400, 1080)   targetRect=Rect(673, 385 - 1727, 860)
08-12 22:50:29.268  2720  2720 D Launcher.Lifecycle: onWindowFocusChanged:true,UserHandle{0},a78917,false
08-12 22:50:29.268  2720  2720 D Launcher_UnlockAnimationStateMachine: onWindowFocus:IDLE
08-12 22:50:29.286  1099  7323 W SurfaceFlinger: eEarlyWakeup is deprecated. Use eExplicitEarlyWakeup[Start|End]
08-12 22:50:29.299  1099  7323 W SurfaceFlinger: eEarlyWakeup is deprecated. Use eExplicitEarlyWakeup[Start|End]
08-12 22:50:29.300  1099  1298 W SurfaceFlinger: eEarlyWakeup is deprecated. Use eExplicitEarlyWakeup[Start|End]
08-12 22:50:29.308 11202 11202 I GoogleInputMethodService: GoogleInputMethodService.onFinishInput():3273 
08-12 22:50:29.310 11202 11202 I GoogleInputMethodService: GoogleInputMethodService.updateDeviceLockedStatus():2165 repeatCheckTimes = 0, unlocked = true
08-12 22:50:29.310 11202 11202 I GoogleInputMethodService: GoogleInputMethodService.onStartInput():1956 onStartInput(EditorInfo{inputType=0x0(NULL) imeOptions=0x0 privateImeOptions=null actionName=UNSPECIFIED actionLabel=null actionId=0 initialSelStart=-1 initialSelEnd=-1 initialCapsMode=0x0 hintText=null label=null packageName=com.miui.home fieldId=2131361961 fieldName=null extras=null}, false)
08-12 22:50:29.310 11202 11202 I GoogleInputMethodService: GoogleInputMethodService.shouldHideHeaderOnInitialState():4081 ShouldHideHeaderOnInitialState = false
08-12 22:50:29.311 11202 11202 I GoogleInputMethodService: GoogleInputMethodService.updateDeviceLockedStatus():2165 repeatCheckTimes = 2, unlocked = true
08-12 22:50:29.316  1099  3160 W SurfaceFlinger: eEarlyWakeup is deprecated. Use eExplicitEarlyWakeup[Start|End]
08-12 22:50:29.333  1099  7323 W SurfaceFlinger: eEarlyWakeup is deprecated. Use eExplicitEarlyWakeup[Start|End]
08-12 22:50:29.349  1099  3160 W SurfaceFlinger: eEarlyWakeup is deprecated. Use eExplicitEarlyWakeup[Start|End]
08-12 22:50:29.366  1099  3160 W SurfaceFlinger: eEarlyWakeup is deprecated. Use eExplicitEarlyWakeup[Start|End]
08-12 22:50:29.368 25111 25487 I AudioTrack: isLongTimeZoreData zoer date time 18 Seconds
08-12 22:50:29.383  1099  1298 W SurfaceFlinger: eEarlyWakeup is deprecated. Use eExplicitEarlyWakeup[Start|End]
08-12 22:50:29.390  2720  3034 D RecentsAndFSGestureUtils: getSuggestionList, size=109
08-12 22:50:29.397 27948 27974 I chatty  : uid=1000(system) ScionFrontendAp expire 5 lines
08-12 22:50:29.399 27948 27983 I chatty  : uid=1000(system) pool-8-thread-1 expire 2 lines
08-12 22:50:29.399  1099  1298 W SurfaceFlinger: eEarlyWakeup is deprecated. Use eExplicitEarlyWakeup[Start|End]
08-12 22:50:29.407  2982  6531 I SarService: Receiver polling >>>> Change receiver mode: off
08-12 22:50:29.410  2517  2529 I ndroid.systemu: NativeAlloc concurrent copying GC freed 75977(3518KB) AllocSpace objects, 1(24KB) LOS objects, 49% free, 12MB/25MB, paused 80us total 154.791ms
08-12 22:50:29.418  1099  1153 W SurfaceFlinger: eEarlyWakeup is deprecated. Use eExplicitEarlyWakeup[Start|End]
08-12 22:50:29.433  1099  1298 W SurfaceFlinger: eEarlyWakeup is deprecated. Use eExplicitEarlyWakeup[Start|End]
08-12 22:50:29.441  1008  1008 I ANDR-PERF-LM: LMPerfGlue: perfmodule_submit_request() 132: perfmodule_submit_request()
08-12 22:50:29.441  1008  1008 I ANDR-PERF-LM: Core: getInstance() 84: LM getInstance
08-12 22:50:29.441  1008  1008 D ANDR-PERF-LM: Feature: lookup() 101: Feature Name = AppClassifier, total featuers = 4, featureFound = 1
08-12 22:50:29.442  1008  1008 D ANDR-PERF-LM: Feature: getData() 112: data.data = 1
08-12 22:50:29.442  1008  1008 I ANDR-PERF-LM: FeedbackAPI: getFeedback() 60: app:com.mi.android.globalminusscreen feature:AppClassifier feedback = 1
08-12 22:50:29.449  1099  1153 W SurfaceFlinger: eEarlyWakeup is deprecated. Use eExplicitEarlyWakeup[Start|End]
08-12 22:50:29.452   982   982 E qdlights: set backlight level :path = /sys/class/backlight/panel0-backlight/brightness, value = 564
08-12 22:50:29.466  1099  1153 W SurfaceFlinger: eEarlyWakeup is deprecated. Use eExplicitEarlyWakeup[Start|End]
08-12 22:50:29.479 27948 27972 I chatty  : uid=1000(system) com.mi.android.globalminusscreen expire 4 lines
08-12 22:50:29.483  1099  1298 W SurfaceFlinger: eEarlyWakeup is deprecated. Use eExplicitEarlyWakeup[Start|End]
08-12 22:50:29.500  1099  1298 W SurfaceFlinger: eEarlyWakeup is deprecated. Use eExplicitEarlyWakeup[Start|End]
08-12 22:50:29.518  1099  1298 W SurfaceFlinger: eEarlyWakeup is deprecated. Use eExplicitEarlyWakeup[Start|End]
08-12 22:50:29.533  1099  1298 W SurfaceFlinger: eEarlyWakeup is deprecated. Use eExplicitEarlyWakeup[Start|End]
08-12 22:50:29.534  1099  1298 W SurfaceFlinger: eEarlyWakeup is deprecated. Use eExplicitEarlyWakeup[Start|End]
08-12 22:50:29.550  1099  1298 W SurfaceFlinger: eEarlyWakeup is deprecated. Use eExplicitEarlyWakeup[Start|End]
08-12 22:50:29.569  1099  1298 W SurfaceFlinger: eEarlyWakeup is deprecated. Use eExplicitEarlyWakeup[Start|End]
08-12 22:50:29.585  1099  1298 W SurfaceFlinger: eEarlyWakeup is deprecated. Use eExplicitEarlyWakeup[Start|End]
08-12 22:50:29.597  2720  2740 W System  : A resource failed to call release. 
08-12 22:50:29.597  2720  2740 W System  : A resource failed to call release. 
08-12 22:50:29.601  1099  3160 W SurfaceFlinger: eEarlyWakeup is deprecated. Use eExplicitEarlyWakeup[Start|End]
08-12 22:50:29.607  2982  6531 I SarService: Receiver polling >>>> Change receiver mode: off
08-12 22:50:29.618  1099  1153 W SurfaceFlinger: eEarlyWakeup is deprecated. Use eExplicitEarlyWakeup[Start|End]
08-12 22:50:29.620  1726  4659 I Timeline: Timeline: Activity_windows_visible id: ActivityRecord{4ea493b u0 com.miui.home/.launcher.Launcher t2} time:9932938
08-12 22:50:29.621   986   986 I sensors-hal: activate:209, android.sensor.device_orientation/272 en=0
08-12 22:50:29.624   986   986 I sensors-hal: activate:220, android.sensor.device_orientation/272 en=0 completed
08-12 22:50:29.627  2720  3053 E LauncherAnimationRunner: finish: mFinishRunnable.run
08-12 22:50:29.639  2720  2720 E RotationHelper: setCurrentTransitionRequest: request=0
08-12 22:50:29.685  1726  2093 I ActivityTaskManager: Config changes=20000480 {1.0 724mcc3mnc [pt_BR] ldltr sw392dp w392dp h788dp 440dpi nrml long hdr port night finger -keyb/v/h -nav/h winConfig={ mBounds=Rect(0, 0 - 1080, 2400) mAppBounds=Rect(0, 102 - 1080, 2270) mWindowingMode=fullscreen mDisplayWindowingMode=fullscreen mActivityType=undefined mAlwaysOnTop=undefined mRotation=ROTATION_0} s.246 themeChanged=0 themeChangedFlags=0 extraData = Bundle[{}]}
08-12 22:50:29.726 27948 27971 I chatty  : uid=1000(system) miapm_default_t expire 1 line
08-12 22:50:29.742 27948 28011 I chatty  : uid=1000(system) MinusScreen Tas expire 1 line
08-12 22:50:29.751 27948 28013 I chatty  : uid=1000(system) pool-17-thread- expire 1 line
08-12 22:50:29.751 27948 27995 I chatty  : uid=1000(system) pool-9-thread-1 expire 1 line
08-12 22:50:29.790   982   982 E qdlights: set backlight level :path = /sys/class/backlight/panel0-backlight/brightness, value = 565
08-12 22:50:29.808  2982  6531 I SarService: Receiver polling >>>> Change receiver mode: off
08-12 22:50:29.852   590   590 D lowmemorykiller: medium pressure event triggered
08-12 22:50:29.852   590   590 D lowmemorykiller: thrashing: 11% thrashing_limit: 30%
08-12 22:50:29.852   590   590 D lowmemorykiller: Not killing for medium pressure event trigger
08-12 22:50:29.858  1726  2093 I WindowManager: Override config changes=20000480 {1.0 724mcc3mnc [pt_BR] ldltr sw392dp w392dp h788dp 440dpi nrml long hdr port night finger -keyb/v/h -nav/h winConfig={ mBounds=Rect(0, 0 - 1080, 2400) mAppBounds=Rect(0, 102 - 1080, 2270) mWindowingMode=fullscreen mDisplayWindowingMode=fullscreen mActivityType=undefined mAlwaysOnTop=undefined mRotation=ROTATION_0} s.246 themeChanged=0 themeChangedFlags=0 extraData = Bundle[{}]} for displayId=0
08-12 22:50:29.872  1726  2093 I Timeline: Timeline: App_transition_stopped time:9933190
08-12 22:50:29.878  1726  2094 I chatty  : uid=1000(system) android.anim expire 1 line
08-12 22:50:29.882 11202 11202 I DeviceModeUtil: DeviceModeUtil.getDeviceMode():121 Get device mode phone by ui mode:1 and smallestScreenWidthDp:392
08-12 22:50:29.883 11202 11202 W GoogleInputMethodService: GoogleInputMethodService.onConfigurationChanged():1643 onConfigurationChanged() : NewConfig = {1.0 724mcc3mnc [pt_BR] ldltr sw392dp w392dp h788dp 440dpi nrml long hdr port night finger -keyb/v/h -nav/h winConfig={ mBounds=Rect(0, 0 - 1080, 2400) mAppBounds=Rect(0, 102 - 1080, 2270) mWindowingMode=fullscreen mDisplayWindowingMode=fullscreen mActivityType=undefined mAlwaysOnTop=undefined mRotation=ROTATION_0} s.304 themeChanged=0 themeChangedFlags=0 extraData = Bundle[{}]}
08-12 22:50:29.883 11202 11202 I AbstractOpenableExtension: AbstractOpenableExtension.maybeDestroyExistingKeyboardGroupManager():512 Destroy existing keyboard group manager in eas
08-12 22:50:29.883 11202 11202 I AbstractOpenableExtension: AbstractOpenableExtension.createKeyboardGroupManagerListenableFuture():124 Create keyboard group manager listenable future in eas
08-12 22:50:29.884 11202 27425 I KeyboardGroupDefParser: KeyboardGroupDefParser.parseKeyboardGroupDef():87 parseKeyboardGroupDef() 2132214022 -> 0_resource_name_obfuscated : WaitTime = 1 ms : RunTime = 0 ms
08-12 22:50:29.886 11202 11202 I AbstractOpenableExtension: AbstractOpenableExtension.maybeDestroyExistingKeyboardGroupManager():512 Destroy existing keyboard group manager in cni
08-12 22:50:29.887 11202 11202 I AbstractOpenableExtension: AbstractOpenableExtension.createKeyboardGroupManagerListenableFuture():124 Create keyboard group manager listenable future in cni
08-12 22:50:29.887 11202 11202 I AbstractOpenableExtension: AbstractOpenableExtension.maybeDestroyExistingKeyboardGroupManager():512 Destroy existing keyboard group manager in dzg
08-12 22:50:29.887 11202 11202 I AbstractOpenableExtension: AbstractOpenableExtension.createKeyboardGroupManagerListenableFuture():124 Create keyboard group manager listenable future in dzg
08-12 22:50:29.887 11202 27426 I KeyboardGroupDefParser: KeyboardGroupDefParser.parseKeyboardGroupDef():87 parseKeyboardGroupDef() 2132214030 -> 0_resource_name_obfuscated : WaitTime = 0 ms : RunTime = 0 ms
08-12 22:50:29.888 11202 27426 I KeyboardGroupDefParser: KeyboardGroupDefParser.parseKeyboardGroupDef():87 parseKeyboardGroupDef() 2132214020 -> 0_resource_name_obfuscated : WaitTime = 1 ms : RunTime = 0 ms
08-12 22:50:29.888 11202 11202 I AbstractOpenableExtension: AbstractOpenableExtension.maybeDestroyExistingKeyboardGroupManager():512 Destroy existing keyboard group manager in ecd
08-12 22:50:29.888 11202 11202 I AbstractOpenableExtension: AbstractOpenableExtension.createKeyboardGroupManagerListenableFuture():124 Create keyboard group manager listenable future in ecd
08-12 22:50:29.889 11202 11202 I DeviceModeUtil: DeviceModeUtil.getDeviceMode():121 Get device mode phone by ui mode:1 and smallestScreenWidthDp:392
08-12 22:50:29.889 11202 27434 I KeyboardGroupDefParser: KeyboardGroupDefParser.parseKeyboardGroupDef():87 parseKeyboardGroupDef() 2132214031 -> 0_resource_name_obfuscated : WaitTime = 0 ms : RunTime = 1 ms
08-12 22:50:29.889 11202 11202 I NormalModeController: NormalModeController.getKeyboardBodyViewHolderPaddingBottom():111 currentPrimeKeyboardType:SOFT systemPaddingBottom:-1
08-12 22:50:29.907 11202 11202 I DeviceModeUtil: DeviceModeUtil.getDeviceMode():121 Get device mode phone by ui mode:1 and smallestScreenWidthDp:392
08-12 22:50:29.907 11202 11202 I chatty  : uid=10216(com.google.android.inputmethod.latin) identical 3 lines
08-12 22:50:29.907 11202 11202 I DeviceModeUtil: DeviceModeUtil.getDeviceMode():121 Get device mode phone by ui mode:1 and smallestScreenWidthDp:392
08-12 22:50:29.910 11202 11202 I DeviceModeUtil: DeviceModeUtil.getDeviceMode():121 Get device mode phone by ui mode:1 and smallestScreenWidthDp:392
08-12 22:50:29.910 11202 11202 I GoogleInputMethodService: GoogleInputMethodService.initializeKeyboardTheme():1433 Apply keyboard theme: theme_border_bottom4dp_stylesheet_googleblue_phone_350_builtin_google_blue_dark.binarypb_port
08-12 22:50:29.913  2720  2720 W Launcher: onDisplayChanged: newRotation=0, mCurrentRotation=1
08-12 22:50:29.913  2421  2421 D MiuiKeyguardWallpaperRemoteService:  onConfigurationchanged {1.0 724mcc3mnc [pt_BR] ldltr sw392dp w392dp h788dp 440dpi nrml long hdr port night finger -keyb/v/h -nav/h winConfig={ mBounds=Rect(0, 0 - 1080, 2400) mAppBounds=Rect(0, 102 - 1080, 2270) mWindowingMode=fullscreen mDisplayWindowingMode=fullscreen mActivityType=undefined mAlwaysOnTop=undefined mRotation=ROTATION_0} as.1 s.302 themeChanged=0 themeChangedFlags=0 extraData = Bundle[{}]}
08-12 22:50:29.913  2720  2720 D RecentsContainer: isNeedSkipTouch=false
