08-12 22:50:30.633  1008  1043 I ANDR-PERF-LM: Core: lmMain() 381: Calling runAsync for PreKill
08-12 22:50:30.633  1726  2990 I ProcessManager: OneKeyClean: kill com.android.smspush Adj=100 State=6
08-12 22:50:30.633  1008  1043 I ANDR-PERF-LM: Core: lmMain() 391: runAsync for PreKill returned
08-12 22:50:30.633  1008  1043 I ANDR-PERF-LM: Core: lmMain() 373: Waiting on trigger Queue
08-12 22:50:30.633  1008  1043 I ANDR-PERF-LM: WQ: pop() 31: LMTriggerQ pop() size=0
08-12 22:50:30.633  1726  2990 I ActivityManager: Killing 15266:com.android.smspush/u0a154 (adj 100): OneKeyClean
08-12 22:50:30.634  1726  2990 I Process : PerfMonitor : current process sending signal quiet. PID: 15266 SIG: 9
08-12 22:50:30.634  1008  1008 I ANDR-PERF-LM: LMPerfGlue: perfmodule_submit_request() 132: perfmodule_submit_request()
08-12 22:50:30.634  1008  1008 I ANDR-PERF-LM: Core: getInstance() 84: LM getInstance
08-12 22:50:30.634  1008  1008 I ANDR-PERF-LM: WQ: push() 59: LMTriggerQ push() size=0
08-12 22:50:30.634  1008  1008 I ANDR-PERF-LM: WQ: push() 61: LMTriggerQ push() done size=1
08-12 22:50:30.634  1008  1043 I ANDR-PERF-LM: WQ: pop() 42: LMTriggerQ pop() done size=0
08-12 22:50:30.635  1726  2990 I ProcessManager: OneKeyClean: kill com.android.keychain Adj=100 State=6
08-12 22:50:30.635  1726  2990 I ActivityManager: Killing 15245:com.android.keychain/1000 (adj 100): OneKeyClean
08-12 22:50:30.635  1008  1043 I ANDR-PERF-LM: Core: lmMain() 381: Calling runAsync for PreKill
08-12 22:50:30.635  1726  2990 I Process : PerfMonitor : current process sending signal quiet. PID: 15245 SIG: 9
08-12 22:50:30.635  1008  1008 I ANDR-PERF-LM: LMPerfGlue: perfmodule_submit_request() 132: perfmodule_submit_request()
08-12 22:50:30.635  1008  1008 I ANDR-PERF-LM: Core: getInstance() 84: LM getInstance
08-12 22:50:30.635  1008  1008 I ANDR-PERF-LM: WQ: push() 59: LMTriggerQ push() size=0
08-12 22:50:30.635  1008  1008 I ANDR-PERF-LM: WQ: push() 61: LMTriggerQ push() done size=1
08-12 22:50:30.636  1726  2990 I ProcessManager: OneKeyClean: kill com.google.android.ext.services Adj=100 State=5
08-12 22:50:30.636  1726  2990 I ActivityManager: Killing 15041:com.google.android.ext.services/u0a67 (adj 100): OneKeyClean
08-12 22:50:30.636  1726  2990 I Process : PerfMonitor : current process sending signal quiet. PID: 15041 SIG: 9
08-12 22:50:30.636  1008  1043 I ANDR-PERF-LM: Core: lmMain() 391: runAsync for PreKill returned
08-12 22:50:30.636  1008  1043 I ANDR-PERF-LM: Core: lmMain() 373: Waiting on trigger Queue
08-12 22:50:30.636  1008  1043 I ANDR-PERF-LM: WQ: pop() 31: LMTriggerQ pop() size=1
08-12 22:50:30.636  1008  1043 I ANDR-PERF-LM: WQ: pop() 42: LMTriggerQ pop() done size=0
08-12 22:50:30.636  1008  1043 I ANDR-PERF-LM: Core: lmMain() 381: Calling runAsync for PreKill
08-12 22:50:30.636  1008  1008 I ANDR-PERF-LM: LMPerfGlue: perfmodule_submit_request() 132: perfmodule_submit_request()
08-12 22:50:30.636  1008  1008 I ANDR-PERF-LM: Core: getInstance() 84: LM getInstance
08-12 22:50:30.636  1008  1008 I ANDR-PERF-LM: WQ: push() 59: LMTriggerQ push() size=0
08-12 22:50:30.636  1008  1008 I ANDR-PERF-LM: WQ: push() 61: LMTriggerQ push() done size=1
08-12 22:50:30.637  1008  1043 I ANDR-PERF-LM: Core: lmMain() 391: runAsync for PreKill returned
08-12 22:50:30.637  1008  1043 I ANDR-PERF-LM: Core: lmMain() 373: Waiting on trigger Queue
08-12 22:50:30.637  1008  1043 I ANDR-PERF-LM: WQ: pop() 31: LMTriggerQ pop() size=1
08-12 22:50:30.637  1008  1043 I ANDR-PERF-LM: WQ: pop() 42: LMTriggerQ pop() done size=0
08-12 22:50:30.637  1008  1043 I ANDR-PERF-LM: Core: lmMain() 381: Calling runAsync for PreKill
08-12 22:50:30.637  1008  1043 I ANDR-PERF-LM: Core: lmMain() 391: runAsync for PreKill returned
08-12 22:50:30.637  1008  1043 I ANDR-PERF-LM: Core: lmMain() 373: Waiting on trigger Queue
08-12 22:50:30.637  1008  1043 I ANDR-PERF-LM: WQ: pop() 31: LMTriggerQ pop() size=0
08-12 22:50:30.639 27948 28041 I AdrenoGLES-0: QUALCOMM build                   : 559e78c, Ib9d997268a
08-12 22:50:30.639 27948 28041 I AdrenoGLES-0: Build Date                       : 10/13/20
08-12 22:50:30.639 27948 28041 I AdrenoGLES-0: OpenGL ES Shader Compiler Version: EV031.32.02.02
08-12 22:50:30.639 27948 28041 I AdrenoGLES-0: Local Branch                     : 
08-12 22:50:30.639 27948 28041 I AdrenoGLES-0: Remote Branch                    : 
08-12 22:50:30.639 27948 28041 I AdrenoGLES-0: Remote Branch                    : 
08-12 22:50:30.639 27948 28041 I AdrenoGLES-0: Reconstruct Branch               : 
08-12 22:50:30.639 27948 28041 I AdrenoGLES-0: Build Config                     : S P 10.0.7 AArch64
08-12 22:50:30.639 27948 28041 I AdrenoGLES-0: Driver Path                      : /vendor/lib64/egl/libGLESv2_adreno.so
08-12 22:50:30.646  2720  3094 D RecentsContainer: getFreeMemory:1183332352
08-12 22:50:30.657 11202 11202 I AppBase : AppBase.onTrimMemory():760 onTrimMemory(): 80
08-12 22:50:30.658 27948 28041 I AdrenoGLES-0: PFP: 0x016ee190, ME: 0x00000000
08-12 22:50:30.658 11202 11202 I GoogleInputMethodService: GoogleInputMethodService.onTrimMemory():4475 onTrimMemory(): 80
08-12 22:50:30.668  2720  2720 D RecentsContainer: onMeasure, rotation=1
08-12 22:50:30.669  2720  2720 D RecentsContainer: rotateRecentsContainer, recentsRotation=1, widthAndHeight=[2400, 1080]
08-12 22:50:30.679  1008  1008 I ANDR-PERF-LM: LMPerfGlue: perfmodule_submit_request() 132: perfmodule_submit_request()
08-12 22:50:30.680  1008  1008 I ANDR-PERF-LM: Core: getInstance() 84: LM getInstance
08-12 22:50:30.680  1008  1008 I ANDR-PERF-LM: WQ: push() 59: LMTriggerQ push() size=0
08-12 22:50:30.680  1008  1008 I ANDR-PERF-LM: WQ: push() 61: LMTriggerQ push() done size=1
08-12 22:50:30.680  1008  1043 I ANDR-PERF-LM: WQ: pop() 42: LMTriggerQ pop() done size=0
08-12 22:50:30.680  1008  1043 I ANDR-PERF-LM: Core: lmMain() 381: Calling runAsync for PreKill
08-12 22:50:30.680  1008  1043 I ANDR-PERF-LM: Core: lmMain() 391: runAsync for PreKill returned
08-12 22:50:30.680  1008  1043 I ANDR-PERF-LM: Core: lmMain() 373: Waiting on trigger Queue
08-12 22:50:30.680  1008  1043 I ANDR-PERF-LM: WQ: pop() 31: LMTriggerQ pop() size=0
08-12 22:50:30.689 27948 27948 I ActivityThread: Removing dead content provider:android.content.ContentProviderProxy@4922ef
08-12 22:50:30.690   852   852 I Zygote  : Process 26972 exited due to signal 9 (Killed)
08-12 22:50:30.696  1008  1008 I ANDR-PERF-LM: LMPerfGlue: perfmodule_submit_request() 132: perfmodule_submit_request()
08-12 22:50:30.696  1008  1008 I ANDR-PERF-LM: Core: getInstance() 84: LM getInstance
08-12 22:50:30.696  1008  1008 I ANDR-PERF-LM: WQ: push() 59: LMTriggerQ push() size=0
08-12 22:50:30.696  1008  1008 I ANDR-PERF-LM: WQ: push() 61: LMTriggerQ push() done size=1
08-12 22:50:30.696  1008  1043 I ANDR-PERF-LM: WQ: pop() 42: LMTriggerQ pop() done size=0
08-12 22:50:30.696  1008  1043 I ANDR-PERF-LM: Core: lmMain() 381: Calling runAsync for PreKill
08-12 22:50:30.696  1008  1043 I ANDR-PERF-LM: Core: lmMain() 391: runAsync for PreKill returned
08-12 22:50:30.696  1008  1043 I ANDR-PERF-LM: Core: lmMain() 373: Waiting on trigger Queue
08-12 22:50:30.696  1008  1043 I ANDR-PERF-LM: WQ: pop() 31: LMTriggerQ pop() size=0
08-12 22:50:30.697   852   852 I Zygote  : Process 15245 exited due to signal 9 (Killed)
08-12 22:50:30.700  1726  3581 W ActivityManager: Scheduling restart of crashed service com.android.keychain/.KeyChainService in 1000ms for connection
08-12 22:50:30.722   590   590 D lowmemorykiller: medium pressure event polling check
08-12 22:50:30.723   590   590 D lowmemorykiller: Not killing for medium pressure event polling check
08-12 22:50:30.724   852   852 I Zygote  : Process 27635 exited due to signal 9 (Killed)
08-12 22:50:30.724  1008  1008 I ANDR-PERF-LM: LMPerfGlue: perfmodule_submit_request() 132: perfmodule_submit_request()
08-12 22:50:30.724  1008  1008 I ANDR-PERF-LM: Core: getInstance() 84: LM getInstance
08-12 22:50:30.724  1008  1008 I ANDR-PERF-LM: WQ: push() 59: LMTriggerQ push() size=0
08-12 22:50:30.724  1008  1008 I ANDR-PERF-LM: WQ: push() 61: LMTriggerQ push() done size=1
08-12 22:50:30.724  1008  1043 I ANDR-PERF-LM: WQ: pop() 42: LMTriggerQ pop() done size=0
08-12 22:50:30.724  1008  1043 I ANDR-PERF-LM: Core: lmMain() 381: Calling runAsync for PreKill
08-12 22:50:30.724  1008  1043 I ANDR-PERF-LM: Core: lmMain() 391: runAsync for PreKill returned
08-12 22:50:30.724  1008  1043 I ANDR-PERF-LM: Core: lmMain() 373: Waiting on trigger Queue
08-12 22:50:30.724  1008  1043 I ANDR-PERF-LM: WQ: pop() 31: LMTriggerQ pop() size=0
08-12 22:50:30.725  1726  4571 W ActivityManager: Scheduling restart of crashed service com.miui.msa.global/com.xiaomi.ad.internal.splash.uiprocess.SplashUIService in 10975ms for connection
08-12 22:50:30.726  1008  1008 I ANDR-PERF-LM: LMPerfGlue: perfmodule_submit_request() 132: perfmodule_submit_request()
08-12 22:50:30.726  1008  1008 I ANDR-PERF-LM: Core: getInstance() 84: LM getInstance
08-12 22:50:30.726  1008  1008 I ANDR-PERF-LM: WQ: push() 59: LMTriggerQ push() size=0
08-12 22:50:30.726  1008  1008 I ANDR-PERF-LM: WQ: push() 61: LMTriggerQ push() done size=1
08-12 22:50:30.726  1008  1043 I ANDR-PERF-LM: WQ: pop() 42: LMTriggerQ pop() done size=0
08-12 22:50:30.726  1008  1043 I ANDR-PERF-LM: Core: lmMain() 381: Calling runAsync for PreKill
08-12 22:50:30.727  2558  2558 I Zygote  : Process 15196 exited due to signal 9 (Killed)
08-12 22:50:30.727  1008  1043 I ANDR-PERF-LM: Core: lmMain() 391: runAsync for PreKill returned
08-12 22:50:30.727  1008  1043 I ANDR-PERF-LM: Core: lmMain() 373: Waiting on trigger Queue
08-12 22:50:30.727  1008  1043 I ANDR-PERF-LM: WQ: pop() 31: LMTriggerQ pop() size=0
08-12 22:50:30.727  1726  3581 W ActivityManager: Scheduling restart of crashed service com.miui.msa.global/org.chromium.content.app.SandboxedProcessService0:0 in 20973ms for connection
08-12 22:50:30.730   852   852 I Zygote  : Process 27906 exited due to signal 9 (Killed)
08-12 22:50:30.731   852   852 I Zygote  : Process 27841 exited due to signal 9 (Killed)
08-12 22:50:30.737   852   852 I Zygote  : Process 15041 exited due to signal 9 (Killed)
08-12 22:50:30.739  1726  1726 W AutofillManagerServiceImpl: remote service died: RemoteInlineSuggestionRenderService[ComponentInfo{com.google.android.ext.services/android.ext.services.autofill.InlineSuggestionRenderServiceImpl} 228570250 (unbound)]
08-12 22:50:30.739  1726  1726 W AutofillManagerServiceImpl: remote service died: RemoteInlineSuggestionRenderService[ComponentInfo{com.google.android.ext.services/android.ext.services.autofill.InlineSuggestionRenderServiceImpl} 4990744 (unbound)]
08-12 22:50:30.739  1726  1726 W AutofillManagerServiceImpl: remote service died: RemoteInlineSuggestionRenderService[ComponentInfo{com.google.android.ext.services/android.ext.services.autofill.InlineSuggestionRenderServiceImpl} 149300593 (unbound)]
08-12 22:50:30.739  1726  1726 W AutofillManagerServiceImpl: remote service died: RemoteInlineSuggestionRenderService[ComponentInfo{com.google.android.ext.services/android.ext.services.autofill.InlineSuggestionRenderServiceImpl} 46013179 (unbound)]
08-12 22:50:30.743   852   852 I Zygote  : Process 15266 exited due to signal 9 (Killed)
08-12 22:50:30.746   852   852 I Zygote  : Process 15290 exited due to signal 9 (Killed)
08-12 22:50:30.755 11314 11314 D OneTrack-Api-ServiceConnectManager: onServiceDisconnected:  mConnecting false mIOneTrackService 0
08-12 22:50:30.760 11314 11314 I Analytics-Api-SysAnalytics: onServiceDisconnected, pid:11314, tid:11314
08-12 22:50:30.764  1726  2136 I chatty  : uid=1000(system) batterystats-wo expire 1 line
08-12 22:50:30.764  1008  1008 I ANDR-PERF-LM: LMPerfGlue: perfmodule_submit_request() 132: perfmodule_submit_request()
08-12 22:50:30.764  1008  1008 I ANDR-PERF-LM: Core: getInstance() 84: LM getInstance
08-12 22:50:30.764  1008  1008 I ANDR-PERF-LM: WQ: push() 59: LMTriggerQ push() size=0
08-12 22:50:30.764  1008  1008 I ANDR-PERF-LM: WQ: push() 61: LMTriggerQ push() done size=1
08-12 22:50:30.764  1008  1043 I ANDR-PERF-LM: WQ: pop() 42: LMTriggerQ pop() done size=0
08-12 22:50:30.764  1008  1043 I ANDR-PERF-LM: Core: lmMain() 381: Calling runAsync for PreKill
08-12 22:50:30.765  1008  1043 I ANDR-PERF-LM: Core: lmMain() 391: runAsync for PreKill returned
08-12 22:50:30.765  1008  1043 I ANDR-PERF-LM: Core: lmMain() 373: Waiting on trigger Queue
08-12 22:50:30.765  1008  1043 I ANDR-PERF-LM: WQ: pop() 31: LMTriggerQ pop() size=0
08-12 22:50:30.765  1726  4573 W ActivityManager: Scheduling restart of crashed service com.google.android.permissioncontroller/com.android.permissioncontroller.permission.service.PermissionControllerServiceImpl in 30935ms for connection
08-12 22:50:30.767  1008  1008 I ANDR-PERF-LM: LMPerfGlue: perfmodule_submit_request() 132: perfmodule_submit_request()
08-12 22:50:30.767  1008  1008 I ANDR-PERF-LM: Core: getInstance() 84: LM getInstance
08-12 22:50:30.767  1008  1008 I ANDR-PERF-LM: WQ: push() 59: LMTriggerQ push() size=0
08-12 22:50:30.767  1008  1008 I ANDR-PERF-LM: WQ: push() 61: LMTriggerQ push() done size=1
08-12 22:50:30.767  1008  1043 I ANDR-PERF-LM: WQ: pop() 42: LMTriggerQ pop() done size=0
08-12 22:50:30.767  1008  1043 I ANDR-PERF-LM: Core: lmMain() 381: Calling runAsync for PreKill
08-12 22:50:30.767  1008  1043 I ANDR-PERF-LM: Core: lmMain() 391: runAsync for PreKill returned
08-12 22:50:30.767  1008  1043 I ANDR-PERF-LM: Core: lmMain() 373: Waiting on trigger Queue
08-12 22:50:30.767  1008  1043 I ANDR-PERF-LM: WQ: pop() 31: LMTriggerQ pop() size=0
08-12 22:50:30.769  1008  1008 I ANDR-PERF-LM: LMPerfGlue: perfmodule_submit_request() 132: perfmodule_submit_request()
08-12 22:50:30.769  1008  1008 I ANDR-PERF-LM: Core: getInstance() 84: LM getInstance
08-12 22:50:30.769  1008  1008 I ANDR-PERF-LM: WQ: push() 59: LMTriggerQ push() size=0
08-12 22:50:30.769  1008  1008 I ANDR-PERF-LM: WQ: push() 61: LMTriggerQ push() done size=1
08-12 22:50:30.769  1008  1043 I ANDR-PERF-LM: WQ: pop() 42: LMTriggerQ pop() done size=0
08-12 22:50:30.769  1008  1043 I ANDR-PERF-LM: Core: lmMain() 381: Calling runAsync for PreKill
08-12 22:50:30.770  1008  1043 I ANDR-PERF-LM: Core: lmMain() 391: runAsync for PreKill returned
08-12 22:50:30.770  1008  1043 I ANDR-PERF-LM: Core: lmMain() 373: Waiting on trigger Queue
08-12 22:50:30.770  1008  1043 I ANDR-PERF-LM: WQ: pop() 31: LMTriggerQ pop() size=0
08-12 22:50:30.770  1013  1030 I vendor.qti.hardware.servicetracker@1.2-service: killProcess is called for pid : 15041
08-12 22:50:30.770  1013  1030 I vendor.qti.hardware.servicetracker@1.2-service: process with pid 15041 is service
08-12 22:50:30.770  1726  3581 W ActivityManager: Scheduling restart of crashed service com.google.android.ext.services/android.ext.services.autofill.InlineSuggestionRenderServiceImpl in 40930ms for connection
08-12 22:50:30.772  1008  1008 I ANDR-PERF-LM: LMPerfGlue: perfmodule_submit_request() 132: perfmodule_submit_request()
08-12 22:50:30.772  1008  1008 I ANDR-PERF-LM: Core: getInstance() 84: LM getInstance
08-12 22:50:30.772  1008  1008 I ANDR-PERF-LM: WQ: push() 59: LMTriggerQ push() size=0
08-12 22:50:30.772  1008  1008 I ANDR-PERF-LM: WQ: push() 61: LMTriggerQ push() done size=1
08-12 22:50:30.772  1008  1043 I ANDR-PERF-LM: WQ: pop() 42: LMTriggerQ pop() done size=0
08-12 22:50:30.772  1013  1030 I vendor.qti.hardware.servicetracker@1.2-service: killProcess is called for pid : 15266
08-12 22:50:30.772  1008  1043 I ANDR-PERF-LM: Core: lmMain() 381: Calling runAsync for PreKill
08-12 22:50:30.772  1013  1030 I vendor.qti.hardware.servicetracker@1.2-service: process with pid 15266 is service
08-12 22:50:30.772  1726  4664 W ActivityManager: Scheduling restart of crashed service com.android.smspush/.WapPushManager in 50928ms for connection
08-12 22:50:30.773  1008  1043 I ANDR-PERF-LM: Core: lmMain() 391: runAsync for PreKill returned
08-12 22:50:30.773  1008  1043 I ANDR-PERF-LM: Core: lmMain() 373: Waiting on trigger Queue
08-12 22:50:30.773  1008  1043 I ANDR-PERF-LM: WQ: pop() 31: LMTriggerQ pop() size=0
08-12 22:50:30.774  1008  1008 I ANDR-PERF-LM: LMPerfGlue: perfmodule_submit_request() 132: perfmodule_submit_request()
08-12 22:50:30.774  1008  1008 I ANDR-PERF-LM: Core: getInstance() 84: LM getInstance
08-12 22:50:30.774  1008  1008 I ANDR-PERF-LM: WQ: push() 59: LMTriggerQ push() size=0
08-12 22:50:30.774  1008  1008 I ANDR-PERF-LM: WQ: push() 61: LMTriggerQ push() done size=1
08-12 22:50:30.774  1008  1043 I ANDR-PERF-LM: WQ: pop() 42: LMTriggerQ pop() done size=0
08-12 22:50:30.774  1008  1043 I ANDR-PERF-LM: Core: lmMain() 381: Calling runAsync for PreKill
08-12 22:50:30.774  1008  1043 I ANDR-PERF-LM: Core: lmMain() 391: runAsync for PreKill returned
08-12 22:50:30.774  1008  1043 I ANDR-PERF-LM: Core: lmMain() 373: Waiting on trigger Queue
08-12 22:50:30.774  1008  1043 I ANDR-PERF-LM: WQ: pop() 31: LMTriggerQ pop() size=0
08-12 22:50:30.774  1013  1030 I vendor.qti.hardware.servicetracker@1.2-service: killProcess is called for pid : 15290
08-12 22:50:30.774  1013  1030 I vendor.qti.hardware.servicetracker@1.2-service: process with pid 15290 is service
08-12 22:50:30.774  1013  1030 I chatty  : uid=1000(system) HwBinder:1013_1 identical 1 line
08-12 22:50:30.774  1013  1030 I vendor.qti.hardware.servicetracker@1.2-service: process with pid 15290 is service
08-12 22:50:30.774  1013  1030 I vendor.qti.hardware.servicetracker@1.2-service: size of client connections for client: com.xiaomi.mi_connect_serviceafter removal is 1
08-12 22:50:30.774  1013  1030 I vendor.qti.hardware.servicetracker@1.2-service: process with pid 15290 is client
08-12 22:50:30.774  1013  1030 I vendor.qti.hardware.servicetracker@1.2-service: removing client with pid 15290process namecom.miui.analytics
08-12 22:50:30.775  1726  4659 W ActivityManager: Scheduling restart of crashed service com.miui.analytics/.onetrack.OneTrackService in 60926ms for connection
08-12 22:50:30.775  1726  4659 W ActivityManager: Scheduling restart of crashed service com.miui.analytics/.internal.WakeupService in 70926ms for start-requested
08-12 22:50:30.775  1726  4659 W ActivityManager: Scheduling restart of crashed service com.miui.analytics/.AnalyticsService in 80926ms for connection
08-12 22:50:30.787   982   982 E qdlights: set backlight level :path = /sys/class/backlight/panel0-backlight/brightness, value = 568
08-12 22:50:30.799  1008  1008 I ANDR-PERF-LM: LMPerfGlue: perfmodule_submit_request() 132: perfmodule_submit_request()
08-12 22:50:30.800   852   852 I Zygote  : Process 26610 exited due to signal 9 (Killed)
08-12 22:50:30.800  1008  1008 I ANDR-PERF-LM: Core: getInstance() 84: LM getInstance
08-12 22:50:30.800  1008  1008 I ANDR-PERF-LM: WQ: push() 59: LMTriggerQ push() size=0
08-12 22:50:30.800  1008  1008 I ANDR-PERF-LM: WQ: push() 61: LMTriggerQ push() done size=1
08-12 22:50:30.800  1008  1043 I ANDR-PERF-LM: WQ: pop() 42: LMTriggerQ pop() done size=0
08-12 22:50:30.800  1008  1043 I ANDR-PERF-LM: Core: lmMain() 381: Calling runAsync for PreKill
08-12 22:50:30.800  1008  1043 I ANDR-PERF-LM: Core: lmMain() 391: runAsync for PreKill returned
08-12 22:50:30.800  1008  1043 I ANDR-PERF-LM: Core: lmMain() 373: Waiting on trigger Queue
08-12 22:50:30.800  1008  1043 I ANDR-PERF-LM: WQ: pop() 31: LMTriggerQ pop() size=0
08-12 22:50:30.800  1013  1030 I vendor.qti.hardware.servicetracker@1.2-service: killProcess is called for pid : 26610
08-12 22:50:30.801   852   852 I Zygote  : Process 26103 exited due to signal 9 (Killed)
08-12 22:50:30.801  1013  1030 I vendor.qti.hardware.servicetracker@1.2-service: process with pid 26610 is service
08-12 22:50:30.801  1726  4576 W ActivityManager: Scheduling restart of crashed service com.qualcomm.atfwd/.AtFwdService in 90900ms for start-requested
08-12 22:50:30.802  1008  1008 I ANDR-PERF-LM: LMPerfGlue: perfmodule_submit_request() 132: perfmodule_submit_request()
08-12 22:50:30.802  1008  1008 I ANDR-PERF-LM: Core: getInstance() 84: LM getInstance
08-12 22:50:30.802  1008  1008 I ANDR-PERF-LM: WQ: push() 59: LMTriggerQ push() size=0
08-12 22:50:30.802  1008  1008 I ANDR-PERF-LM: WQ: push() 61: LMTriggerQ push() done size=1
08-12 22:50:30.802  1008  1043 I ANDR-PERF-LM: WQ: pop() 42: LMTriggerQ pop() done size=0
08-12 22:50:30.802  1008  1043 I ANDR-PERF-LM: Core: lmMain() 381: Calling runAsync for PreKill
08-12 22:50:30.803  1008  1043 I ANDR-PERF-LM: Core: lmMain() 391: runAsync for PreKill returned
08-12 22:50:30.803  1008  1043 I ANDR-PERF-LM: Core: lmMain() 373: Waiting on trigger Queue
08-12 22:50:30.803  1008  1043 I ANDR-PERF-LM: WQ: pop() 31: LMTriggerQ pop() size=0
08-12 22:50:30.803  1013  1030 I vendor.qti.hardware.servicetracker@1.2-service: killProcess is called for pid : 26103
08-12 22:50:30.803  1013  1030 I vendor.qti.hardware.servicetracker@1.2-service: process with pid 26103 is service
08-12 22:50:30.803  1726  4571 W ActivityManager: Scheduling restart of crashed service com.qti.diagservices/.QTIDiagServices in 100898ms for start-requested
08-12 22:50:30.810  2982  6531 I SarService: Receiver polling >>>> Change receiver mode: off
08-12 22:50:30.816  1008  1008 I ANDR-PERF-LM: LMPerfGlue: perfmodule_submit_request() 132: perfmodule_submit_request()
08-12 22:50:30.816  1008  1008 I ANDR-PERF-LM: Core: getInstance() 84: LM getInstance
08-12 22:50:30.816  1008  1008 I ANDR-PERF-LM: WQ: push() 59: LMTriggerQ push() size=0
08-12 22:50:30.816  1008  1008 I ANDR-PERF-LM: WQ: push() 61: LMTriggerQ push() done size=1
08-12 22:50:30.816  1008  1043 I ANDR-PERF-LM: WQ: pop() 42: LMTriggerQ pop() done size=0
08-12 22:50:30.816  1008  1043 I ANDR-PERF-LM: Core: lmMain() 381: Calling runAsync for PreKill
08-12 22:50:30.816  1008  1043 I ANDR-PERF-LM: Core: lmMain() 391: runAsync for PreKill returned
08-12 22:50:30.816  1008  1043 I ANDR-PERF-LM: Core: lmMain() 373: Waiting on trigger Queue
08-12 22:50:30.816  1008  1043 I ANDR-PERF-LM: WQ: pop() 31: LMTriggerQ pop() size=0
08-12 22:50:30.816  1726  2123 I chatty  : uid=1000(system) ActivityManager expire 6 lines
08-12 22:50:30.816  1013  1030 I vendor.qti.hardware.servicetracker@1.2-service: killProcess is called for pid : 27610
08-12 22:50:30.816  1726  2123 I Process : PerfMonitor : current process killing process group. PID: 26972
08-12 22:50:30.817  1013  1030 I vendor.qti.hardware.servicetracker@1.2-service: process with pid 27610 is client
08-12 22:50:30.817  1013  1030 I vendor.qti.hardware.servicetracker@1.2-service: size of service connections for service: com.google.android.gms/.chimera.PersistentApiServiceafter removal is 7
08-12 22:50:30.817  1013  1030 I vendor.qti.hardware.servicetracker@1.2-service: size of service connections for service: com.google.android.gms/.chimera.PersistentDirectBootAwareApiServiceafter removal is 10
08-12 22:50:30.817  1013  1030 I vendor.qti.hardware.servicetracker@1.2-service: removing client with pid 27610process namecom.google.android.apps.wellbeing
08-12 22:50:30.817   852   852 I Zygote  : Process 27610 exited due to signal 9 (Killed)
08-12 22:50:30.818  1726  2123 I Process : PerfMonitor : current process killing process group. PID: 27906
08-12 22:50:30.820  1726  2123 I Process : PerfMonitor : current process killing process group. PID: 27800
08-12 22:50:30.827   590   590 D lowmemorykiller: medium pressure event polling check
08-12 22:50:30.828   590   590 D lowmemorykiller: Not killing for medium pressure event polling check
08-12 22:50:30.849  1008  1008 I ANDR-PERF-LM: LMPerfGlue: perfmodule_submit_request() 132: perfmodule_submit_request()
08-12 22:50:30.849  1008  1008 I ANDR-PERF-LM: Core: getInstance() 84: LM getInstance
08-12 22:50:30.849  1008  1008 I ANDR-PERF-LM: WQ: push() 59: LMTriggerQ push() size=0
08-12 22:50:30.849  1008  1008 I ANDR-PERF-LM: WQ: push() 61: LMTriggerQ push() done size=1
08-12 22:50:30.849  1008  1043 I ANDR-PERF-LM: WQ: pop() 42: LMTriggerQ pop() done size=0
08-12 22:50:30.849  1008  1043 I ANDR-PERF-LM: Core: lmMain() 381: Calling runAsync for PreKill
08-12 22:50:30.849  1008  1043 I ANDR-PERF-LM: FeatureState: readState() 162: PreKill: DB: com.whatsapp app state = 1
08-12 22:50:30.849  1008  1043 I ANDR-PERF-LM: Core: lmMain() 391: runAsync for PreKill returned
08-12 22:50:30.849  1008  1043 I ANDR-PERF-LM: Core: lmMain() 373: Waiting on trigger Queue
08-12 22:50:30.849  1013  1030 I vendor.qti.hardware.servicetracker@1.2-service: killProcess is called for pid : 27017
08-12 22:50:30.849  1013  1030 I vendor.qti.hardware.servicetracker@1.2-service: process with pid 27017 is service
08-12 22:50:30.849  1008  1043 I ANDR-PERF-LM: WQ: pop() 31: LMTriggerQ pop() size=0
08-12 22:50:30.850  1726  4576 W ActivityManager: Scheduling restart of crashed service com.whatsapp/.messaging.MessageService in 158300ms for start-requested
08-12 22:50:30.860   852   852 I Zygote  : Process 27017 exited due to signal 9 (Killed)
08-12 22:50:30.865  1008  1008 I ANDR-PERF-LM: LMPerfGlue: perfmodule_submit_request() 132: perfmodule_submit_request()
08-12 22:50:30.865  1008  1008 I ANDR-PERF-LM: Core: getInstance() 84: LM getInstance
08-12 22:50:30.865  1008  1008 I ANDR-PERF-LM: WQ: push() 59: LMTriggerQ push() size=0
08-12 22:50:30.865  1008  1008 I ANDR-PERF-LM: WQ: push() 61: LMTriggerQ push() done size=1
08-12 22:50:30.865  1008  1043 I ANDR-PERF-LM: WQ: pop() 42: LMTriggerQ pop() done size=0
08-12 22:50:30.865  1008  1043 I ANDR-PERF-LM: Core: lmMain() 381: Calling runAsync for PreKill
08-12 22:50:30.866  1008  1043 I ANDR-PERF-LM: Core: lmMain() 391: runAsync for PreKill returned
08-12 22:50:30.866  1008  1043 I ANDR-PERF-LM: Core: lmMain() 373: Waiting on trigger Queue
08-12 22:50:30.866  1008  1043 I ANDR-PERF-LM: WQ: pop() 31: LMTriggerQ pop() size=0
08-12 22:50:30.866  1013  1030 I vendor.qti.hardware.servicetracker@1.2-service: killProcess is called for pid : 15081
08-12 22:50:30.866  1013  1030 I vendor.qti.hardware.servicetracker@1.2-service: process with pid 15081 is service
08-12 22:50:30.866  1013  1030 I vendor.qti.hardware.servicetracker@1.2-service: size of client connections for client: systemafter removal is 20
08-12 22:50:30.866  1013  1030 I vendor.qti.hardware.servicetracker@1.2-service: process with pid 15081 is client
08-12 22:50:30.866  1013  1030 I vendor.qti.hardware.servicetracker@1.2-service: removing client with pid 15081process namecom.miui.msa.global
08-12 22:50:30.867  1013  1030 I vendor.qti.hardware.servicetracker@1.2-service: destroyService is called for service : com.miui.msa.global/org.chromium.content.app.SandboxedProcessService0:0
08-12 22:50:30.867   852   852 I Zygote  : Process 15081 exited due to signal 9 (Killed)
08-12 22:50:30.867  1726  4643 W ActivityManager: Scheduling restart of crashed service com.miui.msa.global/com.miui.systemAdSolution.splashscreen.SplashScreenService in 10833ms for connection
08-12 22:50:30.867  1013  1013 I vendor.qti.hardware.servicetracker@1.2-service: destroyService is called for service : com.miui.msa.global/com.xiaomi.ad.internal.splash.uiprocess.SplashUIService
08-12 22:50:30.869  1013  1013 I vendor.qti.hardware.servicetracker@1.2-service: unbindService is called for service : com.miui.msa.global/com.miui.systemAdSolution.splashscreen.SplashScreenService and for client system
08-12 22:50:30.869  1013  1013 I vendor.qti.hardware.servicetracker@1.2-service: size of service connections for service: com.miui.msa.global/com.miui.systemAdSolution.splashscreen.SplashScreenServiceafter removal is 0
08-12 22:50:30.869  1013  1013 I vendor.qti.hardware.servicetracker@1.2-service: destroyService is called for service : com.miui.msa.global/com.miui.systemAdSolution.splashscreen.SplashScreenService
08-12 22:50:30.881  1008  1008 I ANDR-PERF-LM: LMPerfGlue: perfmodule_submit_request() 132: perfmodule_submit_request()
08-12 22:50:30.881  1008  1008 I ANDR-PERF-LM: Core: getInstance() 84: LM getInstance
08-12 22:50:30.881  1008  1008 I ANDR-PERF-LM: WQ: push() 59: LMTriggerQ push() size=0
08-12 22:50:30.881  1008  1008 I ANDR-PERF-LM: WQ: push() 61: LMTriggerQ push() done size=1
08-12 22:50:30.881  1008  1043 I ANDR-PERF-LM: WQ: pop() 42: LMTriggerQ pop() done size=0
08-12 22:50:30.882  1008  1043 I ANDR-PERF-LM: Core: lmMain() 381: Calling runAsync for PreKill
08-12 22:50:30.882   852   852 I Zygote  : Process 26554 exited due to signal 9 (Killed)
08-12 22:50:30.882  1008  1043 I ANDR-PERF-LM: Core: lmMain() 391: runAsync for PreKill returned
08-12 22:50:30.882  1008  1043 I ANDR-PERF-LM: Core: lmMain() 373: Waiting on trigger Queue
08-12 22:50:30.882  1008  1043 I ANDR-PERF-LM: WQ: pop() 31: LMTriggerQ pop() size=0
08-12 22:50:30.882  1013  1013 I vendor.qti.hardware.servicetracker@1.2-service: killProcess is called for pid : 26554
08-12 22:50:30.882  1013  1013 I vendor.qti.hardware.servicetracker@1.2-service: process with pid 26554 is service
08-12 22:50:30.882  1013  1013 I vendor.qti.hardware.servicetracker@1.2-service: size of client connections for client: com.facebook.katanaafter removal is 1
08-12 22:50:30.882  1726  4643 W ActivityManager: Scheduling restart of crashed service com.facebook.services/com.facebook.oxygen.services.fbns.PreloadedFbnsService in 10818ms for start-requested
08-12 22:50:30.898  1008  1008 I ANDR-PERF-LM: LMPerfGlue: perfmodule_submit_request() 132: perfmodule_submit_request()
08-12 22:50:30.898  1008  1008 I ANDR-PERF-LM: Core: getInstance() 84: LM getInstance
08-12 22:50:30.898  1008  1008 I ANDR-PERF-LM: WQ: push() 59: LMTriggerQ push() size=0
08-12 22:50:30.898  1008  1008 I ANDR-PERF-LM: WQ: push() 61: LMTriggerQ push() done size=1
08-12 22:50:30.899  1008  1043 I ANDR-PERF-LM: WQ: pop() 42: LMTriggerQ pop() done size=0
08-12 22:50:30.899  1008  1043 I ANDR-PERF-LM: Core: lmMain() 381: Calling runAsync for PreKill
08-12 22:50:30.899  1008  1043 I ANDR-PERF-LM: Core: lmMain() 391: runAsync for PreKill returned
08-12 22:50:30.899  1008  1043 I ANDR-PERF-LM: Core: lmMain() 373: Waiting on trigger Queue
08-12 22:50:30.899  1008  1043 I ANDR-PERF-LM: WQ: pop() 31: LMTriggerQ pop() size=0
08-12 22:50:30.899   852   852 I Zygote  : Process 24266 exited due to signal 9 (Killed)
08-12 22:50:30.900  1013  1013 I vendor.qti.hardware.servicetracker@1.2-service: killProcess is called for pid : 24266
08-12 22:50:30.900  1013  1013 I vendor.qti.hardware.servicetracker@1.2-service: process with pid 24266 is service
08-12 22:50:30.900  1013  1013 I vendor.qti.hardware.servicetracker@1.2-service: size of client connections for client: com.twoamgames.StrangeThingsMobileafter removal is 0
08-12 22:50:30.900  1013  1013 I vendor.qti.hardware.servicetracker@1.2-service: process with pid 24266 is client
08-12 22:50:30.900  1013  1013 I vendor.qti.hardware.servicetracker@1.2-service: removing client with pid 24266process namecom.android.vending
08-12 22:50:30.900  1726  2990 W ActivityManager: Scheduling restart of crashed service com.android.vending/com.google.android.finsky.billing.iab.InAppBillingService in 110801ms for connection
08-12 22:50:30.911  4622  4904 W MiuiPerfServiceClient: interceptAndQueuing:2517|com.android.systemui|735|357|unknown|null|StatusBar|9933903268189|Slow main thread|4
08-12 22:50:30.912  4622  4904 I com.miui.daemo: oneway function results will be dropped but finished with status OK and parcel size 4
08-12 22:50:30.917  1008  1008 I ANDR-PERF-LM: LMPerfGlue: perfmodule_submit_request() 132: perfmodule_submit_request()
08-12 22:50:30.917  1008  1008 I ANDR-PERF-LM: Core: getInstance() 84: LM getInstance
08-12 22:50:30.917  1008  1008 I ANDR-PERF-LM: WQ: push() 59: LMTriggerQ push() size=0
08-12 22:50:30.917  1008  1008 I ANDR-PERF-LM: WQ: push() 61: LMTriggerQ push() done size=1
08-12 22:50:30.917  1008  1043 I ANDR-PERF-LM: WQ: pop() 42: LMTriggerQ pop() done size=0
08-12 22:50:30.917  1008  1043 I ANDR-PERF-LM: Core: lmMain() 381: Calling runAsync for PreKill
08-12 22:50:30.918  1008  1043 I ANDR-PERF-LM: Core: lmMain() 391: runAsync for PreKill returned
08-12 22:50:30.918  1008  1043 I ANDR-PERF-LM: Core: lmMain() 373: Waiting on trigger Queue
08-12 22:50:30.918  1008  1043 I ANDR-PERF-LM: WQ: pop() 31: LMTriggerQ pop() size=0
08-12 22:50:30.918  1013  1013 I vendor.qti.hardware.servicetracker@1.2-service: killProcess is called for pid : 27800
08-12 22:50:30.918   852   852 I Zygote  : Process 27800 exited due to signal 9 (Killed)
08-12 22:50:30.921  1726  2123 I Process : PerfMonitor : current process killing process group. PID: 27450
08-12 22:50:30.929 27948 27993 I ShortCutsItem: suggestList size = 0
08-12 22:50:30.936 27948 28024 D IconCustomizer: Content Ratio = 1.2093023
08-12 22:50:30.937 27948 28023 D IconCustomizer: Content Ratio = 1.2093023
08-12 22:50:30.949 27948 28011 D IconCustomizer: Content Ratio = 0.8863636
08-12 22:50:30.952   590   590 D lowmemorykiller: medium pressure event triggered
08-12 22:50:30.953   590   590 D lowmemorykiller: Not killing for medium pressure event trigger
08-12 22:50:30.953 27948 28037 D IconCustomizer: Content Ratio = 0.8863636
08-12 22:50:30.958 27948 28023 D IconCustomizer: Content Ratio = 1.2093023
08-12 22:50:30.962 27948 28024 D IconCustomizer: Content Ratio = 0.8863636
08-12 22:50:30.964  1726  4571 I chatty  : uid=1000(system) Binder:1726_13 expire 2 lines
08-12 22:50:30.964  1008  1008 I ANDR-PERF-LM: LMPerfGlue: perfmodule_submit_request() 132: perfmodule_submit_request()
08-12 22:50:30.964  1008  1008 I ANDR-PERF-LM: Core: getInstance() 84: LM getInstance
08-12 22:50:30.964  1008  1008 I ANDR-PERF-LM: WQ: push() 59: LMTriggerQ push() size=0
08-12 22:50:30.964  1008  1008 I ANDR-PERF-LM: WQ: push() 61: LMTriggerQ push() done size=1
08-12 22:50:30.964  1008  1043 I ANDR-PERF-LM: WQ: pop() 42: LMTriggerQ pop() done size=0
08-12 22:50:30.965  1008  1043 I ANDR-PERF-LM: Core: lmMain() 381: Calling runAsync for PreKill
08-12 22:50:30.965 27948 28037 D IconCustomizer: Content Ratio = 0.8863636
08-12 22:50:30.965  1008  1043 I ANDR-PERF-LM: FeatureState: readState() 162: PreKill: DB: com.android.settings app state = 1
08-12 22:50:30.965  1008  1043 I ANDR-PERF-LM: Core: lmMain() 391: runAsync for PreKill returned
08-12 22:50:30.965  1008  1043 I ANDR-PERF-LM: Core: lmMain() 373: Waiting on trigger Queue
08-12 22:50:30.965  1008  1043 I ANDR-PERF-LM: WQ: pop() 31: LMTriggerQ pop() size=0
08-12 22:50:30.965   852   852 I Zygote  : Process 26933 exited due to signal 9 (Killed)
08-12 22:50:30.966  1013  1013 I vendor.qti.hardware.servicetracker@1.2-service: killProcess is called for pid : 26933
08-12 22:50:30.966  1013  1013 I vendor.qti.hardware.servicetracker@1.2-service: process with pid 26933 is service
08-12 22:50:30.966  1013  1013 I vendor.qti.hardware.servicetracker@1.2-service: process with pid 26933 is client
08-12 22:50:30.966  1013  1013 I vendor.qti.hardware.servicetracker@1.2-service: size of service connections for service: com.google.android.gms/.measurement.service.MeasurementBrokerServiceafter removal is 2
08-12 22:50:30.966  1013  1013 I vendor.qti.hardware.servicetracker@1.2-service: removing client with pid 26933process namecom.android.settings
08-12 22:50:30.966  1726  4510 W ActivityManager: Scheduling restart of crashed service com.android.settings/.connecteddevice.usb.MiUsbService in 120735ms for start-requested
08-12 22:50:30.967   590   590 D lowmemorykiller: medium pressure event polling check
08-12 22:50:30.968   590   590 D lowmemorykiller: Not killing for medium pressure event polling check
08-12 22:50:30.974 27948 28024 D IconCustomizer: Content Ratio = 0.8863636
08-12 22:50:30.976  1726  2093 W ActivityManager: setHasOverlayUi called on unknown pid: 26933
08-12 22:50:30.976 27948 28014 D IconCustomizer: Content Ratio = 0.8863636
08-12 22:50:30.985 27948 28037 D IconCustomizer: Content Ratio = 0.8863636
08-12 22:50:30.989 27948 28023 D IconCustomizer: Content Ratio = 0.8863636
08-12 22:50:31.009 27948 28073 D IconCustomizer: Content Ratio = 1.2892562
08-12 22:50:31.010  2982  6531 I SarService: Receiver polling >>>> Change receiver mode: off
08-12 22:50:31.015  1416 23239 E OMXNodeInstance: !!! Observer died. Quickly, do something, ... anything...
08-12 22:50:31.015  1416 23239 I OMX-VDEC-1080P: omx_vdec::component_deinit() complete
08-12 22:50:31.015  1482  1482 V C2Store : in ~ComponentModule
08-12 22:50:31.015  1482  1482 V C2Store : unloading dll
08-12 22:50:31.017 27948 28074 D IconCustomizer: Content Ratio = 1.2892562
08-12 22:50:31.021 27948 28075 D IconCustomizer: Content Ratio = 1.2892562
08-12 22:50:31.022  1416 23239 I OMX-VDEC-1080P: Exit OMX vdec Destructor: fd=7
08-12 22:50:31.030 27948 28076 D IconCustomizer: Content Ratio = 1.2892562
08-12 22:50:31.034  1402  2786 E mediaserver: unlinkToDeath: removed reference to death recipient but unlink failed.
08-12 22:50:31.035  1008  1008 I ANDR-PERF-LM: LMPerfGlue: perfmodule_submit_request() 132: perfmodule_submit_request()
08-12 22:50:31.035  1008  1008 I ANDR-PERF-LM: Core: getInstance() 84: LM getInstance
08-12 22:50:31.035  1008  1008 I ANDR-PERF-LM: WQ: push() 59: LMTriggerQ push() size=0
08-12 22:50:31.035  1008  1008 I ANDR-PERF-LM: WQ: push() 61: LMTriggerQ push() done size=1
08-12 22:50:31.035  1402  2786 E IPCThreadState: attemptIncStrongHandle(1): Not supported
08-12 22:50:31.035  1008  1043 I ANDR-PERF-LM: WQ: pop() 42: LMTriggerQ pop() done size=0
08-12 22:50:31.035  1008  1043 I ANDR-PERF-LM: Core: lmMain() 381: Calling runAsync for PreKill
08-12 22:50:31.035  1008  1043 I ANDR-PERF-LM: FeatureState: readState() 162: PreKill: DB: com.facebook.katana app state = 0
08-12 22:50:31.035  1008  1043 I ANDR-PERF-LM: Core: lmMain() 391: runAsync for PreKill returned
08-12 22:50:31.035  1008  1043 I ANDR-PERF-LM: Core: lmMain() 373: Waiting on trigger Queue
08-12 22:50:31.035  1008  1043 I ANDR-PERF-LM: WQ: pop() 31: LMTriggerQ pop() size=0
08-12 22:50:31.040  1013  1013 I vendor.qti.hardware.servicetracker@1.2-service: killProcess is called for pid : 27450
08-12 22:50:31.040  1013  1013 I vendor.qti.hardware.servicetracker@1.2-service: process with pid 27450 is service
08-12 22:50:31.040  1013  1013 I vendor.qti.hardware.servicetracker@1.2-service: size of client connections for client: com.facebook.katanaafter removal is 0
08-12 22:50:31.040  1013  1013 I vendor.qti.hardware.servicetracker@1.2-service: process with pid 27450 is client
08-12 22:50:31.040  1013  1013 I vendor.qti.hardware.servicetracker@1.2-service: removing client with pid 27450process namecom.facebook.katana
08-12 22:50:31.041  1013  1013 I vendor.qti.hardware.servicetracker@1.2-service: destroyService is called for service : com.facebook.katana/com.facebook.video.heroplayer.service.MainProcHeroService
08-12 22:50:31.045   852   852 I Zygote  : Process 27450 exited due to signal 9 (Killed)
08-12 22:50:31.048 27948 27993 I ShortCutsItem: drop size = 10 result = [{"actionType":"native","actionUrl":"","category":"recentInstalled","originPos":-1,"packageName":"com.twoamgames.StrangeThingsMobile","title":"","type":"app"},{"actionType":"native","actionUrl":"","category":"recentInstalled","originPos":-1,"packageName":"com.android.settings","title":"","type":"app"},{"actionType":"native","actionUrl":"","category":"recentInstalled","originPos":-1,"packageName":"com.nu.production","title":"","type":"app"},{"actionType":"native","actionUrl":"","category":"recentInstalled","originPos":-1,"packageName":"com.odete.playersbank","title":"","type":"app"},{"actionType":"native","actionUrl":"","category":"recentInstalled","originPos":-1,"packageName":"com.google.android.youtube","title":"","type":"app"}]
08-12 22:50:31.049  1726  2123 I Process : PerfMonitor : current process killing process group. PID: 26554
08-12 22:50:31.050  1726  2123 I Process : PerfMonitor : current process killing process group. PID: 27841
08-12 22:50:31.050  1726  2123 I chatty  : uid=1000(system) ActivityManager expire 13 lines
08-12 22:50:31.050  1726  2123 I Process : PerfMonitor : current process killing process group. PID: 26933
08-12 22:50:31.050  1726  2123 I Process : PerfMonitor : current process killing process group. PID: 27610
08-12 22:50:31.050  1726  2123 I Process : PerfMonitor : current process killing process group. PID: 27635
08-12 22:50:31.050  1726  2123 I Process : PerfMonitor : current process killing process group. PID: 27017
08-12 22:50:31.050  1726  2123 I Process : PerfMonitor : current process killing process group. PID: 26610
08-12 22:50:31.051  1726  2123 I Process : PerfMonitor : current process killing process group. PID: 26103
08-12 22:50:31.051  1726  2123 I Process : PerfMonitor : current process killing process group. PID: 15081
08-12 22:50:31.051  1726  2123 I Process : PerfMonitor : current process killing process group. PID: 15290
08-12 22:50:31.051  1726  2123 I Process : PerfMonitor : current process killing process group. PID: 15196
08-12 22:50:31.051  1726  2123 I Process : PerfMonitor : current process killing process group. PID: 15266
08-12 22:50:31.051  1726  2123 I Process : PerfMonitor : current process killing process group. PID: 15245
08-12 22:50:31.051  1726  2123 I Process : PerfMonitor : current process killing process group. PID: 15041
08-12 22:50:31.069 25111 27884 D UE4     : [2022.08.13-01.50.31:069][935]LogTcpMessaging: Lost node 'EF8D8E4B436849227EBF06846FD4B664' on connection '127.0.0.1:41927'...
08-12 22:50:31.072   590   590 D lowmemorykiller: medium pressure event polling check
08-12 22:50:31.072   590   590 D lowmemorykiller: Not killing for medium pressure event polling check
08-12 22:50:31.122   982   982 E qdlights: set backlight level :path = /sys/class/backlight/panel0-backlight/brightness, value = 569
08-12 22:50:31.124 27948 27963 W System  : A resource failed to call close. 
08-12 22:50:31.126 27948 27994 D IconCustomizer: Content Ratio = 0.8863636
08-12 22:50:31.131 27948 28023 D IconCustomizer: Content Ratio = 0.8863636
08-12 22:50:31.134 27948 28014 D IconCustomizer: Content Ratio = 0.8863636
08-12 22:50:31.135 27948 28024 D IconCustomizer: Content Ratio = 0.8863636
08-12 22:50:31.136 27948 28011 D IconCustomizer: Content Ratio = 0.8863636
08-12 22:50:31.147 27948 27993 D IconCustomizer: Content Ratio = 0.8863636
08-12 22:50:31.149 27948 28037 D IconCustomizer: Content Ratio = 0.8863636
08-12 22:50:31.150 27948 27994 D IconCustomizer: Content Ratio = 0.8863636
08-12 22:50:31.153  2720  2720 E QuickstepAppTransitionManagerImpl: getActivityLaunchOptions   iconLoc=Rect(0, 0 - 0, 0)
08-12 22:50:31.157  1726  2093 I chatty  : uid=1000(system) android.display expire 4 lines
08-12 22:50:31.157   591   591 E SELinux : avc:  denied  { find } for pid=2720 uid=10094 name=miui.mirror_app_service scontext=u:r:platform_app:s0:c512,c768 tcontext=u:object_r:default_android_service:s0 tclass=service_manager permissive=0
08-12 22:50:31.160  1008  1008 I ANDR-PERF-LM: LMPerfGlue: perfmodule_submit_request() 132: perfmodule_submit_request()
08-12 22:50:31.160  1008  1008 I ANDR-PERF-LM: Core: getInstance() 84: LM getInstance
08-12 22:50:31.160  1008  1008 I ANDR-PERF-LM: WQ: push() 59: LMTriggerQ push() size=0
08-12 22:50:31.160  1008  1008 I ANDR-PERF-LM: WQ: push() 61: LMTriggerQ push() done size=1
08-12 22:50:31.160  1008  1043 I ANDR-PERF-LM: WQ: pop() 42: LMTriggerQ pop() done size=0
08-12 22:50:31.160  1008  1043 I ANDR-PERF-LM: Core: lmMain() 381: Calling runAsync for GameOptimization
08-12 22:50:31.160  1008  1043 D ANDR-PERF-LM: Feature: lookup() 101: Feature Name = AppClassifier, total featuers = 4, featureFound = 1
08-12 22:50:31.161  1008  1043 D ANDR-PERF-LM: Feature: getData() 112: data.data = 0
08-12 22:50:31.161  1726  4564 I chatty  : uid=1000(system) Binder:1726_12 expire 5 lines
08-12 22:50:31.161  1008  1008 I ANDR-PERF-LM: LMPerfGlue: perfmodule_submit_request() 132: perfmodule_submit_request()
08-12 22:50:31.161  1008  1008 I ANDR-PERF-LM: Core: getInstance() 84: LM getInstance
08-12 22:50:31.161  1008  1008 I ANDR-PERF-LM: WQ: push() 59: LMTriggerQ push() size=0
08-12 22:50:31.161  1008  1008 I ANDR-PERF-LM: WQ: push() 61: LMTriggerQ push() done size=1
08-12 22:50:31.161  1013  1013 I vendor.qti.hardware.servicetracker@1.2-service: Activity state is changed to : 2
08-12 22:50:31.162  1013  1013 I vendor.qti.hardware.servicetracker@1.2-service: Activity state is changed to : 3
08-12 22:50:31.162  1013  1013 I vendor.qti.hardware.servicetracker@1.2-service: Activity state is changed to : 3
08-12 22:50:31.162   849   884 E statsd  : DurationMetric 2258810225604521452 dropping data for what dimension key (10)0x2010101->10127[I] (10)0x30000->*launch*[S] 
08-12 22:50:31.162  1008  1043 I ANDR-PERF-LM: Core: lmMain() 391: runAsync for GameOptimization returned
08-12 22:50:31.163   849   884 E statsd  : DurationMetric 1892220958478332972 dropping data for what dimension key (10)0x2010101->10127[I] (10)0x30000->*launch*[S] 
08-12 22:50:31.163  1008  1043 I ANDR-PERF-LM: Core: lmMain() 373: Waiting on trigger Queue
08-12 22:50:31.163  1008  1043 I ANDR-PERF-LM: WQ: pop() 31: LMTriggerQ pop() size=1
08-12 22:50:31.163  1008  1043 I ANDR-PERF-LM: WQ: pop() 42: LMTriggerQ pop() done size=0
08-12 22:50:31.163  1008  1043 I ANDR-PERF-LM: Core: lmMain() 381: Calling runAsync for GameOptimization
08-12 22:50:31.163  1008  1043 D ANDR-PERF-LM: Feature: lookup() 101: Feature Name = AppClassifier, total featuers = 4, featureFound = 1
08-12 22:50:31.164  1008  1043 D ANDR-PERF-LM: Feature: getData() 112: data.data = 0
08-12 22:50:31.164  1008  1043 I ANDR-PERF-LM: Core: lmMain() 391: runAsync for GameOptimization returned
08-12 22:50:31.164  1008  1043 I ANDR-PERF-LM: Core: lmMain() 373: Waiting on trigger Queue
08-12 22:50:31.164  1008  1043 I ANDR-PERF-LM: WQ: pop() 31: LMTriggerQ pop() size=0
08-12 22:50:31.166 27948 27993 D IconCustomizer: Content Ratio = 0.8863636
08-12 22:50:31.168  1284  1284 I perfetto: ing_service_impl.cc:758 Configured tracing session 58, #sources:1, duration:5000 ms, #buffers:1, total buffer size:4096 KB, total sessions:2, uid:1071 session name: ""
08-12 22:50:31.169  1283  1283 I perfetto: probes_producer.cc:230  Ftrace setup (target_buf=58)
08-12 22:50:31.173   590   590 D lowmemorykiller: medium pressure event polling check
08-12 22:50:31.173 27948 28014 D IconCustomizer: Content Ratio = 0.8863636
08-12 22:50:31.173   590   590 D lowmemorykiller: Not killing for medium pressure event polling check
08-12 22:50:31.175 27948 28024 D IconCustomizer: Content Ratio = 0.8863636
08-12 22:50:31.179  2720  2720 D Launcher.Lifecycle: onPause:UserHandle{0},a78917,true
08-12 22:50:31.179  2720  2720 D Launcher_UnlockAnimationStateMachine: setState:PAUSE_WAIT
08-12 22:50:31.179 27948 28023 D IconCustomizer: Content Ratio = 0.8863636
08-12 22:50:31.181 27948 28073 D IconCustomizer: Content Ratio = 1.2892562
08-12 22:50:31.183  1013  1030 I vendor.qti.hardware.servicetracker@1.2-service: Activity state is changed to : 4
08-12 22:50:31.183  1013  1030 I vendor.qti.hardware.servicetracker@1.2-service: Activity state is changed to : 4
08-12 22:50:31.184  1008  1008 I ANDR-PERF-LM: LMPerfGlue: perfmodule_submit_request() 132: perfmodule_submit_request()
08-12 22:50:31.184  1008  1008 I ANDR-PERF-LM: Core: getInstance() 84: LM getInstance
08-12 22:50:31.184  1008  1008 I ANDR-PERF-LM: WQ: push() 59: LMTriggerQ push() size=0
08-12 22:50:31.184  1008  1008 I ANDR-PERF-LM: WQ: push() 61: LMTriggerQ push() done size=1
08-12 22:50:31.184  1013  1030 I vendor.qti.hardware.servicetracker@1.2-service: Activity state is changed to : 2
08-12 22:50:31.184  1008  1043 I ANDR-PERF-LM: WQ: pop() 42: LMTriggerQ pop() done size=0
08-12 22:50:31.184  1008  1043 I ANDR-PERF-LM: Core: lmMain() 381: Calling runAsync for GameOptimization
08-12 22:50:31.184  1008  1043 D ANDR-PERF-LM: Feature: lookup() 101: Feature Name = AppClassifier, total featuers = 4, featureFound = 1
08-12 22:50:31.184  1008  1043 D ANDR-PERF-LM: Feature: getData() 112: data.data = 0
08-12 22:50:31.185  1008  1043 I ANDR-PERF-LM: Core: lmMain() 391: runAsync for GameOptimization returned
08-12 22:50:31.185  1008  1043 I ANDR-PERF-LM: Core: lmMain() 373: Waiting on trigger Queue
08-12 22:50:31.185  1008  1043 I ANDR-PERF-LM: WQ: pop() 31: LMTriggerQ pop() size=0
08-12 22:50:31.185  1013  1013 I vendor.qti.hardware.servicetracker@1.2-service: Activity state is changed to : 2
08-12 22:50:31.186 27948 28011 D IconCustomizer: Content Ratio = 0.8863636
08-12 22:50:31.187 27948 28074 D IconCustomizer: Content Ratio = 1.2892562
08-12 22:50:31.188  1726  2990 I chatty  : uid=1000(system) Binder:1726_A expire 8 lines
08-12 22:50:31.190 11314 28068 I GST     : forePkg: com.twoamgames.StrangeThingsMobile, preForePkg: com.miui.home
08-12 22:50:31.190  1726  4527 I Timeline: Timeline: App_transition_ready time:9934508
08-12 22:50:31.192 11354 11456 I ThermalInfoCollector: collectForgroundAppsInfo
08-12 22:50:31.192  4199 28069 I ProcessMonitor: onForegroundInfoChanged: ForegroundInfo{mForegroundPackageName='com.twoamgames.StrangeThingsMobile', mForegroundUid=10127, mForegroundPid=25111, mLastForegroundPackageName='com.miui.home', mLastForegroundUid=10094, mLastForegroundPid=2720, mMultiWindowForegroundPackageName='null', mMultiWindowForegroundUid=-1, mFlags=0}
08-12 22:50:31.193 11354 11378 D PerfEngineController: ForegroundInfo{mForegroundPackageName='com.twoamgames.StrangeThingsMobile', mForegroundUid=10127, mForegroundPid=25111, mLastForegroundPackageName='com.miui.home', mLastForegroundUid=10094, mLastForegroundPid=2720, mMultiWindowForegroundPackageName='null', mMultiWindowForegroundUid=-1, mFlags=0}
08-12 22:50:31.193 27394 27412 D AutoInstallService: onForegroundInfoChanged: com.twoamgames.StrangeThingsMobile
08-12 22:50:31.194  4199 28069 I GameBoosterService: onForegroundInfoChanged: Cur=com.twoamgames.StrangeThingsMobile	 last=com.miui.home
08-12 22:50:31.194  2720  2720 D Launcher.Lifecycle: onWindowFocusChanged:false,UserHandle{0},a78917,true
